C:/Users/lfnin/OneDrive/Documents/Studies/Embedded Systems/8. Embedded_Expert_IO/6. Phase2/10. FOTA_Wifi_AWS/P4_STM32_Bootloader_FOTA_WiFi_TLS_AWS/F4_chip_headers/CMSIS/Include/core_cm4.h:1688:22:__NVIC_EnableIRQ	16	static
../Src/uart.c:26:5:__io_putchar	16	static
../Src/uart.c:34:6:debug_uart_init	8	static
../Src/uart.c:92:6:esp_uart_init	8	static
../Src/uart.c:142:13:uart1_write	16	static
../Src/uart.c:151:13:uart2_write	16	static
../Src/uart.c:161:17:compute_uart_bd	16	static
../Src/uart.c:166:13:uart_set_baudrate	16	static
