../Src/sd_card_driver.c:25:13:slave_select	8	static
../Src/sd_card_driver.c:35:13:slave_deselect	8	static
../Src/sd_card_driver.c:45:13:sd_spi_tx_byte	16	static
../Src/sd_card_driver.c:55:13:sd_spi_tx_buff	16	static
../Src/sd_card_driver.c:64:16:sd_spi_rx_byte	16	static
../Src/sd_card_driver.c:88:13:sd_spi_rx_byte_ptr	16	static
../Src/sd_card_driver.c:93:13:sd_pwr_on	24	static
../Src/sd_card_driver.c:141:13:sd_pwr_off	4	static
../Src/sd_card_driver.c:147:16:sd_get_pwr	4	static
../Src/sd_card_driver.c:156:16:sd_rdy_wait	16	static
../Src/sd_card_driver.c:171:13:sd_spi_rx_data_blk	24	static
../Src/sd_card_driver.c:196:13:sd_spi_tx_data_blk	24	static
../Src/sd_card_driver.c:242:16:sd_send_cmd	24	static
../Src/sd_card_driver.c:298:9:sd_disk_init	48	static
../Src/sd_card_driver.c:435:9:sd_disk_read	24	static
../Src/sd_card_driver.c:492:9:sd_disk_write	24	static
../Src/sd_card_driver.c:572:9:sd_disk_ioctl	56	static
../Src/sd_card_driver.c:688:9:sd_disk_status	16	static
