Archive member included to satisfy reference by file (symbol)

C:/ST/STM32CubeIDE_1.18.1/STM32CubeIDE/plugins/com.st.stm32cube.ide.mcu.externaltools.gnu-tools-for-stm32.13.3.rel1.win32_1.0.0.202411081344/tools/bin/../lib/gcc/arm-none-eabi/13.3.1/../../../../arm-none-eabi/lib/thumb/v7e-m+fp/hard\libc_nano.a(libc_a-exit.o)
                              C:/ST/STM32CubeIDE_1.18.1/STM32CubeIDE/plugins/com.st.stm32cube.ide.mcu.externaltools.gnu-tools-for-stm32.13.3.rel1.win32_1.0.0.202411081344/tools/bin/../lib/gcc/arm-none-eabi/13.3.1/../../../../arm-none-eabi/lib/thumb/v7e-m+fp/hard/crt0.o (exit)
C:/ST/STM32CubeIDE_1.18.1/STM32CubeIDE/plugins/com.st.stm32cube.ide.mcu.externaltools.gnu-tools-for-stm32.13.3.rel1.win32_1.0.0.202411081344/tools/bin/../lib/gcc/arm-none-eabi/13.3.1/../../../../arm-none-eabi/lib/thumb/v7e-m+fp/hard\libc_nano.a(libc_a-findfp.o)
                              C:/ST/STM32CubeIDE_1.18.1/STM32CubeIDE/plugins/com.st.stm32cube.ide.mcu.externaltools.gnu-tools-for-stm32.13.3.rel1.win32_1.0.0.202411081344/tools/bin/../lib/gcc/arm-none-eabi/13.3.1/../../../../arm-none-eabi/lib/thumb/v7e-m+fp/hard\libc_nano.a(libc_a-exit.o) (__stdio_exit_handler)
C:/ST/STM32CubeIDE_1.18.1/STM32CubeIDE/plugins/com.st.stm32cube.ide.mcu.externaltools.gnu-tools-for-stm32.13.3.rel1.win32_1.0.0.202411081344/tools/bin/../lib/gcc/arm-none-eabi/13.3.1/../../../../arm-none-eabi/lib/thumb/v7e-m+fp/hard\libc_nano.a(libc_a-fwalk.o)
                              C:/ST/STM32CubeIDE_1.18.1/STM32CubeIDE/plugins/com.st.stm32cube.ide.mcu.externaltools.gnu-tools-for-stm32.13.3.rel1.win32_1.0.0.202411081344/tools/bin/../lib/gcc/arm-none-eabi/13.3.1/../../../../arm-none-eabi/lib/thumb/v7e-m+fp/hard\libc_nano.a(libc_a-findfp.o) (_fwalk_sglue)
C:/ST/STM32CubeIDE_1.18.1/STM32CubeIDE/plugins/com.st.stm32cube.ide.mcu.externaltools.gnu-tools-for-stm32.13.3.rel1.win32_1.0.0.202411081344/tools/bin/../lib/gcc/arm-none-eabi/13.3.1/../../../../arm-none-eabi/lib/thumb/v7e-m+fp/hard\libc_nano.a(libc_a-snprintf.o)
                              ./Src/esp32_client.o (snprintf)
C:/ST/STM32CubeIDE_1.18.1/STM32CubeIDE/plugins/com.st.stm32cube.ide.mcu.externaltools.gnu-tools-for-stm32.13.3.rel1.win32_1.0.0.202411081344/tools/bin/../lib/gcc/arm-none-eabi/13.3.1/../../../../arm-none-eabi/lib/thumb/v7e-m+fp/hard\libc_nano.a(libc_a-sprintf.o)
                              ./Src/esp32_lib.o (sprintf)
C:/ST/STM32CubeIDE_1.18.1/STM32CubeIDE/plugins/com.st.stm32cube.ide.mcu.externaltools.gnu-tools-for-stm32.13.3.rel1.win32_1.0.0.202411081344/tools/bin/../lib/gcc/arm-none-eabi/13.3.1/../../../../arm-none-eabi/lib/thumb/v7e-m+fp/hard\libc_nano.a(libc_a-stdio.o)
                              C:/ST/STM32CubeIDE_1.18.1/STM32CubeIDE/plugins/com.st.stm32cube.ide.mcu.externaltools.gnu-tools-for-stm32.13.3.rel1.win32_1.0.0.202411081344/tools/bin/../lib/gcc/arm-none-eabi/13.3.1/../../../../arm-none-eabi/lib/thumb/v7e-m+fp/hard\libc_nano.a(libc_a-findfp.o) (__sread)
C:/ST/STM32CubeIDE_1.18.1/STM32CubeIDE/plugins/com.st.stm32cube.ide.mcu.externaltools.gnu-tools-for-stm32.13.3.rel1.win32_1.0.0.202411081344/tools/bin/../lib/gcc/arm-none-eabi/13.3.1/../../../../arm-none-eabi/lib/thumb/v7e-m+fp/hard\libc_nano.a(libc_a-memset.o)
                              C:/ST/STM32CubeIDE_1.18.1/STM32CubeIDE/plugins/com.st.stm32cube.ide.mcu.externaltools.gnu-tools-for-stm32.13.3.rel1.win32_1.0.0.202411081344/tools/bin/../lib/gcc/arm-none-eabi/13.3.1/../../../../arm-none-eabi/lib/thumb/v7e-m+fp/hard/crt0.o (memset)
C:/ST/STM32CubeIDE_1.18.1/STM32CubeIDE/plugins/com.st.stm32cube.ide.mcu.externaltools.gnu-tools-for-stm32.13.3.rel1.win32_1.0.0.202411081344/tools/bin/../lib/gcc/arm-none-eabi/13.3.1/../../../../arm-none-eabi/lib/thumb/v7e-m+fp/hard\libc_nano.a(libc_a-strncmp.o)
                              ./Src/fota_processor.o (strncmp)
C:/ST/STM32CubeIDE_1.18.1/STM32CubeIDE/plugins/com.st.stm32cube.ide.mcu.externaltools.gnu-tools-for-stm32.13.3.rel1.win32_1.0.0.202411081344/tools/bin/../lib/gcc/arm-none-eabi/13.3.1/../../../../arm-none-eabi/lib/thumb/v7e-m+fp/hard\libc_nano.a(libc_a-closer.o)
                              C:/ST/STM32CubeIDE_1.18.1/STM32CubeIDE/plugins/com.st.stm32cube.ide.mcu.externaltools.gnu-tools-for-stm32.13.3.rel1.win32_1.0.0.202411081344/tools/bin/../lib/gcc/arm-none-eabi/13.3.1/../../../../arm-none-eabi/lib/thumb/v7e-m+fp/hard\libc_nano.a(libc_a-stdio.o) (_close_r)
C:/ST/STM32CubeIDE_1.18.1/STM32CubeIDE/plugins/com.st.stm32cube.ide.mcu.externaltools.gnu-tools-for-stm32.13.3.rel1.win32_1.0.0.202411081344/tools/bin/../lib/gcc/arm-none-eabi/13.3.1/../../../../arm-none-eabi/lib/thumb/v7e-m+fp/hard\libc_nano.a(libc_a-reent.o)
                              C:/ST/STM32CubeIDE_1.18.1/STM32CubeIDE/plugins/com.st.stm32cube.ide.mcu.externaltools.gnu-tools-for-stm32.13.3.rel1.win32_1.0.0.202411081344/tools/bin/../lib/gcc/arm-none-eabi/13.3.1/../../../../arm-none-eabi/lib/thumb/v7e-m+fp/hard\libc_nano.a(libc_a-closer.o) (errno)
[...]
Memory Configuration

Name             Origin             Length             Attributes
RAM              0x20000000         0x00018000         xrw
FLASH            0x08000000         0x00080000         xr
*default*        0x00000000         0xffffffff

Linker script and memory map

LOAD C:/ST/STM32CubeIDE_1.18.1/STM32CubeIDE/plugins/com.st.stm32cube.ide.mcu.externaltools.gnu-tools-for-stm32.13.3.rel1.win32_1.0.0.202411081344/tools/bin/../lib/gcc/arm-none-eabi/13.3.1/thumb/v7e-m+fp/hard/crti.o
LOAD C:/ST/STM32CubeIDE_1.18.1/STM32CubeIDE/plugins/com.st.stm32cube.ide.mcu.externaltools.gnu-tools-for-stm32.13.3.rel1.win32_1.0.0.202411081344/tools/bin/../lib/gcc/arm-none-eabi/13.3.1/thumb/v7e-m+fp/hard/crtbegin.o
LOAD C:/ST/STM32CubeIDE_1.18.1/STM32CubeIDE/plugins/com.st.stm32cube.ide.mcu.externaltools.gnu-tools-for-stm32.13.3.rel1.win32_1.0.0.202411081344/tools/bin/../lib/gcc/arm-none-eabi/13.3.1/../../../../arm-none-eabi/lib/thumb/v7e-m+fp/hard/crt0.o
LOAD ./Src/adc.o
LOAD ./Src/bsp.o
LOAD ./Src/circular_buffer.o
LOAD ./Src/esp32_client.o
LOAD ./Src/esp32_lib.o
LOAD ./Src/flash_driver.o
LOAD ./Src/fota_processor.o
LOAD ./Src/fpu.o
LOAD ./Src/main.o
LOAD ./Src/spi.o
LOAD ./Src/syscalls.o
LOAD ./Src/sysmem.o
LOAD ./Src/timebase.o
LOAD ./Src/uart.o
LOAD ./Startup/startup_stm32f401retx.o
START GROUP
LOAD C:/ST/STM32CubeIDE_1.18.1/STM32CubeIDE/plugins/com.st.stm32cube.ide.mcu.externaltools.gnu-tools-for-stm32.13.3.rel1.win32_1.0.0.202411081344/tools/bin/../lib/gcc/arm-none-eabi/13.3.1/../../../../arm-none-eabi/lib/thumb/v7e-m+fp/hard\libc_nano.a
LOAD C:/ST/STM32CubeIDE_1.18.1/STM32CubeIDE/plugins/com.st.stm32cube.ide.mcu.externaltools.gnu-tools-for-stm32.13.3.rel1.win32_1.0.0.202411081344/tools/bin/../lib/gcc/arm-none-eabi/13.3.1/../../../../arm-none-eabi/lib/thumb/v7e-m+fp/hard\libm.a
END GROUP
START GROUP
LOAD C:/ST/STM32CubeIDE_1.18.1/STM32CubeIDE/plugins/com.st.stm32cube.ide.mcu.externaltools.gnu-tools-for-stm32.13.3.rel1.win32_1.0.0.202411081344/tools/bin/../lib/gcc/arm-none-eabi/13.3.1/thumb/v7e-m+fp/hard\libgcc.a
LOAD C:/ST/STM32CubeIDE_1.18.1/STM32CubeIDE/plugins/com.st.stm32cube.ide.mcu.externaltools.gnu-tools-for-stm32.13.3.rel1.win32_1.0.0.202411081344/tools/bin/../lib/gcc/arm-none-eabi/13.3.1/../../../../arm-none-eabi/lib/thumb/v7e-m+fp/hard\libc_nano.a
END GROUP
START GROUP
LOAD C:/ST/STM32CubeIDE_1.18.1/STM32CubeIDE/plugins/com.st.stm32cube.ide.mcu.externaltools.gnu-tools-for-stm32.13.3.rel1.win32_1.0.0.202411081344/tools/bin/../lib/gcc/arm-none-eabi/13.3.1/thumb/v7e-m+fp/hard\libgcc.a
LOAD C:/ST/STM32CubeIDE_1.18.1/STM32CubeIDE/plugins/com.st.stm32cube.ide.mcu.externaltools.gnu-tools-for-stm32.13.3.rel1.win32_1.0.0.202411081344/tools/bin/../lib/gcc/arm-none-eabi/13.3.1/../../../../arm-none-eabi/lib/thumb/v7e-m+fp/hard\libc_nano.a
LOAD C:/ST/STM32CubeIDE_1.18.1/STM32CubeIDE/plugins/com.st.stm32cube.ide.mcu.externaltools.gnu-tools-for-stm32.13.3.rel1.win32_1.0.0.202411081344/tools/bin/../lib/gcc/arm-none-eabi/13.3.1/../../../../arm-none-eabi/lib/thumb/v7e-m+fp/hard\libnosys.a
END GROUP
START GROUP
LOAD C:/ST/STM32CubeIDE_1.18.1/STM32CubeIDE/plugins/com.st.stm32cube.ide.mcu.externaltools.gnu-tools-for-stm32.13.3.rel1.win32_1.0.0.202411081344/tools/bin/../lib/gcc/arm-none-eabi/13.3.1/thumb/v7e-m+fp/hard\libgcc.a
LOAD C:/ST/STM32CubeIDE_1.18.1/STM32CubeIDE/plugins/com.st.stm32cube.ide.mcu.externaltools.gnu-tools-for-stm32.13.3.rel1.win32_1.0.0.202411081344/tools/bin/../lib/gcc/arm-none-eabi/13.3.1/../../../../arm-none-eabi/lib/thumb/v7e-m+fp/hard\libc_nano.a
LOAD C:/ST/STM32CubeIDE_1.18.1/STM32CubeIDE/plugins/com.st.stm32cube.ide.mcu.externaltools.gnu-tools-for-stm32.13.3.rel1.win32_1.0.0.202411081344/tools/bin/../lib/gcc/arm-none-eabi/13.3.1/../../../../arm-none-eabi/lib/thumb/v7e-m+fp/hard\libnosys.a
END GROUP
LOAD C:/ST/STM32CubeIDE_1.18.1/STM32CubeIDE/plugins/com.st.stm32cube.ide.mcu.externaltools.gnu-tools-for-stm32.13.3.rel1.win32_1.0.0.202411081344/tools/bin/../lib/gcc/arm-none-eabi/13.3.1/thumb/v7e-m+fp/hard/crtend.o
LOAD C:/ST/STM32CubeIDE_1.18.1/STM32CubeIDE/plugins/com.st.stm32cube.ide.mcu.externaltools.gnu-tools-for-stm32.13.3.rel1.win32_1.0.0.202411081344/tools/bin/../lib/gcc/arm-none-eabi/13.3.1/thumb/v7e-m+fp/hard/crtn.o
                0x20018000                        _estack = (ORIGIN (RAM) + LENGTH (RAM))
                0x00000200                        _Min_Heap_Size = 0x200
                0x00000400                        _Min_Stack_Size = 0x400

.isr_vector     0x08000000      0x194
                0x08000000                        . = ALIGN (0x4)
 *(.isr_vector)
 .isr_vector    0x08000000      0x194 ./Startup/startup_stm32f401retx.o
                0x08000000                g_pfnVectors
                0x08000194                        . = ALIGN (0x4)

.text           0x080001a0     0x24b0
                0x080001a0                        . = ALIGN (0x4)
 *(.text)
 .text          0x080001a0       0x40 C:/ST/STM32CubeIDE_1.18.1/STM32CubeIDE/plugins/com.st.stm32cube.ide.mcu.externaltools.gnu-tools-for-stm32.13.3.rel1.win32_1.0.0.202411081344/tools/bin/../lib/gcc/arm-none-eabi/13.3.1/thumb/v7e-m+fp/hard/crtbegin.o
 .text          0x080001e0       0x10 C:/ST/STM32CubeIDE_1.18.1/STM32CubeIDE/plugins/com.st.stm32cube.ide.mcu.externaltools.gnu-tools-for-stm32.13.3.rel1.win32_1.0.0.202411081344/tools/bin/../lib/gcc/arm-none-eabi/13.3.1/../../../../arm-none-eabi/lib/thumb/v7e-m+fp/hard\libc_nano.a(libc_a-strlen.o)
                0x080001e0                strlen
 .text          0x080001f0       0xa0 C:/ST/STM32CubeIDE_1.18.1/STM32CubeIDE/plugins/com.st.stm32cube.ide.mcu.externaltools.gnu-tools-for-stm32.13.3.rel1.win32_1.0.0.202411081344/tools/bin/../lib/gcc/arm-none-eabi/13.3.1/../../../../arm-none-eabi/lib/thumb/v7e-m+fp/hard\libc_nano.a(libc_a-memchr.o)
                0x080001f0                memchr
 *(.text*)
 .text.pa1_adc_init
                0x08000290       0x64 ./Src/adc.o
                0x08000290                pa1_adc_init
 .text.start_conversion
                0x080002f4       0x2c ./Src/adc.o
                0x080002f4                start_conversion
 .text.led_init
                0x08000320       0x3c ./Src/bsp.o
                0x08000320                led_init
 .text.button_init
                0x0800035c       0x3c ./Src/bsp.o
                0x0800035c                button_init
 .text.get_btn_state
                0x08000398       0x24 ./Src/bsp.o
                0x08000398                get_btn_state
 .text.circular_buffer_init
                0x080003bc       0x68 ./Src/circular_buffer.o
                0x080003bc                circular_buffer_init
 .text.buff_store_char
                0x08000424       0x68 ./Src/circular_buffer.o
 .text.buffer_clear
                0x0800048c       0x88 ./Src/circular_buffer.o
                0x0800048c                buffer_clear
 .text.buffer_peek
                0x08000514       0x98 ./Src/circular_buffer.o
                0x08000514                buffer_peek
 .text.buffer_read
                0x080005ac      0x10c ./Src/circular_buffer.o
                0x080005ac                buffer_read
 .text.buffer_write
                0x080006b8      0x108 ./Src/circular_buffer.o
                0x080006b8                buffer_write
 .text.is_data  0x080007c0       0x9c ./Src/circular_buffer.o
                0x080007c0                is_data
 .text.get_first_char
                0x0800085c       0x7c ./Src/circular_buffer.o
 .text.is_response
                0x080008d8       0x72 ./Src/circular_buffer.o
                0x080008d8                is_response
 .text.buffer_send_string
                0x0800094a       0x32 ./Src/circular_buffer.o
                0x0800094a                buffer_send_string
 .text.slave_dev_uart_callback
                0x0800097c       0xc8 ./Src/circular_buffer.o
                0x0800097c                slave_dev_uart_callback
 .text.debug_uart_callback
                0x08000a44       0xc8 ./Src/circular_buffer.o
                0x08000a44                debug_uart_callback
 .text.process_copy
                0x08000b0c      0x128 ./Src/circular_buffer.o
 .text.copy_up_to_string
                0x08000c34       0x1e ./Src/circular_buffer.o
                0x08000c34                copy_up_to_string
 .text.USART2_IRQHandler
                0x08000c52        0xc ./Src/circular_buffer.o
                0x08000c52                USART2_IRQHandler
 .text.USART1_IRQHandler
                0x08000c5e        0xc ./Src/circular_buffer.o
                0x08000c5e                USART1_IRQHandler
 *fill*         0x08000c6a        0x2 
 .text.esp32_client_get_file
                0x08000c6c      0x148 ./Src/esp32_client.o
                0x08000c6c                esp32_client_get_file
 .text.esp32_init
                0x08000db4       0x60 ./Src/esp32_lib.o
                0x08000db4                esp32_init
 .text.esp32_startup_test
                0x08000e14       0x38 ./Src/esp32_lib.o
 .text.esp32_reset
                0x08000e4c       0x40 ./Src/esp32_lib.o
 .text.esp32_sta_mode
                0x08000e8c       0x38 ./Src/esp32_lib.o
 .text.esp32_ap_connect
                0x08000ec4       0x74 ./Src/esp32_lib.o
 .text.flash_ex_erase
                0x08000f38       0xc0 ./Src/flash_driver.o
                0x08000f38                flash_ex_erase
 .text.flash_sector_erase
                0x08000ff8       0x88 ./Src/flash_driver.o
                0x08000ff8                flash_sector_erase
 .text.flash_mass_erase
                0x08001080       0x44 ./Src/flash_driver.o
                0x08001080                flash_mass_erase
 .text.flash_wait_for_last_operation
                0x080010c4       0x6c ./Src/flash_driver.o
                0x080010c4                flash_wait_for_last_operation
 .text.flash_program
                0x08001130       0x8c ./Src/flash_driver.o
                0x08001130                flash_program
 .text.flash_program_byte
                0x080011bc       0x44 ./Src/flash_driver.o
                0x080011bc                flash_program_byte
 .text.flash_program_halfword
                0x08001200       0x48 ./Src/flash_driver.o
                0x08001200                flash_program_halfword
 .text.flash_program_word
                0x08001248       0x44 ./Src/flash_driver.o
                0x08001248                flash_program_word
 .text.flash_program_doubleword
                0x0800128c       0x64 ./Src/flash_driver.o
                0x0800128c                flash_program_doubleword
 .text.flush_caches
                0x080012f0       0x8c ./Src/flash_driver.o
 .text.flash_unlock
                0x0800137c       0x44 ./Src/flash_driver.o
                0x0800137c                flash_unlock
 .text.flash_get_error
                0x080013c0       0x18 ./Src/flash_driver.o
                0x080013c0                flash_get_error
 .text.get_sector
                0x080013d8       0xf4 ./Src/flash_driver.o
 .text.flash_write_data_byte
                0x080014cc       0xac ./Src/flash_driver.o
                0x080014cc                flash_write_data_byte
 .text.find_substring
                0x08001578       0x54 ./Src/fota_processor.o
                0x08001578                find_substring
 .text.firmware_parser
                0x080015cc       0xf0 ./Src/fota_processor.o
                0x080015cc                firmware_parser
 .text.fpu_enable
                0x080016bc       0x54 ./Src/fpu.o
                0x080016bc                fpu_enable
 .text.main     0x08001710       0x5c ./Src/main.o
                0x08001710                main
 .text.firmware_update
                0x0800176c       0x88 ./Src/main.o
                0x0800176c                firmware_update
 .text.jump_to_app
                0x080017f4       0x68 ./Src/main.o
                0x080017f4                jump_to_app
 .text._sbrk    0x0800185c       0x6c ./Src/sysmem.o
                0x0800185c                _sbrk
 .text.systick_delay_ms
                0x080018c8       0x3c ./Src/timebase.o
                0x080018c8                systick_delay_ms
 .text.get_tick
                0x08001904       0x2c ./Src/timebase.o
                0x08001904                get_tick
 .text.tick_increment
                0x08001930       0x1c ./Src/timebase.o
 .text.timebase_init
                0x0800194c       0x48 ./Src/timebase.o
                0x0800194c                timebase_init
 .text.SysTick_Handler
                0x08001994        0xc ./Src/timebase.o
                0x08001994                SysTick_Handler
 .text.__NVIC_EnableIRQ
                0x080019a0       0x3c ./Src/uart.o
 .text.debug_uart_init
                0x080019dc       0xf0 ./Src/uart.o
                0x080019dc                debug_uart_init
 .text.esp_uart_init
                0x08001acc       0xf8 ./Src/uart.o
                0x08001acc                esp_uart_init
 .text.compute_uart_bd
                0x08001bc4       0x26 ./Src/uart.o
 *fill*         0x08001bea        0x2 
 .text.uart_set_baudrate
                0x08001bec       0x28 ./Src/uart.o
 .text.Reset_Handler
                0x08001c14       0x50 ./Startup/startup_stm32f401retx.o
                0x08001c14                Reset_Handler
 .text.Default_Handler
                0x08001c64        0x2 ./Startup/startup_stm32f401retx.o
                0x08001c64                EXTI2_IRQHandler
                0x08001c64                DebugMon_Handler
                0x08001c64                SPI4_IRQHandler
                0x08001c64                TIM1_CC_IRQHandler
                0x08001c64                DMA2_Stream5_IRQHandler
                0x08001c64                HardFault_Handler
                0x08001c64                DMA1_Stream5_IRQHandler
                0x08001c64                SDIO_IRQHandler
                0x08001c64                TAMP_STAMP_IRQHandler
                0x08001c64                PendSV_Handler
                0x08001c64                NMI_Handler
                0x08001c64                EXTI3_IRQHandler
                0x08001c64                TIM1_UP_TIM10_IRQHandler
                0x08001c64                I2C3_ER_IRQHandler
                0x08001c64                EXTI18_OTG_FS_WKUP_IRQHandler
                0x08001c64                EXTI0_IRQHandler
                0x08001c64                I2C2_EV_IRQHandler
                0x08001c64                DMA1_Stream2_IRQHandler
                0x08001c64                UsageFault_Handler
                0x08001c64                DMA2_Stream2_IRQHandler
                0x08001c64                SPI1_IRQHandler
                0x08001c64                TIM1_BRK_TIM9_IRQHandler
                0x08001c64                DMA2_Stream3_IRQHandler
                0x08001c64                USART6_IRQHandler
                0x08001c64                DMA2_Stream0_IRQHandler
                0x08001c64                TIM4_IRQHandler
                0x08001c64                I2C1_EV_IRQHandler
                0x08001c64                DMA1_Stream6_IRQHandler
                0x08001c64                DMA1_Stream1_IRQHandler
                0x08001c64                TIM3_IRQHandler
                0x08001c64                RCC_IRQHandler
                0x08001c64                Default_Handler
                0x08001c64                EXTI15_10_IRQHandler
                0x08001c64                ADC_IRQHandler
                0x08001c64                DMA1_Stream7_IRQHandler
                0x08001c64                TIM5_IRQHandler
                0x08001c64                DMA2_Stream7_IRQHandler
                0x08001c64                I2C3_EV_IRQHandler
                0x08001c64                EXTI9_5_IRQHandler
                0x08001c64                SPI2_IRQHandler
                0x08001c64                MemManage_Handler
                0x08001c64                DMA1_Stream0_IRQHandler
                0x08001c64                SVC_Handler
                0x08001c64                EXTI4_IRQHandler
                0x08001c64                EXTI22_RTC_WKUP_IRQHandler
                0x08001c64                TIM2_IRQHandler
                0x08001c64                EXTI16_PVD_IRQHandler
                0x08001c64                TIM1_TRG_COM_TIM11_IRQHandler
                0x08001c64                EXTI1_IRQHandler
                0x08001c64                EXTI17_RTC_Alarm_IRQHandler
                0x08001c64                I2C2_ER_IRQHandler
                0x08001c64                DMA2_Stream1_IRQHandler
                0x08001c64                FLASH_IRQHandler
                0x08001c64                DMA2_Stream4_IRQHandler
                0x08001c64                BusFault_Handler
                0x08001c64                OTG_FS_IRQHandler
                0x08001c64                SPI3_IRQHandler
                0x08001c64                DMA1_Stream4_IRQHandler
                0x08001c64                I2C1_ER_IRQHandler
                0x08001c64                DMA2_Stream6_IRQHandler
                0x08001c64                DMA1_Stream3_IRQHandler
 *fill*         0x08001c66        0x2 
 .text.snprintf
                0x08001c68       0x6c C:/ST/STM32CubeIDE_1.18.1/STM32CubeIDE/plugins/com.st.stm32cube.ide.mcu.externaltools.gnu-tools-for-stm32.13.3.rel1.win32_1.0.0.202411081344/tools/bin/../lib/gcc/arm-none-eabi/13.3.1/../../../../arm-none-eabi/lib/thumb/v7e-m+fp/hard\libc_nano.a(libc_a-snprintf.o)
                0x08001c68                sniprintf
                0x08001c68                snprintf
 .text.sprintf  0x08001cd4       0x44 C:/ST/STM32CubeIDE_1.18.1/STM32CubeIDE/plugins/com.st.stm32cube.ide.mcu.externaltools.gnu-tools-for-stm32.13.3.rel1.win32_1.0.0.202411081344/tools/bin/../lib/gcc/arm-none-eabi/13.3.1/../../../../arm-none-eabi/lib/thumb/v7e-m+fp/hard\libc_nano.a(libc_a-sprintf.o)
                0x08001cd4                siprintf
                0x08001cd4                sprintf
 .text.memset   0x08001d18       0x10 C:/ST/STM32CubeIDE_1.18.1/STM32CubeIDE/plugins/com.st.stm32cube.ide.mcu.externaltools.gnu-tools-for-stm32.13.3.rel1.win32_1.0.0.202411081344/tools/bin/../lib/gcc/arm-none-eabi/13.3.1/../../../../arm-none-eabi/lib/thumb/v7e-m+fp/hard\libc_nano.a(libc_a-memset.o)
                0x08001d18                memset
 .text.strncmp  0x08001d28       0x24 C:/ST/STM32CubeIDE_1.18.1/STM32CubeIDE/plugins/com.st.stm32cube.ide.mcu.externaltools.gnu-tools-for-stm32.13.3.rel1.win32_1.0.0.202411081344/tools/bin/../lib/gcc/arm-none-eabi/13.3.1/../../../../arm-none-eabi/lib/thumb/v7e-m+fp/hard\libc_nano.a(libc_a-strncmp.o)
                0x08001d28                strncmp
 .text.__errno  0x08001d4c        0xc C:/ST/STM32CubeIDE_1.18.1/STM32CubeIDE/plugins/com.st.stm32cube.ide.mcu.externaltools.gnu-tools-for-stm32.13.3.rel1.win32_1.0.0.202411081344/tools/bin/../lib/gcc/arm-none-eabi/13.3.1/../../../../arm-none-eabi/lib/thumb/v7e-m+fp/hard\libc_nano.a(libc_a-errno.o)
                0x08001d4c                __errno
 .text.__libc_init_array
                0x08001d58       0x48 C:/ST/STM32CubeIDE_1.18.1/STM32CubeIDE/plugins/com.st.stm32cube.ide.mcu.externaltools.gnu-tools-for-stm32.13.3.rel1.win32_1.0.0.202411081344/tools/bin/../lib/gcc/arm-none-eabi/13.3.1/../../../../arm-none-eabi/lib/thumb/v7e-m+fp/hard\libc_nano.a(libc_a-init.o)
                0x08001d58                __libc_init_array
 .text.__retarget_lock_acquire_recursive
                0x08001da0        0x2 C:/ST/STM32CubeIDE_1.18.1/STM32CubeIDE/plugins/com.st.stm32cube.ide.mcu.externaltools.gnu-tools-for-stm32.13.3.rel1.win32_1.0.0.202411081344/tools/bin/../lib/gcc/arm-none-eabi/13.3.1/../../../../arm-none-eabi/lib/thumb/v7e-m+fp/hard\libc_nano.a(libc_a-lock.o)
                0x08001da0                __retarget_lock_acquire_recursive
 .text.__retarget_lock_release_recursive
                0x08001da2        0x2 C:/ST/STM32CubeIDE_1.18.1/STM32CubeIDE/plugins/com.st.stm32cube.ide.mcu.externaltools.gnu-tools-for-stm32.13.3.rel1.win32_1.0.0.202411081344/tools/bin/../lib/gcc/arm-none-eabi/13.3.1/../../../../arm-none-eabi/lib/thumb/v7e-m+fp/hard\libc_nano.a(libc_a-lock.o)
                0x08001da2                __retarget_lock_release_recursive
 .text._free_r  0x08001da4       0x94 C:/ST/STM32CubeIDE_1.18.1/STM32CubeIDE/plugins/com.st.stm32cube.ide.mcu.externaltools.gnu-tools-for-stm32.13.3.rel1.win32_1.0.0.202411081344/tools/bin/../lib/gcc/arm-none-eabi/13.3.1/../../../../arm-none-eabi/lib/thumb/v7e-m+fp/hard\libc_nano.a(libc_a-freer.o)
                0x08001da4                _free_r
 .text.sbrk_aligned
                0x08001e38       0x44 C:/ST/STM32CubeIDE_1.18.1/STM32CubeIDE/plugins/com.st.stm32cube.ide.mcu.externaltools.gnu-tools-for-stm32.13.3.rel1.win32_1.0.0.202411081344/tools/bin/../lib/gcc/arm-none-eabi/13.3.1/../../../../arm-none-eabi/lib/thumb/v7e-m+fp/hard\libc_nano.a(libc_a-mallocr.o)
 .text._malloc_r
                0x08001e7c      0x100 C:/ST/STM32CubeIDE_1.18.1/STM32CubeIDE/plugins/com.st.stm32cube.ide.mcu.externaltools.gnu-tools-for-stm32.13.3.rel1.win32_1.0.0.202411081344/tools/bin/../lib/gcc/arm-none-eabi/13.3.1/../../../../arm-none-eabi/lib/thumb/v7e-m+fp/hard\libc_nano.a(libc_a-mallocr.o)
                0x08001e7c                _malloc_r
 .text.__malloc_lock
                0x08001f7c        0xc C:/ST/STM32CubeIDE_1.18.1/STM32CubeIDE/plugins/com.st.stm32cube.ide.mcu.externaltools.gnu-tools-for-stm32.13.3.rel1.win32_1.0.0.202411081344/tools/bin/../lib/gcc/arm-none-eabi/13.3.1/../../../../arm-none-eabi/lib/thumb/v7e-m+fp/hard\libc_nano.a(libc_a-mlock.o)
                0x08001f7c                __malloc_lock
 .text.__malloc_unlock
                0x08001f88        0xc C:/ST/STM32CubeIDE_1.18.1/STM32CubeIDE/plugins/com.st.stm32cube.ide.mcu.externaltools.gnu-tools-for-stm32.13.3.rel1.win32_1.0.0.202411081344/tools/bin/../lib/gcc/arm-none-eabi/13.3.1/../../../../arm-none-eabi/lib/thumb/v7e-m+fp/hard\libc_nano.a(libc_a-mlock.o)
                0x08001f88                __malloc_unlock
 .text.__ssputs_r
                0x08001f94       0xb6 C:/ST/STM32CubeIDE_1.18.1/STM32CubeIDE/plugins/com.st.stm32cube.ide.mcu.externaltools.gnu-tools-for-stm32.13.3.rel1.win32_1.0.0.202411081344/tools/bin/../lib/gcc/arm-none-eabi/13.3.1/../../../../arm-none-eabi/lib/thumb/v7e-m+fp/hard\libc_nano.a(libc_a-nano-svfprintf.o)
                0x08001f94                __ssputs_r
 *fill*         0x0800204a        0x2 
 .text._svfprintf_r
                0x0800204c      0x1f8 C:/ST/STM32CubeIDE_1.18.1/STM32CubeIDE/plugins/com.st.stm32cube.ide.mcu.externaltools.gnu-tools-for-stm32.13.3.rel1.win32_1.0.0.202411081344/tools/bin/../lib/gcc/arm-none-eabi/13.3.1/../../../../arm-none-eabi/lib/thumb/v7e-m+fp/hard\libc_nano.a(libc_a-nano-svfprintf.o)
                0x0800204c                _svfiprintf_r
                0x0800204c                _svfprintf_r
 .text._printf_common
                0x08002244       0xda C:/ST/STM32CubeIDE_1.18.1/STM32CubeIDE/plugins/com.st.stm32cube.ide.mcu.externaltools.gnu-tools-for-stm32.13.3.rel1.win32_1.0.0.202411081344/tools/bin/../lib/gcc/arm-none-eabi/13.3.1/../../../../arm-none-eabi/lib/thumb/v7e-m+fp/hard\libc_nano.a(libc_a-nano-vfprintf_i.o)
                0x08002244                _printf_common
 *fill*         0x0800231e        0x2 
 .text._printf_i
                0x08002320      0x23c C:/ST/STM32CubeIDE_1.18.1/STM32CubeIDE/plugins/com.st.stm32cube.ide.mcu.externaltools.gnu-tools-for-stm32.13.3.rel1.win32_1.0.0.202411081344/tools/bin/../lib/gcc/arm-none-eabi/13.3.1/../../../../arm-none-eabi/lib/thumb/v7e-m+fp/hard\libc_nano.a(libc_a-nano-vfprintf_i.o)
                0x08002320                _printf_i
 .text.memmove  0x0800255c       0x34 C:/ST/STM32CubeIDE_1.18.1/STM32CubeIDE/plugins/com.st.stm32cube.ide.mcu.externaltools.gnu-tools-for-stm32.13.3.rel1.win32_1.0.0.202411081344/tools/bin/../lib/gcc/arm-none-eabi/13.3.1/../../../../arm-none-eabi/lib/thumb/v7e-m+fp/hard\libc_nano.a(libc_a-memmove.o)
                0x0800255c                memmove
 .text._sbrk_r  0x08002590       0x20 C:/ST/STM32CubeIDE_1.18.1/STM32CubeIDE/plugins/com.st.stm32cube.ide.mcu.externaltools.gnu-tools-for-stm32.13.3.rel1.win32_1.0.0.202411081344/tools/bin/../lib/gcc/arm-none-eabi/13.3.1/../../../../arm-none-eabi/lib/thumb/v7e-m+fp/hard\libc_nano.a(libc_a-sbrkr.o)
                0x08002590                _sbrk_r
 .text.memcpy   0x080025b0       0x1c C:/ST/STM32CubeIDE_1.18.1/STM32CubeIDE/plugins/com.st.stm32cube.ide.mcu.externaltools.gnu-tools-for-stm32.13.3.rel1.win32_1.0.0.202411081344/tools/bin/../lib/gcc/arm-none-eabi/13.3.1/../../../../arm-none-eabi/lib/thumb/v7e-m+fp/hard\libc_nano.a(libc_a-memcpy-stub.o)
                0x080025b0                memcpy
 .text._realloc_r
                0x080025cc       0x5c C:/ST/STM32CubeIDE_1.18.1/STM32CubeIDE/plugins/com.st.stm32cube.ide.mcu.externaltools.gnu-tools-for-stm32.13.3.rel1.win32_1.0.0.202411081344/tools/bin/../lib/gcc/arm-none-eabi/13.3.1/../../../../arm-none-eabi/lib/thumb/v7e-m+fp/hard\libc_nano.a(libc_a-reallocr.o)
                0x080025cc                _realloc_r
 .text._malloc_usable_size_r
                0x08002628       0x10 C:/ST/STM32CubeIDE_1.18.1/STM32CubeIDE/plugins/com.st.stm32cube.ide.mcu.externaltools.gnu-tools-for-stm32.13.3.rel1.win32_1.0.0.202411081344/tools/bin/../lib/gcc/arm-none-eabi/13.3.1/../../../../arm-none-eabi/lib/thumb/v7e-m+fp/hard\libc_nano.a(libc_a-msizer.o)
                0x08002628                _malloc_usable_size_r
 *(.glue_7)
 .glue_7        0x08002638        0x0 linker stubs
 *(.glue_7t)
 .glue_7t       0x08002638        0x0 linker stubs
 *(.eh_frame)
 .eh_frame      0x08002638        0x0 C:/ST/STM32CubeIDE_1.18.1/STM32CubeIDE/plugins/com.st.stm32cube.ide.mcu.externaltools.gnu-tools-for-stm32.13.3.rel1.win32_1.0.0.202411081344/tools/bin/../lib/gcc/arm-none-eabi/13.3.1/thumb/v7e-m+fp/hard/crtbegin.o
 *(.init)
 .init          0x08002638        0x4 C:/ST/STM32CubeIDE_1.18.1/STM32CubeIDE/plugins/com.st.stm32cube.ide.mcu.externaltools.gnu-tools-for-stm32.13.3.rel1.win32_1.0.0.202411081344/tools/bin/../lib/gcc/arm-none-eabi/13.3.1/thumb/v7e-m+fp/hard/crti.o
                0x08002638                _init
 .init          0x0800263c        0x8 C:/ST/STM32CubeIDE_1.18.1/STM32CubeIDE/plugins/com.st.stm32cube.ide.mcu.externaltools.gnu-tools-for-stm32.13.3.rel1.win32_1.0.0.202411081344/tools/bin/../lib/gcc/arm-none-eabi/13.3.1/thumb/v7e-m+fp/hard/crtn.o
 *(.fini)
 .fini          0x08002644        0x4 C:/ST/STM32CubeIDE_1.18.1/STM32CubeIDE/plugins/com.st.stm32cube.ide.mcu.externaltools.gnu-tools-for-stm32.13.3.rel1.win32_1.0.0.202411081344/tools/bin/../lib/gcc/arm-none-eabi/13.3.1/thumb/v7e-m+fp/hard/crti.o
                0x08002644                _fini
 .fini          0x08002648        0x8 C:/ST/STM32CubeIDE_1.18.1/STM32CubeIDE/plugins/com.st.stm32cube.ide.mcu.externaltools.gnu-tools-for-stm32.13.3.rel1.win32_1.0.0.202411081344/tools/bin/../lib/gcc/arm-none-eabi/13.3.1/thumb/v7e-m+fp/hard/crtn.o
                0x08002650                        . = ALIGN (0x4)
                0x08002650                        _etext = .

.vfp11_veneer   0x08002650        0x0
 .vfp11_veneer  0x08002650        0x0 linker stubs

.v4_bx          0x08002650        0x0
 .v4_bx         0x08002650        0x0 linker stubs

.iplt           0x08002650        0x0
 .iplt          0x08002650        0x0 C:/ST/STM32CubeIDE_1.18.1/STM32CubeIDE/plugins/com.st.stm32cube.ide.mcu.externaltools.gnu-tools-for-stm32.13.3.rel1.win32_1.0.0.202411081344/tools/bin/../lib/gcc/arm-none-eabi/13.3.1/thumb/v7e-m+fp/hard/crtbegin.o

.rodata         0x08002650      0x384
                0x08002650                        . = ALIGN (0x4)
 *(.rodata)
 .rodata        0x08002650       0xba ./Src/esp32_client.o
 *fill*         0x0800270a        0x2 
 .rodata        0x0800270c       0xf7 ./Src/esp32_lib.o
 *fill*         0x08002803        0x1 
 .rodata        0x08002804       0x80 ./Src/fota_processor.o
 .rodata        0x08002884      0x11a ./Src/main.o
 *(.rodata*)
 .rodata._svfprintf_r.str1.1
                0x0800299e       0x33 C:/ST/STM32CubeIDE_1.18.1/STM32CubeIDE/plugins/com.st.stm32cube.ide.mcu.externaltools.gnu-tools-for-stm32.13.3.rel1.win32_1.0.0.202411081344/tools/bin/../lib/gcc/arm-none-eabi/13.3.1/../../../../arm-none-eabi/lib/thumb/v7e-m+fp/hard\libc_nano.a(libc_a-nano-svfprintf.o)
                                 0x11 (size before relaxing)
 .rodata._printf_i.str1.1
                0x080029d1       0x22 C:/ST/STM32CubeIDE_1.18.1/STM32CubeIDE/plugins/com.st.stm32cube.ide.mcu.externaltools.gnu-tools-for-stm32.13.3.rel1.win32_1.0.0.202411081344/tools/bin/../lib/gcc/arm-none-eabi/13.3.1/../../../../arm-none-eabi/lib/thumb/v7e-m+fp/hard\libc_nano.a(libc_a-nano-vfprintf_i.o)
                0x080029f4                        . = ALIGN (0x4)
 *fill*         0x080029d1        0x3 

.ARM.extab      0x080029d4        0x0
                0x080029d4                        . = ALIGN (0x4)
 *(.ARM.extab* .gnu.linkonce.armextab.*)
                0x080029d4                        . = ALIGN (0x4)

.ARM            0x080029d4        0x8
                0x080029d4                        . = ALIGN (0x4)
                0x080029d4                        __exidx_start = .
 *(.ARM.exidx*)
 .ARM.exidx     0x080029d4        0x8 C:/ST/STM32CubeIDE_1.18.1/STM32CubeIDE/plugins/com.st.stm32cube.ide.mcu.externaltools.gnu-tools-for-stm32.13.3.rel1.win32_1.0.0.202411081344/tools/bin/../lib/gcc/arm-none-eabi/13.3.1/../../../../arm-none-eabi/lib/thumb/v7e-m+fp/hard\libc_nano.a(libc_a-strlen.o)
 .ARM.exidx     0x080029dc        0x0 C:/ST/STM32CubeIDE_1.18.1/STM32CubeIDE/plugins/com.st.stm32cube.ide.mcu.externaltools.gnu-tools-for-stm32.13.3.rel1.win32_1.0.0.202411081344/tools/bin/../lib/gcc/arm-none-eabi/13.3.1/../../../../arm-none-eabi/lib/thumb/v7e-m+fp/hard\libc_nano.a(libc_a-memchr.o)
                                  0x8 (size before relaxing)
                0x080029dc                        __exidx_end = .
                0x080029dc                        . = ALIGN (0x4)

.preinit_array  0x080029dc        0x0
                0x080029dc                        . = ALIGN (0x4)
                0x080029dc                        PROVIDE (__preinit_array_start = .)
 *(.preinit_array*)
                0x080029dc                        PROVIDE (__preinit_array_end = .)
                0x080029dc                        . = ALIGN (0x4)

.init_array     0x080029dc        0x4
                0x080029dc                        . = ALIGN (0x4)
                0x080029dc                        PROVIDE (__init_array_start = .)
 *(SORT_BY_NAME(.init_array.*))
 *(.init_array*)
 .init_array    0x080029dc        0x4 C:/ST/STM32CubeIDE_1.18.1/STM32CubeIDE/plugins/com.st.stm32cube.ide.mcu.externaltools.gnu-tools-for-stm32.13.3.rel1.win32_1.0.0.202411081344/tools/bin/../lib/gcc/arm-none-eabi/13.3.1/thumb/v7e-m+fp/hard/crtbegin.o
                0x080029e0                        PROVIDE (__init_array_end = .)
                0x080029e0                        . = ALIGN (0x4)

.fini_array     0x080029e0        0x4
                0x080029e0                        . = ALIGN (0x4)
                [!provide]                        PROVIDE (__fini_array_start = .)
 *(SORT_BY_NAME(.fini_array.*))
 *(.fini_array*)
 .fini_array    0x080029e0        0x4 C:/ST/STM32CubeIDE_1.18.1/STM32CubeIDE/plugins/com.st.stm32cube.ide.mcu.externaltools.gnu-tools-for-stm32.13.3.rel1.win32_1.0.0.202411081344/tools/bin/../lib/gcc/arm-none-eabi/13.3.1/thumb/v7e-m+fp/hard/crtbegin.o
                [!provide]                        PROVIDE (__fini_array_end = .)
                0x080029e4                        . = ALIGN (0x4)
                0x080029e4                        _sidata = LOADADDR (.data)

.rel.dyn        0x080029e4        0x0
 .rel.iplt      0x080029e4        0x0 C:/ST/STM32CubeIDE_1.18.1/STM32CubeIDE/plugins/com.st.stm32cube.ide.mcu.externaltools.gnu-tools-for-stm32.13.3.rel1.win32_1.0.0.202411081344/tools/bin/../lib/gcc/arm-none-eabi/13.3.1/thumb/v7e-m+fp/hard/crtbegin.o

.data           0x20000000       0x50 load address 0x080029e4
                0x20000000                        . = ALIGN (0x4)
                0x20000000                        _sdata = .
 *(.data)
 *(.data*)
 .data._impure_ptr
                0x20000000        0x4 C:/ST/STM32CubeIDE_1.18.1/STM32CubeIDE/plugins/com.st.stm32cube.ide.mcu.externaltools.gnu-tools-for-stm32.13.3.rel1.win32_1.0.0.202411081344/tools/bin/../lib/gcc/arm-none-eabi/13.3.1/../../../../arm-none-eabi/lib/thumb/v7e-m+fp/hard\libc_nano.a(libc_a-impure.o)
                0x20000000                _impure_ptr
 .data._impure_data
                0x20000004       0x4c C:/ST/STM32CubeIDE_1.18.1/STM32CubeIDE/plugins/com.st.stm32cube.ide.mcu.externaltools.gnu-tools-for-stm32.13.3.rel1.win32_1.0.0.202411081344/tools/bin/../lib/gcc/arm-none-eabi/13.3.1/../../../../arm-none-eabi/lib/thumb/v7e-m+fp/hard\libc_nano.a(libc_a-impure.o)
                0x20000004                _impure_data
 *(.RamFunc)
 *(.RamFunc*)
                0x20000050                        . = ALIGN (0x4)
                0x20000050                        _edata = .

.igot.plt       0x20000050        0x0 load address 0x08002a34
 .igot.plt      0x20000050        0x0 C:/ST/STM32CubeIDE_1.18.1/STM32CubeIDE/plugins/com.st.stm32cube.ide.mcu.externaltools.gnu-tools-for-stm32.13.3.rel1.win32_1.0.0.202411081344/tools/bin/../lib/gcc/arm-none-eabi/13.3.1/thumb/v7e-m+fp/hard/crtbegin.o
                0x20000050                        . = ALIGN (0x4)

.bss            0x20000050    0x10194 load address 0x08002a34
                0x20000050                        _sbss = .
                0x20000050                        __bss_start__ = _sbss
 *(.bss)
 .bss           0x20000050       0x1c C:/ST/STM32CubeIDE_1.18.1/STM32CubeIDE/plugins/com.st.stm32cube.ide.mcu.externaltools.gnu-tools-for-stm32.13.3.rel1.win32_1.0.0.202411081344/tools/bin/../lib/gcc/arm-none-eabi/13.3.1/thumb/v7e-m+fp/hard/crtbegin.o
 *(.bss*)
 .bss.rx_buffer1
                0x2000006c     0x2b00 ./Src/circular_buffer.o
                0x2000006c                rx_buffer1
 .bss.tx_buffer1
                0x20002b6c     0x2b00 ./Src/circular_buffer.o
                0x20002b6c                tx_buffer1
 .bss.rx_buffer2
                0x2000566c     0x2b00 ./Src/circular_buffer.o
                0x2000566c                rx_buffer2
 .bss.tx_buffer2
                0x2000816c     0x2b00 ./Src/circular_buffer.o
                0x2000816c                tx_buffer2
 .bss._rx_buffer1
                0x2000ac6c        0x4 ./Src/circular_buffer.o
                0x2000ac6c                _rx_buffer1
 .bss._tx_buffer1
                0x2000ac70        0x4 ./Src/circular_buffer.o
                0x2000ac70                _tx_buffer1
 .bss._rx_buffer2
                0x2000ac74        0x4 ./Src/circular_buffer.o
                0x2000ac74                _rx_buffer2
 .bss._tx_buffer2
                0x2000ac78        0x4 ./Src/circular_buffer.o
                0x2000ac78                _tx_buffer2
 .bss.pFlash    0x2000ac7c       0x18 ./Src/flash_driver.o
                0x2000ac7c                pFlash
 .bss.firmware_buffer
                0x2000ac94     0x2904 ./Src/main.o
                0x2000ac94                firmware_buffer
 .bss.temp_rx_buffer
                0x2000d598     0x2af8 ./Src/main.o
                0x2000d598                temp_rx_buffer
 .bss.__sbrk_heap_end
                0x20010090        0x4 ./Src/sysmem.o
 .bss.g_curr_tick
                0x20010094        0x4 ./Src/timebase.o
                0x20010094                g_curr_tick
 .bss.g_curr_tick_p
                0x20010098        0x4 ./Src/timebase.o
                0x20010098                g_curr_tick_p
 .bss.__sf      0x2001009c      0x138 C:/ST/STM32CubeIDE_1.18.1/STM32CubeIDE/plugins/com.st.stm32cube.ide.mcu.externaltools.gnu-tools-for-stm32.13.3.rel1.win32_1.0.0.202411081344/tools/bin/../lib/gcc/arm-none-eabi/13.3.1/../../../../arm-none-eabi/lib/thumb/v7e-m+fp/hard\libc_nano.a(libc_a-findfp.o)
                0x2001009c                __sf
 .bss.errno     0x200101d4        0x4 C:/ST/STM32CubeIDE_1.18.1/STM32CubeIDE/plugins/com.st.stm32cube.ide.mcu.externaltools.gnu-tools-for-stm32.13.3.rel1.win32_1.0.0.202411081344/tools/bin/../lib/gcc/arm-none-eabi/13.3.1/../../../../arm-none-eabi/lib/thumb/v7e-m+fp/hard\libc_nano.a(libc_a-reent.o)
                0x200101d4                errno
 .bss.__lock___malloc_recursive_mutex
                0x200101d8        0x1 C:/ST/STM32CubeIDE_1.18.1/STM32CubeIDE/plugins/com.st.stm32cube.ide.mcu.externaltools.gnu-tools-for-stm32.13.3.rel1.win32_1.0.0.202411081344/tools/bin/../lib/gcc/arm-none-eabi/13.3.1/../../../../arm-none-eabi/lib/thumb/v7e-m+fp/hard\libc_nano.a(libc_a-lock.o)
                0x200101d8                __lock___malloc_recursive_mutex
 *fill*         0x200101d9        0x3 
 .bss.__malloc_sbrk_start
                0x200101dc        0x4 C:/ST/STM32CubeIDE_1.18.1/STM32CubeIDE/plugins/com.st.stm32cube.ide.mcu.externaltools.gnu-tools-for-stm32.13.3.rel1.win32_1.0.0.202411081344/tools/bin/../lib/gcc/arm-none-eabi/13.3.1/../../../../arm-none-eabi/lib/thumb/v7e-m+fp/hard\libc_nano.a(libc_a-mallocr.o)
                0x200101dc                __malloc_sbrk_start
 .bss.__malloc_free_list
                0x200101e0        0x4 C:/ST/STM32CubeIDE_1.18.1/STM32CubeIDE/plugins/com.st.stm32cube.ide.mcu.externaltools.gnu-tools-for-stm32.13.3.rel1.win32_1.0.0.202411081344/tools/bin/../lib/gcc/arm-none-eabi/13.3.1/../../../../arm-none-eabi/lib/thumb/v7e-m+fp/hard\libc_nano.a(libc_a-mallocr.o)
                0x200101e0                __malloc_free_list
 *(COMMON)
                0x200101e4                        . = ALIGN (0x4)
                0x200101e4                        _ebss = .
                0x200101e4                        __bss_end__ = _ebss

._user_heap_stack
                0x200101e4      0x604 load address 0x08002a34
                0x200101e8                        . = ALIGN (0x8)
 *fill*         0x200101e4        0x4 
                [!provide]                        PROVIDE (end = .)
                0x200101e8                        PROVIDE (_end = .)
                0x200103e8                        . = (. + _Min_Heap_Size)
 *fill*         0x200101e8      0x200 
                0x200107e8                        . = (. + _Min_Stack_Size)
 *fill*         0x200103e8      0x400 
                0x200107e8                        . = ALIGN (0x8)

/DISCARD/
 libc.a(*)
 libm.a(*)
 libgcc.a(*)

.ARM.attributes
                0x00000000       0x30
 *(.ARM.attributes)
 .ARM.attributes
                0x00000000       0x22 C:/ST/STM32CubeIDE_1.18.1/STM32CubeIDE/plugins/com.st.stm32cube.ide.mcu.externaltools.gnu-tools-for-stm32.13.3.rel1.win32_1.0.0.202411081344/tools/bin/../lib/gcc/arm-none-eabi/13.3.1/thumb/v7e-m+fp/hard/crti.o
 .ARM.attributes
                0x00000022       0x34 C:/ST/STM32CubeIDE_1.18.1/STM32CubeIDE/plugins/com.st.stm32cube.ide.mcu.externaltools.gnu-tools-for-stm32.13.3.rel1.win32_1.0.0.202411081344/tools/bin/../lib/gcc/arm-none-eabi/13.3.1/thumb/v7e-m+fp/hard/crtbegin.o
 .ARM.attributes
                0x00000056       0x34 ./Src/adc.o
 .ARM.attributes
                0x0000008a       0x34 ./Src/bsp.o
 .ARM.attributes
                0x000000be       0x34 ./Src/circular_buffer.o
 .ARM.attributes
                0x000000f2       0x34 ./Src/esp32_client.o
 .ARM.attributes
                0x00000126       0x34 ./Src/esp32_lib.o
 .ARM.attributes
                0x0000015a       0x34 ./Src/flash_driver.o
 .ARM.attributes
                0x0000018e       0x34 ./Src/fota_processor.o
 .ARM.attributes
                0x000001c2       0x34 ./Src/fpu.o
 .ARM.attributes
                0x000001f6       0x34 ./Src/main.o
 .ARM.attributes
                0x0000022a       0x34 ./Src/sysmem.o
 .ARM.attributes
                0x0000025e       0x34 ./Src/timebase.o
 .ARM.attributes
                0x00000292       0x34 ./Src/uart.o
 .ARM.attributes
                0x000002c6       0x21 ./Startup/startup_stm32f401retx.o
 .ARM.attributes
                0x000002e7       0x34 C:/ST/STM32CubeIDE_1.18.1/STM32CubeIDE/plugins/com.st.stm32cube.ide.mcu.externaltools.gnu-tools-for-stm32.13.3.rel1.win32_1.0.0.202411081344/tools/bin/../lib/gcc/arm-none-eabi/13.3.1/../../../../arm-none-eabi/lib/thumb/v7e-m+fp/hard\libc_nano.a(libc_a-findfp.o)
 .ARM.attributes
                0x0000031b       0x34 C:/ST/STM32CubeIDE_1.18.1/STM32CubeIDE/plugins/com.st.stm32cube.ide.mcu.externaltools.gnu-tools-for-stm32.13.3.rel1.win32_1.0.0.202411081344/tools/bin/../lib/gcc/arm-none-eabi/13.3.1/../../../../arm-none-eabi/lib/thumb/v7e-m+fp/hard\libc_nano.a(libc_a-snprintf.o)
 .ARM.attributes
                0x0000034f       0x34 C:/ST/STM32CubeIDE_1.18.1/STM32CubeIDE/plugins/com.st.stm32cube.ide.mcu.externaltools.gnu-tools-for-stm32.13.3.rel1.win32_1.0.0.202411081344/tools/bin/../lib/gcc/arm-none-eabi/13.3.1/../../../../arm-none-eabi/lib/thumb/v7e-m+fp/hard\libc_nano.a(libc_a-sprintf.o)
 .ARM.attributes
                0x00000383       0x34 C:/ST/STM32CubeIDE_1.18.1/STM32CubeIDE/plugins/com.st.stm32cube.ide.mcu.externaltools.gnu-tools-for-stm32.13.3.rel1.win32_1.0.0.202411081344/tools/bin/../lib/gcc/arm-none-eabi/13.3.1/../../../../arm-none-eabi/lib/thumb/v7e-m+fp/hard\libc_nano.a(libc_a-memset.o)
 .ARM.attributes
                0x000003b7       0x34 C:/ST/STM32CubeIDE_1.18.1/STM32CubeIDE/plugins/com.st.stm32cube.ide.mcu.externaltools.gnu-tools-for-stm32.13.3.rel1.win32_1.0.0.202411081344/tools/bin/../lib/gcc/arm-none-eabi/13.3.1/../../../../arm-none-eabi/lib/thumb/v7e-m+fp/hard\libc_nano.a(libc_a-strncmp.o)
 .ARM.attributes
                0x000003eb       0x34 C:/ST/STM32CubeIDE_1.18.1/STM32CubeIDE/plugins/com.st.stm32cube.ide.mcu.externaltools.gnu-tools-for-stm32.13.3.rel1.win32_1.0.0.202411081344/tools/bin/../lib/gcc/arm-none-eabi/13.3.1/../../../../arm-none-eabi/lib/thumb/v7e-m+fp/hard\libc_nano.a(libc_a-reent.o)
 .ARM.attributes
                0x0000041f       0x34 C:/ST/STM32CubeIDE_1.18.1/STM32CubeIDE/plugins/com.st.stm32cube.ide.mcu.externaltools.gnu-tools-for-stm32.13.3.rel1.win32_1.0.0.202411081344/tools/bin/../lib/gcc/arm-none-eabi/13.3.1/../../../../arm-none-eabi/lib/thumb/v7e-m+fp/hard\libc_nano.a(libc_a-impure.o)
 .ARM.attributes
                0x00000453       0x34 C:/ST/STM32CubeIDE_1.18.1/STM32CubeIDE/plugins/com.st.stm32cube.ide.mcu.externaltools.gnu-tools-for-stm32.13.3.rel1.win32_1.0.0.202411081344/tools/bin/../lib/gcc/arm-none-eabi/13.3.1/../../../../arm-none-eabi/lib/thumb/v7e-m+fp/hard\libc_nano.a(libc_a-errno.o)
 .ARM.attributes
                0x00000487       0x34 C:/ST/STM32CubeIDE_1.18.1/STM32CubeIDE/plugins/com.st.stm32cube.ide.mcu.externaltools.gnu-tools-for-stm32.13.3.rel1.win32_1.0.0.202411081344/tools/bin/../lib/gcc/arm-none-eabi/13.3.1/../../../../arm-none-eabi/lib/thumb/v7e-m+fp/hard\libc_nano.a(libc_a-init.o)
 .ARM.attributes
                0x000004bb       0x34 C:/ST/STM32CubeIDE_1.18.1/STM32CubeIDE/plugins/com.st.stm32cube.ide.mcu.externaltools.gnu-tools-for-stm32.13.3.rel1.win32_1.0.0.202411081344/tools/bin/../lib/gcc/arm-none-eabi/13.3.1/../../../../arm-none-eabi/lib/thumb/v7e-m+fp/hard\libc_nano.a(libc_a-lock.o)
 .ARM.attributes
                0x000004ef       0x17 C:/ST/STM32CubeIDE_1.18.1/STM32CubeIDE/plugins/com.st.stm32cube.ide.mcu.externaltools.gnu-tools-for-stm32.13.3.rel1.win32_1.0.0.202411081344/tools/bin/../lib/gcc/arm-none-eabi/13.3.1/../../../../arm-none-eabi/lib/thumb/v7e-m+fp/hard\libc_nano.a(libc_a-strlen.o)
 .ARM.attributes
                0x00000506       0x34 C:/ST/STM32CubeIDE_1.18.1/STM32CubeIDE/plugins/com.st.stm32cube.ide.mcu.externaltools.gnu-tools-for-stm32.13.3.rel1.win32_1.0.0.202411081344/tools/bin/../lib/gcc/arm-none-eabi/13.3.1/../../../../arm-none-eabi/lib/thumb/v7e-m+fp/hard\libc_nano.a(libc_a-freer.o)
 .ARM.attributes
                0x0000053a       0x34 C:/ST/STM32CubeIDE_1.18.1/STM32CubeIDE/plugins/com.st.stm32cube.ide.mcu.externaltools.gnu-tools-for-stm32.13.3.rel1.win32_1.0.0.202411081344/tools/bin/../lib/gcc/arm-none-eabi/13.3.1/../../../../arm-none-eabi/lib/thumb/v7e-m+fp/hard\libc_nano.a(libc_a-mallocr.o)
 .ARM.attributes
                0x0000056e       0x34 C:/ST/STM32CubeIDE_1.18.1/STM32CubeIDE/plugins/com.st.stm32cube.ide.mcu.externaltools.gnu-tools-for-stm32.13.3.rel1.win32_1.0.0.202411081344/tools/bin/../lib/gcc/arm-none-eabi/13.3.1/../../../../arm-none-eabi/lib/thumb/v7e-m+fp/hard\libc_nano.a(libc_a-mlock.o)
 .ARM.attributes
                0x000005a2       0x34 C:/ST/STM32CubeIDE_1.18.1/STM32CubeIDE/plugins/com.st.stm32cube.ide.mcu.externaltools.gnu-tools-for-stm32.13.3.rel1.win32_1.0.0.202411081344/tools/bin/../lib/gcc/arm-none-eabi/13.3.1/../../../../arm-none-eabi/lib/thumb/v7e-m+fp/hard\libc_nano.a(libc_a-nano-svfprintf.o)
 .ARM.attributes
                0x000005d6       0x34 C:/ST/STM32CubeIDE_1.18.1/STM32CubeIDE/plugins/com.st.stm32cube.ide.mcu.externaltools.gnu-tools-for-stm32.13.3.rel1.win32_1.0.0.202411081344/tools/bin/../lib/gcc/arm-none-eabi/13.3.1/../../../../arm-none-eabi/lib/thumb/v7e-m+fp/hard\libc_nano.a(libc_a-nano-vfprintf_i.o)
 .ARM.attributes
                0x0000060a       0x34 C:/ST/STM32CubeIDE_1.18.1/STM32CubeIDE/plugins/com.st.stm32cube.ide.mcu.externaltools.gnu-tools-for-stm32.13.3.rel1.win32_1.0.0.202411081344/tools/bin/../lib/gcc/arm-none-eabi/13.3.1/../../../../arm-none-eabi/lib/thumb/v7e-m+fp/hard\libc_nano.a(libc_a-memmove.o)
 .ARM.attributes
                0x0000063e       0x34 C:/ST/STM32CubeIDE_1.18.1/STM32CubeIDE/plugins/com.st.stm32cube.ide.mcu.externaltools.gnu-tools-for-stm32.13.3.rel1.win32_1.0.0.202411081344/tools/bin/../lib/gcc/arm-none-eabi/13.3.1/../../../../arm-none-eabi/lib/thumb/v7e-m+fp/hard\libc_nano.a(libc_a-sbrkr.o)
 .ARM.attributes
                0x00000672       0x1c C:/ST/STM32CubeIDE_1.18.1/STM32CubeIDE/plugins/com.st.stm32cube.ide.mcu.externaltools.gnu-tools-for-stm32.13.3.rel1.win32_1.0.0.202411081344/tools/bin/../lib/gcc/arm-none-eabi/13.3.1/../../../../arm-none-eabi/lib/thumb/v7e-m+fp/hard\libc_nano.a(libc_a-memchr.o)
 .ARM.attributes
                0x0000068e       0x34 C:/ST/STM32CubeIDE_1.18.1/STM32CubeIDE/plugins/com.st.stm32cube.ide.mcu.externaltools.gnu-tools-for-stm32.13.3.rel1.win32_1.0.0.202411081344/tools/bin/../lib/gcc/arm-none-eabi/13.3.1/../../../../arm-none-eabi/lib/thumb/v7e-m+fp/hard\libc_nano.a(libc_a-memcpy-stub.o)
 .ARM.attributes
                0x000006c2       0x34 C:/ST/STM32CubeIDE_1.18.1/STM32CubeIDE/plugins/com.st.stm32cube.ide.mcu.externaltools.gnu-tools-for-stm32.13.3.rel1.win32_1.0.0.202411081344/tools/bin/../lib/gcc/arm-none-eabi/13.3.1/../../../../arm-none-eabi/lib/thumb/v7e-m+fp/hard\libc_nano.a(libc_a-reallocr.o)
 .ARM.attributes
                0x000006f6       0x34 C:/ST/STM32CubeIDE_1.18.1/STM32CubeIDE/plugins/com.st.stm32cube.ide.mcu.externaltools.gnu-tools-for-stm32.13.3.rel1.win32_1.0.0.202411081344/tools/bin/../lib/gcc/arm-none-eabi/13.3.1/../../../../arm-none-eabi/lib/thumb/v7e-m+fp/hard\libc_nano.a(libc_a-msizer.o)
 .ARM.attributes
                0x0000072a       0x22 C:/ST/STM32CubeIDE_1.18.1/STM32CubeIDE/plugins/com.st.stm32cube.ide.mcu.externaltools.gnu-tools-for-stm32.13.3.rel1.win32_1.0.0.202411081344/tools/bin/../lib/gcc/arm-none-eabi/13.3.1/thumb/v7e-m+fp/hard/crtn.o
OUTPUT(P4_STM32_Bootloader_FOTA_WiFi_TLS_AWS.elf elf32-littlearm)
LOAD linker stubs
LOAD C:/ST/STM32CubeIDE_1.18.1/STM32CubeIDE/plugins/com.st.stm32cube.ide.mcu.externaltools.gnu-tools-for-stm32.13.3.rel1.win32_1.0.0.202411081344/tools/bin/../lib/gcc/arm-none-eabi/13.3.1/../../../../arm-none-eabi/lib/thumb/v7e-m+fp/hard\libc.a
LOAD C:/ST/STM32CubeIDE_1.18.1/STM32CubeIDE/plugins/com.st.stm32cube.ide.mcu.externaltools.gnu-tools-for-stm32.13.3.rel1.win32_1.0.0.202411081344/tools/bin/../lib/gcc/arm-none-eabi/13.3.1/../../../../arm-none-eabi/lib/thumb/v7e-m+fp/hard\libm.a
LOAD C:/ST/STM32CubeIDE_1.18.1/STM32CubeIDE/plugins/com.st.stm32cube.ide.mcu.externaltools.gnu-tools-for-stm32.13.3.rel1.win32_1.0.0.202411081344/tools/bin/../lib/gcc/arm-none-eabi/13.3.1/thumb/v7e-m+fp/hard\libgcc.a

.debug_info     0x00000000     0x3047
 .debug_info    0x00000000      0x3fc ./Src/adc.o
 .debug_info    0x000003fc      0x333 ./Src/bsp.o
 .debug_info    0x0000072f      0x67a ./Src/circular_buffer.o
 .debug_info    0x00000da9      0x1e3 ./Src/esp32_client.o
 .debug_info    0x00000f8c      0x1f1 ./Src/esp32_lib.o
 .debug_info    0x0000117d      0x9b4 ./Src/flash_driver.o
 .debug_info    0x00001b31      0x1f6 ./Src/fota_processor.o
 .debug_info    0x00001d27      0x249 ./Src/fpu.o
 .debug_info    0x00001f70      0x5ba ./Src/main.o
 .debug_info    0x0000252a      0x168 ./Src/sysmem.o
 .debug_info    0x00002692      0x1d7 ./Src/timebase.o
 .debug_info    0x00002869      0x7ae ./Src/uart.o
 .debug_info    0x00003017       0x30 ./Startup/startup_stm32f401retx.o

.debug_abbrev   0x00000000     0x121c
 .debug_abbrev  0x00000000      0x107 ./Src/adc.o
 .debug_abbrev  0x00000107       0xd2 ./Src/bsp.o
 .debug_abbrev  0x000001d9      0x2d4 ./Src/circular_buffer.o
 .debug_abbrev  0x000004ad      0x11b ./Src/esp32_client.o
 .debug_abbrev  0x000005c8      0x135 ./Src/esp32_lib.o
 .debug_abbrev  0x000006fd      0x30c ./Src/flash_driver.o
 .debug_abbrev  0x00000a09      0x127 ./Src/fota_processor.o
 .debug_abbrev  0x00000b30       0xb8 ./Src/fpu.o
 .debug_abbrev  0x00000be8      0x21a ./Src/main.o
 .debug_abbrev  0x00000e02       0xbc ./Src/sysmem.o
 .debug_abbrev  0x00000ebe      0x16e ./Src/timebase.o
 .debug_abbrev  0x0000102c      0x1cc ./Src/uart.o
 .debug_abbrev  0x000011f8       0x24 ./Startup/startup_stm32f401retx.o

.debug_aranges  0x00000000      0x398
 .debug_aranges
                0x00000000       0x30 ./Src/adc.o
 .debug_aranges
                0x00000030       0x40 ./Src/bsp.o
 .debug_aranges
                0x00000070       0xa0 ./Src/circular_buffer.o
 .debug_aranges
                0x00000110       0x20 ./Src/esp32_client.o
 .debug_aranges
                0x00000130       0x40 ./Src/esp32_lib.o
 .debug_aranges
                0x00000170       0xd0 ./Src/flash_driver.o
 .debug_aranges
                0x00000240       0x28 ./Src/fota_processor.o
 .debug_aranges
                0x00000268       0x20 ./Src/fpu.o
 .debug_aranges
                0x00000288       0x30 ./Src/main.o
 .debug_aranges
                0x000002b8       0x20 ./Src/sysmem.o
 .debug_aranges
                0x000002d8       0x40 ./Src/timebase.o
 .debug_aranges
                0x00000318       0x58 ./Src/uart.o
 .debug_aranges
                0x00000370       0x28 ./Startup/startup_stm32f401retx.o

.debug_rnglists
                0x00000000      0x286
 .debug_rnglists
                0x00000000       0x1f ./Src/adc.o
 .debug_rnglists
                0x0000001f       0x2b ./Src/bsp.o
 .debug_rnglists
                0x0000004a       0x7b ./Src/circular_buffer.o
 .debug_rnglists
                0x000000c5       0x14 ./Src/esp32_client.o
 .debug_rnglists
                0x000000d9       0x2b ./Src/esp32_lib.o
 .debug_rnglists
                0x00000104       0x9f ./Src/flash_driver.o
 .debug_rnglists
                0x000001a3       0x1a ./Src/fota_processor.o
 .debug_rnglists
                0x000001bd       0x13 ./Src/fpu.o
 .debug_rnglists
                0x000001d0       0x20 ./Src/main.o
 .debug_rnglists
                0x000001f0       0x13 ./Src/sysmem.o
 .debug_rnglists
                0x00000203       0x2b ./Src/timebase.o
 .debug_rnglists
                0x0000022e       0x3f ./Src/uart.o
 .debug_rnglists
                0x0000026d       0x19 ./Startup/startup_stm32f401retx.o

.debug_macro    0x00000000     0xff81
 .debug_macro   0x00000000      0x108 ./Src/adc.o
 .debug_macro   0x00000108      0xaea ./Src/adc.o
 .debug_macro   0x00000bf2       0x22 ./Src/adc.o
 .debug_macro   0x00000c14       0x8e ./Src/adc.o
 .debug_macro   0x00000ca2       0x51 ./Src/adc.o
 .debug_macro   0x00000cf3      0x103 ./Src/adc.o
 .debug_macro   0x00000df6       0x6a ./Src/adc.o
 .debug_macro   0x00000e60      0x1df ./Src/adc.o
 .debug_macro   0x0000103f       0x28 ./Src/adc.o
 .debug_macro   0x00001067       0x28 ./Src/adc.o
 .debug_macro   0x0000108f       0x1c ./Src/adc.o
 .debug_macro   0x000010ab       0x22 ./Src/adc.o
 .debug_macro   0x000010cd       0xd9 ./Src/adc.o
 .debug_macro   0x000011a6     0x102d ./Src/adc.o
 .debug_macro   0x000021d3      0x11f ./Src/adc.o
 .debug_macro   0x000022f2     0xb850 ./Src/adc.o
 .debug_macro   0x0000db42       0x43 ./Src/adc.o
 .debug_macro   0x0000db85       0xf2 ./Src/bsp.o
 .debug_macro   0x0000dc77       0x22 ./Src/bsp.o
 .debug_macro   0x0000dc99       0x1c ./Src/bsp.o
 .debug_macro   0x0000dcb5      0x1d2 ./Src/circular_buffer.o
 .debug_macro   0x0000de87       0x10 ./Src/circular_buffer.o
 .debug_macro   0x0000de97       0x61 ./Src/circular_buffer.o
 .debug_macro   0x0000def8       0x2a ./Src/circular_buffer.o
 .debug_macro   0x0000df22       0x43 ./Src/circular_buffer.o
 .debug_macro   0x0000df65       0x34 ./Src/circular_buffer.o
 .debug_macro   0x0000df99      0x190 ./Src/circular_buffer.o
 .debug_macro   0x0000e129      0x370 ./Src/circular_buffer.o
 .debug_macro   0x0000e499       0x16 ./Src/circular_buffer.o
 .debug_macro   0x0000e4af       0x4a ./Src/circular_buffer.o
 .debug_macro   0x0000e4f9       0x34 ./Src/circular_buffer.o
 .debug_macro   0x0000e52d       0x10 ./Src/circular_buffer.o
 .debug_macro   0x0000e53d       0x58 ./Src/circular_buffer.o
 .debug_macro   0x0000e595       0x8e ./Src/circular_buffer.o
 .debug_macro   0x0000e623       0x1c ./Src/circular_buffer.o
 .debug_macro   0x0000e63f      0x185 ./Src/circular_buffer.o
 .debug_macro   0x0000e7c4       0x10 ./Src/circular_buffer.o
 .debug_macro   0x0000e7d4       0x3c ./Src/circular_buffer.o
 .debug_macro   0x0000e810       0x20 ./Src/circular_buffer.o
 .debug_macro   0x0000e830      0x258 ./Src/esp32_client.o
 .debug_macro   0x0000ea88       0x5b ./Src/esp32_client.o
 .debug_macro   0x0000eae3       0x94 ./Src/esp32_client.o
 .debug_macro   0x0000eb77       0x57 ./Src/esp32_client.o
 .debug_macro   0x0000ebce       0x1c ./Src/esp32_client.o
 .debug_macro   0x0000ebea       0x10 ./Src/esp32_client.o
 .debug_macro   0x0000ebfa       0x1c ./Src/esp32_client.o
 .debug_macro   0x0000ec16       0x16 ./Src/esp32_client.o
 .debug_macro   0x0000ec2c      0x146 ./Src/esp32_client.o
 .debug_macro   0x0000ed72       0x10 ./Src/esp32_client.o
 .debug_macro   0x0000ed82       0x10 ./Src/esp32_client.o
 .debug_macro   0x0000ed92      0x200 ./Src/esp32_lib.o
 .debug_macro   0x0000ef92      0x1b9 ./Src/flash_driver.o
 .debug_macro   0x0000f14b       0x9a ./Src/flash_driver.o
 .debug_macro   0x0000f1e5      0x23a ./Src/fota_processor.o
 .debug_macro   0x0000f41f       0x16 ./Src/fota_processor.o
 .debug_macro   0x0000f435       0x9e ./Src/fota_processor.o
 .debug_macro   0x0000f4d3      0x112 ./Src/fota_processor.o
 .debug_macro   0x0000f5e5       0x16 ./Src/fota_processor.o
 .debug_macro   0x0000f5fb       0x16 ./Src/fota_processor.o
 .debug_macro   0x0000f611       0xa0 ./Src/fota_processor.o
 .debug_macro   0x0000f6b1       0x16 ./Src/fota_processor.o
 .debug_macro   0x0000f6c7       0xce ./Src/fpu.o
 .debug_macro   0x0000f795      0x27c ./Src/main.o
 .debug_macro   0x0000fa11      0x112 ./Src/sysmem.o
 .debug_macro   0x0000fb23      0x23c ./Src/sysmem.o
 .debug_macro   0x0000fd5f      0x108 ./Src/timebase.o
 .debug_macro   0x0000fe67      0x11a ./Src/uart.o

.debug_line     0x00000000     0x6606
 .debug_line    0x00000000      0x688 ./Src/adc.o
 .debug_line    0x00000688      0x6a9 ./Src/bsp.o
 .debug_line    0x00000d31      0xd0b ./Src/circular_buffer.o
 .debug_line    0x00001a3c      0x861 ./Src/esp32_client.o
 .debug_line    0x0000229d      0x89c ./Src/esp32_lib.o
 .debug_line    0x00002b39      0xdb6 ./Src/flash_driver.o
 .debug_line    0x000038ef      0x8d2 ./Src/fota_processor.o
 .debug_line    0x000041c1      0x615 ./Src/fpu.o
 .debug_line    0x000047d6      0x8d5 ./Src/main.o
 .debug_line    0x000050ab      0x583 ./Src/sysmem.o
 .debug_line    0x0000562e      0x6f5 ./Src/timebase.o
 .debug_line    0x00005d23      0x868 ./Src/uart.o
 .debug_line    0x0000658b       0x7b ./Startup/startup_stm32f401retx.o

.debug_str      0x00000000    0x548c9
 .debug_str     0x00000000    0x548c9 ./Src/adc.o
                              0x4f34e (size before relaxing)
 .debug_str     0x000548c9    0x4f31c ./Src/bsp.o
 .debug_str     0x000548c9    0x52941 ./Src/circular_buffer.o
 .debug_str     0x000548c9    0x52fdb ./Src/esp32_client.o
 .debug_str     0x000548c9    0x52e1a ./Src/esp32_lib.o
 .debug_str     0x000548c9    0x52e38 ./Src/flash_driver.o
 .debug_str     0x000548c9    0x531a3 ./Src/fota_processor.o
 .debug_str     0x000548c9    0x4f177 ./Src/fpu.o
 .debug_str     0x000548c9    0x534dd ./Src/main.o
 .debug_str     0x000548c9     0x77f7 ./Src/sysmem.o
 .debug_str     0x000548c9    0x4f260 ./Src/timebase.o
 .debug_str     0x000548c9    0x4f7a7 ./Src/uart.o
 .debug_str     0x000548c9       0xd8 ./Startup/startup_stm32f401retx.o

.comment        0x00000000       0x43
 .comment       0x00000000       0x43 ./Src/adc.o
                                 0x44 (size before relaxing)
 .comment       0x00000043       0x44 ./Src/bsp.o
 .comment       0x00000043       0x44 ./Src/circular_buffer.o
 .comment       0x00000043       0x44 ./Src/esp32_client.o
 .comment       0x00000043       0x44 ./Src/esp32_lib.o
 .comment       0x00000043       0x44 ./Src/flash_driver.o
 .comment       0x00000043       0x44 ./Src/fota_processor.o
 .comment       0x00000043       0x44 ./Src/fpu.o
 .comment       0x00000043       0x44 ./Src/main.o
 .comment       0x00000043       0x44 ./Src/sysmem.o
 .comment       0x00000043       0x44 ./Src/timebase.o
 .comment       0x00000043       0x44 ./Src/uart.o

.debug_frame    0x00000000     0x1130
 .debug_frame   0x00000000       0x70 ./Src/adc.o
 .debug_frame   0x00000070       0xb0 ./Src/bsp.o
 .debug_frame   0x00000120      0x274 ./Src/circular_buffer.o
 .debug_frame   0x00000394       0x38 ./Src/esp32_client.o
 .debug_frame   0x000003cc       0xac ./Src/esp32_lib.o
 .debug_frame   0x00000478      0x378 ./Src/flash_driver.o
 .debug_frame   0x000007f0       0x58 ./Src/fota_processor.o
 .debug_frame   0x00000848       0x30 ./Src/fpu.o
 .debug_frame   0x00000878       0x74 ./Src/main.o
 .debug_frame   0x000008ec       0x34 ./Src/sysmem.o
 .debug_frame   0x00000920       0xb0 ./Src/timebase.o
 .debug_frame   0x000009d0      0x130 ./Src/uart.o
 .debug_frame   0x00000b00      0x144 C:/ST/STM32CubeIDE_1.18.1/STM32CubeIDE/plugins/com.st.stm32cube.ide.mcu.externaltools.gnu-tools-for-stm32.13.3.rel1.win32_1.0.0.202411081344/tools/bin/../lib/gcc/arm-none-eabi/13.3.1/../../../../arm-none-eabi/lib/thumb/v7e-m+fp/hard\libc_nano.a(libc_a-findfp.o)
 .debug_frame   0x00000c44       0x7c C:/ST/STM32CubeIDE_1.18.1/STM32CubeIDE/plugins/com.st.stm32cube.ide.mcu.externaltools.gnu-tools-for-stm32.13.3.rel1.win32_1.0.0.202411081344/tools/bin/../lib/gcc/arm-none-eabi/13.3.1/../../../../arm-none-eabi/lib/thumb/v7e-m+fp/hard\libc_nano.a(libc_a-snprintf.o)
 .debug_frame   0x00000cc0       0x74 C:/ST/STM32CubeIDE_1.18.1/STM32CubeIDE/plugins/com.st.stm32cube.ide.mcu.externaltools.gnu-tools-for-stm32.13.3.rel1.win32_1.0.0.202411081344/tools/bin/../lib/gcc/arm-none-eabi/13.3.1/../../../../arm-none-eabi/lib/thumb/v7e-m+fp/hard\libc_nano.a(libc_a-sprintf.o)
 .debug_frame   0x00000d34       0x20 C:/ST/STM32CubeIDE_1.18.1/STM32CubeIDE/plugins/com.st.stm32cube.ide.mcu.externaltools.gnu-tools-for-stm32.13.3.rel1.win32_1.0.0.202411081344/tools/bin/../lib/gcc/arm-none-eabi/13.3.1/../../../../arm-none-eabi/lib/thumb/v7e-m+fp/hard\libc_nano.a(libc_a-memset.o)
 .debug_frame   0x00000d54       0x28 C:/ST/STM32CubeIDE_1.18.1/STM32CubeIDE/plugins/com.st.stm32cube.ide.mcu.externaltools.gnu-tools-for-stm32.13.3.rel1.win32_1.0.0.202411081344/tools/bin/../lib/gcc/arm-none-eabi/13.3.1/../../../../arm-none-eabi/lib/thumb/v7e-m+fp/hard\libc_nano.a(libc_a-strncmp.o)
 .debug_frame   0x00000d7c       0x38 C:/ST/STM32CubeIDE_1.18.1/STM32CubeIDE/plugins/com.st.stm32cube.ide.mcu.externaltools.gnu-tools-for-stm32.13.3.rel1.win32_1.0.0.202411081344/tools/bin/../lib/gcc/arm-none-eabi/13.3.1/../../../../arm-none-eabi/lib/thumb/v7e-m+fp/hard\libc_nano.a(libc_a-reent.o)
 .debug_frame   0x00000db4       0x20 C:/ST/STM32CubeIDE_1.18.1/STM32CubeIDE/plugins/com.st.stm32cube.ide.mcu.externaltools.gnu-tools-for-stm32.13.3.rel1.win32_1.0.0.202411081344/tools/bin/../lib/gcc/arm-none-eabi/13.3.1/../../../../arm-none-eabi/lib/thumb/v7e-m+fp/hard\libc_nano.a(libc_a-errno.o)
 .debug_frame   0x00000dd4       0x2c C:/ST/STM32CubeIDE_1.18.1/STM32CubeIDE/plugins/com.st.stm32cube.ide.mcu.externaltools.gnu-tools-for-stm32.13.3.rel1.win32_1.0.0.202411081344/tools/bin/../lib/gcc/arm-none-eabi/13.3.1/../../../../arm-none-eabi/lib/thumb/v7e-m+fp/hard\libc_nano.a(libc_a-init.o)
 .debug_frame   0x00000e00       0xb0 C:/ST/STM32CubeIDE_1.18.1/STM32CubeIDE/plugins/com.st.stm32cube.ide.mcu.externaltools.gnu-tools-for-stm32.13.3.rel1.win32_1.0.0.202411081344/tools/bin/../lib/gcc/arm-none-eabi/13.3.1/../../../../arm-none-eabi/lib/thumb/v7e-m+fp/hard\libc_nano.a(libc_a-lock.o)
 .debug_frame   0x00000eb0       0x38 C:/ST/STM32CubeIDE_1.18.1/STM32CubeIDE/plugins/com.st.stm32cube.ide.mcu.externaltools.gnu-tools-for-stm32.13.3.rel1.win32_1.0.0.202411081344/tools/bin/../lib/gcc/arm-none-eabi/13.3.1/../../../../arm-none-eabi/lib/thumb/v7e-m+fp/hard\libc_nano.a(libc_a-freer.o)
 .debug_frame   0x00000ee8       0x50 C:/ST/STM32CubeIDE_1.18.1/STM32CubeIDE/plugins/com.st.stm32cube.ide.mcu.externaltools.gnu-tools-for-stm32.13.3.rel1.win32_1.0.0.202411081344/tools/bin/../lib/gcc/arm-none-eabi/13.3.1/../../../../arm-none-eabi/lib/thumb/v7e-m+fp/hard\libc_nano.a(libc_a-mallocr.o)
 .debug_frame   0x00000f38       0x30 C:/ST/STM32CubeIDE_1.18.1/STM32CubeIDE/plugins/com.st.stm32cube.ide.mcu.externaltools.gnu-tools-for-stm32.13.3.rel1.win32_1.0.0.202411081344/tools/bin/../lib/gcc/arm-none-eabi/13.3.1/../../../../arm-none-eabi/lib/thumb/v7e-m+fp/hard\libc_nano.a(libc_a-mlock.o)
 .debug_frame   0x00000f68       0x90 C:/ST/STM32CubeIDE_1.18.1/STM32CubeIDE/plugins/com.st.stm32cube.ide.mcu.externaltools.gnu-tools-for-stm32.13.3.rel1.win32_1.0.0.202411081344/tools/bin/../lib/gcc/arm-none-eabi/13.3.1/../../../../arm-none-eabi/lib/thumb/v7e-m+fp/hard\libc_nano.a(libc_a-nano-svfprintf.o)
 .debug_frame   0x00000ff8       0x60 C:/ST/STM32CubeIDE_1.18.1/STM32CubeIDE/plugins/com.st.stm32cube.ide.mcu.externaltools.gnu-tools-for-stm32.13.3.rel1.win32_1.0.0.202411081344/tools/bin/../lib/gcc/arm-none-eabi/13.3.1/../../../../arm-none-eabi/lib/thumb/v7e-m+fp/hard\libc_nano.a(libc_a-nano-vfprintf_i.o)
 .debug_frame   0x00001058       0x28 C:/ST/STM32CubeIDE_1.18.1/STM32CubeIDE/plugins/com.st.stm32cube.ide.mcu.externaltools.gnu-tools-for-stm32.13.3.rel1.win32_1.0.0.202411081344/tools/bin/../lib/gcc/arm-none-eabi/13.3.1/../../../../arm-none-eabi/lib/thumb/v7e-m+fp/hard\libc_nano.a(libc_a-memmove.o)
 .debug_frame   0x00001080       0x2c C:/ST/STM32CubeIDE_1.18.1/STM32CubeIDE/plugins/com.st.stm32cube.ide.mcu.externaltools.gnu-tools-for-stm32.13.3.rel1.win32_1.0.0.202411081344/tools/bin/../lib/gcc/arm-none-eabi/13.3.1/../../../../arm-none-eabi/lib/thumb/v7e-m+fp/hard\libc_nano.a(libc_a-sbrkr.o)
 .debug_frame   0x000010ac       0x28 C:/ST/STM32CubeIDE_1.18.1/STM32CubeIDE/plugins/com.st.stm32cube.ide.mcu.externaltools.gnu-tools-for-stm32.13.3.rel1.win32_1.0.0.202411081344/tools/bin/../lib/gcc/arm-none-eabi/13.3.1/../../../../arm-none-eabi/lib/thumb/v7e-m+fp/hard\libc_nano.a(libc_a-memcpy-stub.o)
 .debug_frame   0x000010d4       0x3c C:/ST/STM32CubeIDE_1.18.1/STM32CubeIDE/plugins/com.st.stm32cube.ide.mcu.externaltools.gnu-tools-for-stm32.13.3.rel1.win32_1.0.0.202411081344/tools/bin/../lib/gcc/arm-none-eabi/13.3.1/../../../../arm-none-eabi/lib/thumb/v7e-m+fp/hard\libc_nano.a(libc_a-reallocr.o)
 .debug_frame   0x00001110       0x20 C:/ST/STM32CubeIDE_1.18.1/STM32CubeIDE/plugins/com.st.stm32cube.ide.mcu.externaltools.gnu-tools-for-stm32.13.3.rel1.win32_1.0.0.202411081344/tools/bin/../lib/gcc/arm-none-eabi/13.3.1/../../../../arm-none-eabi/lib/thumb/v7e-m+fp/hard\libc_nano.a(libc_a-msizer.o)

.debug_line_str
                0x00000000       0xbc
 .debug_line_str
                0x00000000       0xbc ./Startup/startup_stm32f401retx.o
