Archive member included to satisfy reference by file (symbol)

C:/ST/STM32CubeIDE_1.18.1/STM32CubeIDE/plugins/com.st.stm32cube.ide.mcu.externaltools.gnu-tools-for-stm32.13.3.rel1.win32_1.0.0.202411081344/tools/bin/../lib/gcc/arm-none-eabi/13.3.1/../../../../arm-none-eabi/lib/thumb/v7e-m+fp/hard\libc_nano.a(libc_a-calloc.o)
                              ./Src/main.o (calloc)
C:/ST/STM32CubeIDE_1.18.1/STM32CubeIDE/plugins/com.st.stm32cube.ide.mcu.externaltools.gnu-tools-for-stm32.13.3.rel1.win32_1.0.0.202411081344/tools/bin/../lib/gcc/arm-none-eabi/13.3.1/../../../../arm-none-eabi/lib/thumb/v7e-m+fp/hard\libc_nano.a(libc_a-callocr.o)
                              C:/ST/STM32CubeIDE_1.18.1/STM32CubeIDE/plugins/com.st.stm32cube.ide.mcu.externaltools.gnu-tools-for-stm32.13.3.rel1.win32_1.0.0.202411081344/tools/bin/../lib/gcc/arm-none-eabi/13.3.1/../../../../arm-none-eabi/lib/thumb/v7e-m+fp/hard\libc_nano.a(libc_a-calloc.o) (_calloc_r)
C:/ST/STM32CubeIDE_1.18.1/STM32CubeIDE/plugins/com.st.stm32cube.ide.mcu.externaltools.gnu-tools-for-stm32.13.3.rel1.win32_1.0.0.202411081344/tools/bin/../lib/gcc/arm-none-eabi/13.3.1/../../../../arm-none-eabi/lib/thumb/v7e-m+fp/hard\libc_nano.a(libc_a-exit.o)
                              C:/ST/STM32CubeIDE_1.18.1/STM32CubeIDE/plugins/com.st.stm32cube.ide.mcu.externaltools.gnu-tools-for-stm32.13.3.rel1.win32_1.0.0.202411081344/tools/bin/../lib/gcc/arm-none-eabi/13.3.1/../../../../arm-none-eabi/lib/thumb/v7e-m+fp/hard/crt0.o (exit)
C:/ST/STM32CubeIDE_1.18.1/STM32CubeIDE/plugins/com.st.stm32cube.ide.mcu.externaltools.gnu-tools-for-stm32.13.3.rel1.win32_1.0.0.202411081344/tools/bin/../lib/gcc/arm-none-eabi/13.3.1/../../../../arm-none-eabi/lib/thumb/v7e-m+fp/hard\libc_nano.a(libc_a-malloc.o)
                              ./Middlewares/Third_Party/FatFs/src/option/syscall.o (malloc)
C:/ST/STM32CubeIDE_1.18.1/STM32CubeIDE/plugins/com.st.stm32cube.ide.mcu.externaltools.gnu-tools-for-stm32.13.3.rel1.win32_1.0.0.202411081344/tools/bin/../lib/gcc/arm-none-eabi/13.3.1/../../../../arm-none-eabi/lib/thumb/v7e-m+fp/hard\libc_nano.a(libc_a-mallocr.o)
                              C:/ST/STM32CubeIDE_1.18.1/STM32CubeIDE/plugins/com.st.stm32cube.ide.mcu.externaltools.gnu-tools-for-stm32.13.3.rel1.win32_1.0.0.202411081344/tools/bin/../lib/gcc/arm-none-eabi/13.3.1/../../../../arm-none-eabi/lib/thumb/v7e-m+fp/hard\libc_nano.a(libc_a-callocr.o) (_malloc_r)
C:/ST/STM32CubeIDE_1.18.1/STM32CubeIDE/plugins/com.st.stm32cube.ide.mcu.externaltools.gnu-tools-for-stm32.13.3.rel1.win32_1.0.0.202411081344/tools/bin/../lib/gcc/arm-none-eabi/13.3.1/../../../../arm-none-eabi/lib/thumb/v7e-m+fp/hard\libc_nano.a(libc_a-mlock.o)
                              C:/ST/STM32CubeIDE_1.18.1/STM32CubeIDE/plugins/com.st.stm32cube.ide.mcu.externaltools.gnu-tools-for-stm32.13.3.rel1.win32_1.0.0.202411081344/tools/bin/../lib/gcc/arm-none-eabi/13.3.1/../../../../arm-none-eabi/lib/thumb/v7e-m+fp/hard\libc_nano.a(libc_a-mallocr.o) (__malloc_lock)
C:/ST/STM32CubeIDE_1.18.1/STM32CubeIDE/plugins/com.st.stm32cube.ide.mcu.externaltools.gnu-tools-for-stm32.13.3.rel1.win32_1.0.0.202411081344/tools/bin/../lib/gcc/arm-none-eabi/13.3.1/../../../../arm-none-eabi/lib/thumb/v7e-m+fp/hard\libc_nano.a(libc_a-findfp.o)
                              C:/ST/STM32CubeIDE_1.18.1/STM32CubeIDE/plugins/com.st.stm32cube.ide.mcu.externaltools.gnu-tools-for-stm32.13.3.rel1.win32_1.0.0.202411081344/tools/bin/../lib/gcc/arm-none-eabi/13.3.1/../../../../arm-none-eabi/lib/thumb/v7e-m+fp/hard\libc_nano.a(libc_a-exit.o) (__stdio_exit_handler)
C:/ST/STM32CubeIDE_1.18.1/STM32CubeIDE/plugins/com.st.stm32cube.ide.mcu.externaltools.gnu-tools-for-stm32.13.3.rel1.win32_1.0.0.202411081344/tools/bin/../lib/gcc/arm-none-eabi/13.3.1/../../../../arm-none-eabi/lib/thumb/v7e-m+fp/hard\libc_nano.a(libc_a-fwalk.o)
                              C:/ST/STM32CubeIDE_1.18.1/STM32CubeIDE/plugins/com.st.stm32cube.ide.mcu.externaltools.gnu-tools-for-stm32.13.3.rel1.win32_1.0.0.202411081344/tools/bin/../lib/gcc/arm-none-eabi/13.3.1/../../../../arm-none-eabi/lib/thumb/v7e-m+fp/hard\libc_nano.a(libc_a-findfp.o) (_fwalk_sglue)
C:/ST/STM32CubeIDE_1.18.1/STM32CubeIDE/plugins/com.st.stm32cube.ide.mcu.externaltools.gnu-tools-for-stm32.13.3.rel1.win32_1.0.0.202411081344/tools/bin/../lib/gcc/arm-none-eabi/13.3.1/../../../../arm-none-eabi/lib/thumb/v7e-m+fp/hard\libc_nano.a(libc_a-printf.o)
                              ./Src/main.o (printf)
C:/ST/STM32CubeIDE_1.18.1/STM32CubeIDE/plugins/com.st.stm32cube.ide.mcu.externaltools.gnu-tools-for-stm32.13.3.rel1.win32_1.0.0.202411081344/tools/bin/../lib/gcc/arm-none-eabi/13.3.1/../../../../arm-none-eabi/lib/thumb/v7e-m+fp/hard\libc_nano.a(libc_a-putchar.o)
                              ./Src/main.o (putchar)
[...]
Memory Configuration

Name             Origin             Length             Attributes
RAM              0x20000000         0x00018000         xrw
FLASH            0x08000000         0x00080000         xr
*default*        0x00000000         0xffffffff

Linker script and memory map

LOAD C:/ST/STM32CubeIDE_1.18.1/STM32CubeIDE/plugins/com.st.stm32cube.ide.mcu.externaltools.gnu-tools-for-stm32.13.3.rel1.win32_1.0.0.202411081344/tools/bin/../lib/gcc/arm-none-eabi/13.3.1/thumb/v7e-m+fp/hard/crti.o
LOAD C:/ST/STM32CubeIDE_1.18.1/STM32CubeIDE/plugins/com.st.stm32cube.ide.mcu.externaltools.gnu-tools-for-stm32.13.3.rel1.win32_1.0.0.202411081344/tools/bin/../lib/gcc/arm-none-eabi/13.3.1/thumb/v7e-m+fp/hard/crtbegin.o
LOAD C:/ST/STM32CubeIDE_1.18.1/STM32CubeIDE/plugins/com.st.stm32cube.ide.mcu.externaltools.gnu-tools-for-stm32.13.3.rel1.win32_1.0.0.202411081344/tools/bin/../lib/gcc/arm-none-eabi/13.3.1/../../../../arm-none-eabi/lib/thumb/v7e-m+fp/hard/crt0.o
LOAD ./FatFsCore/App/fatfs_app.o
LOAD ./FatFsCore/Target/user_diskio.o
LOAD ./Middlewares/Third_Party/FatFs/src/diskio.o
LOAD ./Middlewares/Third_Party/FatFs/src/ff.o
LOAD ./Middlewares/Third_Party/FatFs/src/ff_gen_drv.o
LOAD ./Middlewares/Third_Party/FatFs/src/option/ccsbcs.o
LOAD ./Middlewares/Third_Party/FatFs/src/option/syscall.o
LOAD ./Src/adc.o
LOAD ./Src/bsp.o
LOAD ./Src/flash_driver.o
LOAD ./Src/fpu.o
LOAD ./Src/main.o
LOAD ./Src/sd_card_driver.o
LOAD ./Src/sd_card_spi.o
LOAD ./Src/spi.o
LOAD ./Src/syscalls.o
LOAD ./Src/sysmem.o
LOAD ./Src/timebase.o
LOAD ./Src/uart.o
LOAD ./Startup/startup_stm32f401retx.o
START GROUP
LOAD C:/ST/STM32CubeIDE_1.18.1/STM32CubeIDE/plugins/com.st.stm32cube.ide.mcu.externaltools.gnu-tools-for-stm32.13.3.rel1.win32_1.0.0.202411081344/tools/bin/../lib/gcc/arm-none-eabi/13.3.1/../../../../arm-none-eabi/lib/thumb/v7e-m+fp/hard\libc_nano.a
LOAD C:/ST/STM32CubeIDE_1.18.1/STM32CubeIDE/plugins/com.st.stm32cube.ide.mcu.externaltools.gnu-tools-for-stm32.13.3.rel1.win32_1.0.0.202411081344/tools/bin/../lib/gcc/arm-none-eabi/13.3.1/../../../../arm-none-eabi/lib/thumb/v7e-m+fp/hard\libm.a
END GROUP
START GROUP
LOAD C:/ST/STM32CubeIDE_1.18.1/STM32CubeIDE/plugins/com.st.stm32cube.ide.mcu.externaltools.gnu-tools-for-stm32.13.3.rel1.win32_1.0.0.202411081344/tools/bin/../lib/gcc/arm-none-eabi/13.3.1/thumb/v7e-m+fp/hard\libgcc.a
LOAD C:/ST/STM32CubeIDE_1.18.1/STM32CubeIDE/plugins/com.st.stm32cube.ide.mcu.externaltools.gnu-tools-for-stm32.13.3.rel1.win32_1.0.0.202411081344/tools/bin/../lib/gcc/arm-none-eabi/13.3.1/../../../../arm-none-eabi/lib/thumb/v7e-m+fp/hard\libc_nano.a
END GROUP
START GROUP
LOAD C:/ST/STM32CubeIDE_1.18.1/STM32CubeIDE/plugins/com.st.stm32cube.ide.mcu.externaltools.gnu-tools-for-stm32.13.3.rel1.win32_1.0.0.202411081344/tools/bin/../lib/gcc/arm-none-eabi/13.3.1/thumb/v7e-m+fp/hard\libgcc.a
LOAD C:/ST/STM32CubeIDE_1.18.1/STM32CubeIDE/plugins/com.st.stm32cube.ide.mcu.externaltools.gnu-tools-for-stm32.13.3.rel1.win32_1.0.0.202411081344/tools/bin/../lib/gcc/arm-none-eabi/13.3.1/../../../../arm-none-eabi/lib/thumb/v7e-m+fp/hard\libc_nano.a
LOAD C:/ST/STM32CubeIDE_1.18.1/STM32CubeIDE/plugins/com.st.stm32cube.ide.mcu.externaltools.gnu-tools-for-stm32.13.3.rel1.win32_1.0.0.202411081344/tools/bin/../lib/gcc/arm-none-eabi/13.3.1/../../../../arm-none-eabi/lib/thumb/v7e-m+fp/hard\libnosys.a
END GROUP
START GROUP
LOAD C:/ST/STM32CubeIDE_1.18.1/STM32CubeIDE/plugins/com.st.stm32cube.ide.mcu.externaltools.gnu-tools-for-stm32.13.3.rel1.win32_1.0.0.202411081344/tools/bin/../lib/gcc/arm-none-eabi/13.3.1/thumb/v7e-m+fp/hard\libgcc.a
LOAD C:/ST/STM32CubeIDE_1.18.1/STM32CubeIDE/plugins/com.st.stm32cube.ide.mcu.externaltools.gnu-tools-for-stm32.13.3.rel1.win32_1.0.0.202411081344/tools/bin/../lib/gcc/arm-none-eabi/13.3.1/../../../../arm-none-eabi/lib/thumb/v7e-m+fp/hard\libc_nano.a
LOAD C:/ST/STM32CubeIDE_1.18.1/STM32CubeIDE/plugins/com.st.stm32cube.ide.mcu.externaltools.gnu-tools-for-stm32.13.3.rel1.win32_1.0.0.202411081344/tools/bin/../lib/gcc/arm-none-eabi/13.3.1/../../../../arm-none-eabi/lib/thumb/v7e-m+fp/hard\libnosys.a
END GROUP
LOAD C:/ST/STM32CubeIDE_1.18.1/STM32CubeIDE/plugins/com.st.stm32cube.ide.mcu.externaltools.gnu-tools-for-stm32.13.3.rel1.win32_1.0.0.202411081344/tools/bin/../lib/gcc/arm-none-eabi/13.3.1/thumb/v7e-m+fp/hard/crtend.o
LOAD C:/ST/STM32CubeIDE_1.18.1/STM32CubeIDE/plugins/com.st.stm32cube.ide.mcu.externaltools.gnu-tools-for-stm32.13.3.rel1.win32_1.0.0.202411081344/tools/bin/../lib/gcc/arm-none-eabi/13.3.1/thumb/v7e-m+fp/hard/crtn.o
                0x20018000                        _estack = (ORIGIN (RAM) + LENGTH (RAM))
                0x00000200                        _Min_Heap_Size = 0x200
                0x00000400                        _Min_Stack_Size = 0x400

.isr_vector     0x08000000      0x194
                0x08000000                        . = ALIGN (0x4)
 *(.isr_vector)
 .isr_vector    0x08000000      0x194 ./Startup/startup_stm32f401retx.o
                0x08000000                g_pfnVectors
                0x08000194                        . = ALIGN (0x4)

.text           0x080001a0     0x549c
                0x080001a0                        . = ALIGN (0x4)
 *(.text)
 .text          0x080001a0       0x40 C:/ST/STM32CubeIDE_1.18.1/STM32CubeIDE/plugins/com.st.stm32cube.ide.mcu.externaltools.gnu-tools-for-stm32.13.3.rel1.win32_1.0.0.202411081344/tools/bin/../lib/gcc/arm-none-eabi/13.3.1/thumb/v7e-m+fp/hard/crtbegin.o
 .text          0x080001e0       0xa0 C:/ST/STM32CubeIDE_1.18.1/STM32CubeIDE/plugins/com.st.stm32cube.ide.mcu.externaltools.gnu-tools-for-stm32.13.3.rel1.win32_1.0.0.202411081344/tools/bin/../lib/gcc/arm-none-eabi/13.3.1/../../../../arm-none-eabi/lib/thumb/v7e-m+fp/hard\libc_nano.a(libc_a-memchr.o)
                0x080001e0                memchr
 *(.text*)
 .text.fatfs_init
                0x08000280       0x18 ./FatFsCore/App/fatfs_app.o
                0x08000280                fatfs_init
 .text.TARGET_initialize
                0x08000298       0x1c ./FatFsCore/Target/user_diskio.o
                0x08000298                TARGET_initialize
 .text.TARGET_read
                0x080002b4       0x26 ./FatFsCore/Target/user_diskio.o
                0x080002b4                TARGET_read
 .text.TARGET_write
                0x080002da       0x26 ./FatFsCore/Target/user_diskio.o
                0x080002da                TARGET_write
 .text.TARGET_ioctl
                0x08000300       0x26 ./FatFsCore/Target/user_diskio.o
                0x08000300                TARGET_ioctl
 .text.TARGET_status
                0x08000326       0x1c ./FatFsCore/Target/user_diskio.o
                0x08000326                TARGET_status
 *fill*         0x08000342        0x2 
 .text.disk_status
                0x08000344       0x34 ./Middlewares/Third_Party/FatFs/src/diskio.o
                0x08000344                disk_status
 .text.disk_initialize
                0x08000378       0x4c ./Middlewares/Third_Party/FatFs/src/diskio.o
                0x08000378                disk_initialize
 .text.disk_read
                0x080003c4       0x40 ./Middlewares/Third_Party/FatFs/src/diskio.o
                0x080003c4                disk_read
 .text.disk_write
                0x08000404       0x40 ./Middlewares/Third_Party/FatFs/src/diskio.o
                0x08000404                disk_write
 .text.get_fattime
                0x08000444       0x10 ./Middlewares/Third_Party/FatFs/src/diskio.o
                0x08000444                get_fattime
 .text.ld_word  0x08000454       0x32 ./Middlewares/Third_Party/FatFs/src/ff.o
 .text.ld_dword
                0x08000486       0x46 ./Middlewares/Third_Party/FatFs/src/ff.o
 .text.st_word  0x080004cc       0x36 ./Middlewares/Third_Party/FatFs/src/ff.o
 .text.st_dword
                0x08000502       0x58 ./Middlewares/Third_Party/FatFs/src/ff.o
 .text.mem_cpy  0x0800055a       0x42 ./Middlewares/Third_Party/FatFs/src/ff.o
 .text.mem_set  0x0800059c       0x36 ./Middlewares/Third_Party/FatFs/src/ff.o
 .text.mem_cmp  0x080005d2       0x4e ./Middlewares/Third_Party/FatFs/src/ff.o
 .text.chk_chr  0x08000620       0x36 ./Middlewares/Third_Party/FatFs/src/ff.o
 *fill*         0x08000656        0x2 
 .text.chk_lock
                0x08000658       0xb8 ./Middlewares/Third_Party/FatFs/src/ff.o
 .text.enq_lock
                0x08000710       0x44 ./Middlewares/Third_Party/FatFs/src/ff.o
 .text.inc_lock
                0x08000754      0x11c ./Middlewares/Third_Party/FatFs/src/ff.o
 .text.clear_lock
                0x08000870       0x48 ./Middlewares/Third_Party/FatFs/src/ff.o
 .text.sync_window
                0x080008b8       0x88 ./Middlewares/Third_Party/FatFs/src/ff.o
 .text.move_window
                0x08000940       0x5a ./Middlewares/Third_Party/FatFs/src/ff.o
 .text.clust2sect
                0x0800099a       0x3e ./Middlewares/Third_Party/FatFs/src/ff.o
 .text.get_fat  0x080009d8      0x14e ./Middlewares/Third_Party/FatFs/src/ff.o
 .text.put_fat  0x08000b26      0x1d4 ./Middlewares/Third_Party/FatFs/src/ff.o
 .text.remove_chain
                0x08000cfa       0xca ./Middlewares/Third_Party/FatFs/src/ff.o
 .text.create_chain
                0x08000dc4      0x130 ./Middlewares/Third_Party/FatFs/src/ff.o
 .text.clmt_clust
                0x08000ef4       0x68 ./Middlewares/Third_Party/FatFs/src/ff.o
 .text.dir_sdi  0x08000f5c       0xf6 ./Middlewares/Third_Party/FatFs/src/ff.o
 .text.dir_next
                0x08001052      0x18a ./Middlewares/Third_Party/FatFs/src/ff.o
 .text.dir_alloc
                0x080011dc       0x8e ./Middlewares/Third_Party/FatFs/src/ff.o
 .text.ld_clust
                0x0800126a       0x3e ./Middlewares/Third_Party/FatFs/src/ff.o
 .text.st_clust
                0x080012a8       0x40 ./Middlewares/Third_Party/FatFs/src/ff.o
 .text.cmp_lfn  0x080012e8       0xe0 ./Middlewares/Third_Party/FatFs/src/ff.o
 .text.put_lfn  0x080013c8       0xd0 ./Middlewares/Third_Party/FatFs/src/ff.o
 .text.gen_numname
                0x08001498      0x11c ./Middlewares/Third_Party/FatFs/src/ff.o
 .text.sum_sfn  0x080015b4       0x42 ./Middlewares/Third_Party/FatFs/src/ff.o
 .text.dir_find
                0x080015f6      0x180 ./Middlewares/Third_Party/FatFs/src/ff.o
 *fill*         0x08001776        0x2 
 .text.dir_register
                0x08001778      0x1f0 ./Middlewares/Third_Party/FatFs/src/ff.o
 .text.create_name
                0x08001968      0x370 ./Middlewares/Third_Party/FatFs/src/ff.o
 .text.follow_path
                0x08001cd8       0xe2 ./Middlewares/Third_Party/FatFs/src/ff.o
 .text.get_ldnumber
                0x08001dba       0x88 ./Middlewares/Third_Party/FatFs/src/ff.o
 *fill*         0x08001e42        0x2 
 .text.check_fs
                0x08001e44       0xac ./Middlewares/Third_Party/FatFs/src/ff.o
 .text.find_volume
                0x08001ef0      0x498 ./Middlewares/Third_Party/FatFs/src/ff.o
 .text.validate
                0x08002388       0x6a ./Middlewares/Third_Party/FatFs/src/ff.o
 *fill*         0x080023f2        0x2 
 .text.f_mount  0x080023f4       0x8c ./Middlewares/Third_Party/FatFs/src/ff.o
                0x080023f4                f_mount
 .text.f_open   0x08002480      0x394 ./Middlewares/Third_Party/FatFs/src/ff.o
                0x08002480                f_open
 .text.f_read   0x08002814      0x27e ./Middlewares/Third_Party/FatFs/src/ff.o
                0x08002814                f_read
 *fill*         0x08002a92        0x2 
 .text.FATFS_LinkDriverEx
                0x08002a94       0x98 ./Middlewares/Third_Party/FatFs/src/ff_gen_drv.o
                0x08002a94                FATFS_LinkDriverEx
 .text.FATFS_LinkDriver
                0x08002b2c       0x1e ./Middlewares/Third_Party/FatFs/src/ff_gen_drv.o
                0x08002b2c                FATFS_LinkDriver
 *fill*         0x08002b4a        0x2 
 .text.ff_convert
                0x08002b4c       0x78 ./Middlewares/Third_Party/FatFs/src/option/ccsbcs.o
                0x08002b4c                ff_convert
 .text.ff_wtoupper
                0x08002bc4      0x114 ./Middlewares/Third_Party/FatFs/src/option/ccsbcs.o
                0x08002bc4                ff_wtoupper
 .text.ff_memalloc
                0x08002cd8       0x18 ./Middlewares/Third_Party/FatFs/src/option/syscall.o
                0x08002cd8                ff_memalloc
 .text.ff_memfree
                0x08002cf0       0x16 ./Middlewares/Third_Party/FatFs/src/option/syscall.o
                0x08002cf0                ff_memfree
 *fill*         0x08002d06        0x2 
 .text.pa1_adc_init
                0x08002d08       0x64 ./Src/adc.o
                0x08002d08                pa1_adc_init
 .text.start_conversion
                0x08002d6c       0x2c ./Src/adc.o
                0x08002d6c                start_conversion
 .text.led_init
                0x08002d98       0x3c ./Src/bsp.o
                0x08002d98                led_init
 .text.button_init
                0x08002dd4       0x3c ./Src/bsp.o
                0x08002dd4                button_init
 .text.get_btn_state
                0x08002e10       0x24 ./Src/bsp.o
                0x08002e10                get_btn_state
 .text.flash_sector_erase
                0x08002e34       0x88 ./Src/flash_driver.o
                0x08002e34                flash_sector_erase
 .text.flash_wait_for_last_operation
                0x08002ebc       0x6c ./Src/flash_driver.o
                0x08002ebc                flash_wait_for_last_operation
 .text.flash_unlock
                0x08002f28       0x44 ./Src/flash_driver.o
                0x08002f28                flash_unlock
 .text.flash_write_to_addr
                0x08002f6c       0x8c ./Src/flash_driver.o
                0x08002f6c                flash_write_to_addr
 .text.fpu_enable
                0x08002ff8       0x54 ./Src/fpu.o
                0x08002ff8                fpu_enable
 .text.main     0x0800304c       0x68 ./Src/main.o
                0x0800304c                main
 .text.jump_to_app
                0x080030b4       0x50 ./Src/main.o
                0x080030b4                jump_to_app
 .text.update_main_firmware
                0x08003104      0x1e4 ./Src/main.o
                0x08003104                update_main_firmware
 .text.slave_select
                0x080032e8       0x12 ./Src/sd_card_driver.o
 .text.slave_deselect
                0x080032fa       0x12 ./Src/sd_card_driver.o
 .text.sd_spi_tx_byte
                0x0800330c       0x34 ./Src/sd_card_driver.o
 .text.sd_spi_tx_buff
                0x08003340       0x34 ./Src/sd_card_driver.o
 .text.sd_spi_rx_byte
                0x08003374       0x48 ./Src/sd_card_driver.o
 .text.sd_spi_rx_byte_ptr
                0x080033bc       0x1c ./Src/sd_card_driver.o
 .text.sd_pwr_on
                0x080033d8       0x90 ./Src/sd_card_driver.o
 .text.sd_pwr_off
                0x08003468       0x18 ./Src/sd_card_driver.o
 .text.sd_get_pwr
                0x08003480       0x18 ./Src/sd_card_driver.o
 .text.sd_rdy_wait
                0x08003498       0x34 ./Src/sd_card_driver.o
 .text.sd_spi_rx_data_blk
                0x080034cc       0x54 ./Src/sd_card_driver.o
 .text.sd_spi_tx_data_blk
                0x08003520       0x86 ./Src/sd_card_driver.o
 .text.sd_send_cmd
                0x080035a6       0xa8 ./Src/sd_card_driver.o
 *fill*         0x0800364e        0x2 
 .text.sd_disk_init
                0x08003650      0x28c ./Src/sd_card_driver.o
                0x08003650                sd_disk_init
 .text.sd_disk_read
                0x080038dc       0xcc ./Src/sd_card_driver.o
                0x080038dc                sd_disk_read
 .text.sd_disk_write
                0x080039a8      0x104 ./Src/sd_card_driver.o
                0x080039a8                sd_disk_write
 .text.sd_disk_ioctl
                0x08003aac      0x204 ./Src/sd_card_driver.o
                0x08003aac                sd_disk_ioctl
 .text.sd_disk_status
                0x08003cb0       0x20 ./Src/sd_card_driver.o
                0x08003cb0                sd_disk_status
 .text.cs_pin_set
                0x08003cd0       0x20 ./Src/sd_card_spi.o
                0x08003cd0                cs_pin_set
 .text.cs_pin_reset
                0x08003cf0       0x20 ./Src/sd_card_spi.o
                0x08003cf0                cs_pin_reset
 .text.sd_cs_pin_init
                0x08003d10       0x3c ./Src/sd_card_spi.o
                0x08003d10                sd_cs_pin_init
 .text.sd_card_spi_init
                0x08003d4c       0x58 ./Src/sd_card_spi.o
                0x08003d4c                sd_card_spi_init
 .text.spi1_gpio_init
                0x08003da4      0x108 ./Src/spi.o
                0x08003da4                spi1_gpio_init
 .text.spi_init
                0x08003eac       0xd0 ./Src/spi.o
                0x08003eac                spi_init
 .text.spi_transmit
                0x08003f7c      0x23c ./Src/spi.o
                0x08003f7c                spi_transmit
 .text.spi_receive
                0x080041b8      0x1aa ./Src/spi.o
                0x080041b8                spi_receive
 .text._read    0x08004362       0x3a ./Src/syscalls.o
                0x08004362                _read
 .text._write   0x0800439c       0x38 ./Src/syscalls.o
                0x0800439c                _write
 .text._close   0x080043d4       0x18 ./Src/syscalls.o
                0x080043d4                _close
 .text._fstat   0x080043ec       0x20 ./Src/syscalls.o
                0x080043ec                _fstat
 .text._isatty  0x0800440c       0x16 ./Src/syscalls.o
                0x0800440c                _isatty
 .text._lseek   0x08004422       0x1a ./Src/syscalls.o
                0x08004422                _lseek
 .text._sbrk    0x0800443c       0x6c ./Src/sysmem.o
                0x0800443c                _sbrk
 .text.delay    0x080044a8       0x3c ./Src/timebase.o
                0x080044a8                delay
 .text.get_tick
                0x080044e4       0x2c ./Src/timebase.o
                0x080044e4                get_tick
 .text.tick_increment
                0x08004510       0x1c ./Src/timebase.o
 .text.timebase_init
                0x0800452c       0x48 ./Src/timebase.o
                0x0800452c                timebase_init
 .text.fatfs_tmr_callback
                0x08004574       0x48 ./Src/timebase.o
                0x08004574                fatfs_tmr_callback
 .text.SysTick_Handler
                0x080045bc       0x34 ./Src/timebase.o
                0x080045bc                SysTick_Handler
 .text.__io_putchar
                0x080045f0       0x18 ./Src/uart.o
                0x080045f0                __io_putchar
 .text.debug_uart_init
                0x08004608       0x94 ./Src/uart.o
                0x08004608                debug_uart_init
 .text.uart_write
                0x0800469c       0x30 ./Src/uart.o
 .text.compute_uart_bd
                0x080046cc       0x26 ./Src/uart.o
 *fill*         0x080046f2        0x2 
 .text.uart_set_baudrate
                0x080046f4       0x28 ./Src/uart.o
 .text.Reset_Handler
                0x0800471c       0x50 ./Startup/startup_stm32f401retx.o
                0x0800471c                Reset_Handler
 .text.Default_Handler
                0x0800476c        0x2 ./Startup/startup_stm32f401retx.o
                0x0800476c                EXTI2_IRQHandler
                0x0800476c                DebugMon_Handler
                0x0800476c                SPI4_IRQHandler
                0x0800476c                TIM1_CC_IRQHandler
                0x0800476c                DMA2_Stream5_IRQHandler
                0x0800476c                HardFault_Handler
                0x0800476c                DMA1_Stream5_IRQHandler
                0x0800476c                SDIO_IRQHandler
                0x0800476c                TAMP_STAMP_IRQHandler
                0x0800476c                PendSV_Handler
                0x0800476c                NMI_Handler
                0x0800476c                EXTI3_IRQHandler
                0x0800476c                TIM1_UP_TIM10_IRQHandler
                0x0800476c                I2C3_ER_IRQHandler
                0x0800476c                EXTI18_OTG_FS_WKUP_IRQHandler
                0x0800476c                EXTI0_IRQHandler
                0x0800476c                I2C2_EV_IRQHandler
                0x0800476c                DMA1_Stream2_IRQHandler
                0x0800476c                UsageFault_Handler
                0x0800476c                DMA2_Stream2_IRQHandler
                0x0800476c                SPI1_IRQHandler
                0x0800476c                TIM1_BRK_TIM9_IRQHandler
                0x0800476c                DMA2_Stream3_IRQHandler
                0x0800476c                USART6_IRQHandler
                0x0800476c                DMA2_Stream0_IRQHandler
                0x0800476c                TIM4_IRQHandler
                0x0800476c                I2C1_EV_IRQHandler
                0x0800476c                DMA1_Stream6_IRQHandler
                0x0800476c                DMA1_Stream1_IRQHandler
                0x0800476c                TIM3_IRQHandler
                0x0800476c                RCC_IRQHandler
                0x0800476c                Default_Handler
                0x0800476c                EXTI15_10_IRQHandler
                0x0800476c                ADC_IRQHandler
                0x0800476c                DMA1_Stream7_IRQHandler
                0x0800476c                TIM5_IRQHandler
                0x0800476c                DMA2_Stream7_IRQHandler
                0x0800476c                I2C3_EV_IRQHandler
                0x0800476c                EXTI9_5_IRQHandler
                0x0800476c                SPI2_IRQHandler
                0x0800476c                MemManage_Handler
                0x0800476c                DMA1_Stream0_IRQHandler
                0x0800476c                SVC_Handler
                0x0800476c                EXTI4_IRQHandler
                0x0800476c                EXTI22_RTC_WKUP_IRQHandler
                0x0800476c                TIM2_IRQHandler
                0x0800476c                EXTI16_PVD_IRQHandler
                0x0800476c                TIM1_TRG_COM_TIM11_IRQHandler
                0x0800476c                EXTI1_IRQHandler
                0x0800476c                EXTI17_RTC_Alarm_IRQHandler
                0x0800476c                USART2_IRQHandler
                0x0800476c                I2C2_ER_IRQHandler
                0x0800476c                DMA2_Stream1_IRQHandler
                0x0800476c                FLASH_IRQHandler
                0x0800476c                DMA2_Stream4_IRQHandler
                0x0800476c                BusFault_Handler
                0x0800476c                USART1_IRQHandler
                0x0800476c                OTG_FS_IRQHandler
                0x0800476c                SPI3_IRQHandler
                0x0800476c                DMA1_Stream4_IRQHandler
                0x0800476c                I2C1_ER_IRQHandler
                0x0800476c                DMA2_Stream6_IRQHandler
                0x0800476c                DMA1_Stream3_IRQHandler
 *fill*         0x0800476e        0x2 
 .text.calloc   0x08004770       0x10 C:/ST/STM32CubeIDE_1.18.1/STM32CubeIDE/plugins/com.st.stm32cube.ide.mcu.externaltools.gnu-tools-for-stm32.13.3.rel1.win32_1.0.0.202411081344/tools/bin/../lib/gcc/arm-none-eabi/13.3.1/../../../../arm-none-eabi/lib/thumb/v7e-m+fp/hard\libc_nano.a(libc_a-calloc.o)
                0x08004770                calloc
 .text._calloc_r
                0x08004780       0x28 C:/ST/STM32CubeIDE_1.18.1/STM32CubeIDE/plugins/com.st.stm32cube.ide.mcu.externaltools.gnu-tools-for-stm32.13.3.rel1.win32_1.0.0.202411081344/tools/bin/../lib/gcc/arm-none-eabi/13.3.1/../../../../arm-none-eabi/lib/thumb/v7e-m+fp/hard\libc_nano.a(libc_a-callocr.o)
                0x08004780                _calloc_r
 .text.malloc   0x080047a8       0x10 C:/ST/STM32CubeIDE_1.18.1/STM32CubeIDE/plugins/com.st.stm32cube.ide.mcu.externaltools.gnu-tools-for-stm32.13.3.rel1.win32_1.0.0.202411081344/tools/bin/../lib/gcc/arm-none-eabi/13.3.1/../../../../arm-none-eabi/lib/thumb/v7e-m+fp/hard\libc_nano.a(libc_a-malloc.o)
                0x080047a8                malloc
 .text.free     0x080047b8       0x10 C:/ST/STM32CubeIDE_1.18.1/STM32CubeIDE/plugins/com.st.stm32cube.ide.mcu.externaltools.gnu-tools-for-stm32.13.3.rel1.win32_1.0.0.202411081344/tools/bin/../lib/gcc/arm-none-eabi/13.3.1/../../../../arm-none-eabi/lib/thumb/v7e-m+fp/hard\libc_nano.a(libc_a-malloc.o)
                0x080047b8                free
 .text.sbrk_aligned
                0x080047c8       0x44 C:/ST/STM32CubeIDE_1.18.1/STM32CubeIDE/plugins/com.st.stm32cube.ide.mcu.externaltools.gnu-tools-for-stm32.13.3.rel1.win32_1.0.0.202411081344/tools/bin/../lib/gcc/arm-none-eabi/13.3.1/../../../../arm-none-eabi/lib/thumb/v7e-m+fp/hard\libc_nano.a(libc_a-mallocr.o)
 .text._malloc_r
                0x0800480c      0x100 C:/ST/STM32CubeIDE_1.18.1/STM32CubeIDE/plugins/com.st.stm32cube.ide.mcu.externaltools.gnu-tools-for-stm32.13.3.rel1.win32_1.0.0.202411081344/tools/bin/../lib/gcc/arm-none-eabi/13.3.1/../../../../arm-none-eabi/lib/thumb/v7e-m+fp/hard\libc_nano.a(libc_a-mallocr.o)
                0x0800480c                _malloc_r
 .text.__malloc_lock
                0x0800490c        0xc C:/ST/STM32CubeIDE_1.18.1/STM32CubeIDE/plugins/com.st.stm32cube.ide.mcu.externaltools.gnu-tools-for-stm32.13.3.rel1.win32_1.0.0.202411081344/tools/bin/../lib/gcc/arm-none-eabi/13.3.1/../../../../arm-none-eabi/lib/thumb/v7e-m+fp/hard\libc_nano.a(libc_a-mlock.o)
                0x0800490c                __malloc_lock
 .text.__malloc_unlock
                0x08004918        0xc C:/ST/STM32CubeIDE_1.18.1/STM32CubeIDE/plugins/com.st.stm32cube.ide.mcu.externaltools.gnu-tools-for-stm32.13.3.rel1.win32_1.0.0.202411081344/tools/bin/../lib/gcc/arm-none-eabi/13.3.1/../../../../arm-none-eabi/lib/thumb/v7e-m+fp/hard\libc_nano.a(libc_a-mlock.o)
                0x08004918                __malloc_unlock
 .text.std      0x08004924       0x6c C:/ST/STM32CubeIDE_1.18.1/STM32CubeIDE/plugins/com.st.stm32cube.ide.mcu.externaltools.gnu-tools-for-stm32.13.3.rel1.win32_1.0.0.202411081344/tools/bin/../lib/gcc/arm-none-eabi/13.3.1/../../../../arm-none-eabi/lib/thumb/v7e-m+fp/hard\libc_nano.a(libc_a-findfp.o)
 .text.stdio_exit_handler
                0x08004990       0x18 C:/ST/STM32CubeIDE_1.18.1/STM32CubeIDE/plugins/com.st.stm32cube.ide.mcu.externaltools.gnu-tools-for-stm32.13.3.rel1.win32_1.0.0.202411081344/tools/bin/../lib/gcc/arm-none-eabi/13.3.1/../../../../arm-none-eabi/lib/thumb/v7e-m+fp/hard\libc_nano.a(libc_a-findfp.o)
 .text.cleanup_stdio
                0x080049a8       0x40 C:/ST/STM32CubeIDE_1.18.1/STM32CubeIDE/plugins/com.st.stm32cube.ide.mcu.externaltools.gnu-tools-for-stm32.13.3.rel1.win32_1.0.0.202411081344/tools/bin/../lib/gcc/arm-none-eabi/13.3.1/../../../../arm-none-eabi/lib/thumb/v7e-m+fp/hard\libc_nano.a(libc_a-findfp.o)
 .text.global_stdio_init.part.0
                0x080049e8       0x3c C:/ST/STM32CubeIDE_1.18.1/STM32CubeIDE/plugins/com.st.stm32cube.ide.mcu.externaltools.gnu-tools-for-stm32.13.3.rel1.win32_1.0.0.202411081344/tools/bin/../lib/gcc/arm-none-eabi/13.3.1/../../../../arm-none-eabi/lib/thumb/v7e-m+fp/hard\libc_nano.a(libc_a-findfp.o)
 .text.__sfp_lock_acquire
                0x08004a24        0xc C:/ST/STM32CubeIDE_1.18.1/STM32CubeIDE/plugins/com.st.stm32cube.ide.mcu.externaltools.gnu-tools-for-stm32.13.3.rel1.win32_1.0.0.202411081344/tools/bin/../lib/gcc/arm-none-eabi/13.3.1/../../../../arm-none-eabi/lib/thumb/v7e-m+fp/hard\libc_nano.a(libc_a-findfp.o)
                0x08004a24                __sfp_lock_acquire
 .text.__sfp_lock_release
                0x08004a30        0xc C:/ST/STM32CubeIDE_1.18.1/STM32CubeIDE/plugins/com.st.stm32cube.ide.mcu.externaltools.gnu-tools-for-stm32.13.3.rel1.win32_1.0.0.202411081344/tools/bin/../lib/gcc/arm-none-eabi/13.3.1/../../../../arm-none-eabi/lib/thumb/v7e-m+fp/hard\libc_nano.a(libc_a-findfp.o)
                0x08004a30                __sfp_lock_release
 .text.__sinit  0x08004a3c       0x30 C:/ST/STM32CubeIDE_1.18.1/STM32CubeIDE/plugins/com.st.stm32cube.ide.mcu.externaltools.gnu-tools-for-stm32.13.3.rel1.win32_1.0.0.202411081344/tools/bin/../lib/gcc/arm-none-eabi/13.3.1/../../../../arm-none-eabi/lib/thumb/v7e-m+fp/hard\libc_nano.a(libc_a-findfp.o)
                0x08004a3c                __sinit
 .text._fwalk_sglue
                0x08004a6c       0x3c C:/ST/STM32CubeIDE_1.18.1/STM32CubeIDE/plugins/com.st.stm32cube.ide.mcu.externaltools.gnu-tools-for-stm32.13.3.rel1.win32_1.0.0.202411081344/tools/bin/../lib/gcc/arm-none-eabi/13.3.1/../../../../arm-none-eabi/lib/thumb/v7e-m+fp/hard\libc_nano.a(libc_a-fwalk.o)
                0x08004a6c                _fwalk_sglue
 .text.printf   0x08004aa8       0x24 C:/ST/STM32CubeIDE_1.18.1/STM32CubeIDE/plugins/com.st.stm32cube.ide.mcu.externaltools.gnu-tools-for-stm32.13.3.rel1.win32_1.0.0.202411081344/tools/bin/../lib/gcc/arm-none-eabi/13.3.1/../../../../arm-none-eabi/lib/thumb/v7e-m+fp/hard\libc_nano.a(libc_a-printf.o)
                0x08004aa8                iprintf
                0x08004aa8                printf
 .text.__sread  0x08004acc       0x22 C:/ST/STM32CubeIDE_1.18.1/STM32CubeIDE/plugins/com.st.stm32cube.ide.mcu.externaltools.gnu-tools-for-stm32.13.3.rel1.win32_1.0.0.202411081344/tools/bin/../lib/gcc/arm-none-eabi/13.3.1/../../../../arm-none-eabi/lib/thumb/v7e-m+fp/hard\libc_nano.a(libc_a-stdio.o)
                0x08004acc                __sread
 .text.__swrite
                0x08004aee       0x38 C:/ST/STM32CubeIDE_1.18.1/STM32CubeIDE/plugins/com.st.stm32cube.ide.mcu.externaltools.gnu-tools-for-stm32.13.3.rel1.win32_1.0.0.202411081344/tools/bin/../lib/gcc/arm-none-eabi/13.3.1/../../../../arm-none-eabi/lib/thumb/v7e-m+fp/hard\libc_nano.a(libc_a-stdio.o)
                0x08004aee                __swrite
 .text.__sseek  0x08004b26       0x24 C:/ST/STM32CubeIDE_1.18.1/STM32CubeIDE/plugins/com.st.stm32cube.ide.mcu.externaltools.gnu-tools-for-stm32.13.3.rel1.win32_1.0.0.202411081344/tools/bin/../lib/gcc/arm-none-eabi/13.3.1/../../../../arm-none-eabi/lib/thumb/v7e-m+fp/hard\libc_nano.a(libc_a-stdio.o)
                0x08004b26                __sseek
 .text.__sclose
                0x08004b4a        0x8 C:/ST/STM32CubeIDE_1.18.1/STM32CubeIDE/plugins/com.st.stm32cube.ide.mcu.externaltools.gnu-tools-for-stm32.13.3.rel1.win32_1.0.0.202411081344/tools/bin/../lib/gcc/arm-none-eabi/13.3.1/../../../../arm-none-eabi/lib/thumb/v7e-m+fp/hard\libc_nano.a(libc_a-stdio.o)
                0x08004b4a                __sclose
 .text.memset   0x08004b52       0x10 C:/ST/STM32CubeIDE_1.18.1/STM32CubeIDE/plugins/com.st.stm32cube.ide.mcu.externaltools.gnu-tools-for-stm32.13.3.rel1.win32_1.0.0.202411081344/tools/bin/../lib/gcc/arm-none-eabi/13.3.1/../../../../arm-none-eabi/lib/thumb/v7e-m+fp/hard\libc_nano.a(libc_a-memset.o)
                0x08004b52                memset
 *fill*         0x08004b62        0x2 
 .text._close_r
                0x08004b64       0x20 C:/ST/STM32CubeIDE_1.18.1/STM32CubeIDE/plugins/com.st.stm32cube.ide.mcu.externaltools.gnu-tools-for-stm32.13.3.rel1.win32_1.0.0.202411081344/tools/bin/../lib/gcc/arm-none-eabi/13.3.1/../../../../arm-none-eabi/lib/thumb/v7e-m+fp/hard\libc_nano.a(libc_a-closer.o)
                0x08004b64                _close_r
 .text._lseek_r
                0x08004b84       0x24 C:/ST/STM32CubeIDE_1.18.1/STM32CubeIDE/plugins/com.st.stm32cube.ide.mcu.externaltools.gnu-tools-for-stm32.13.3.rel1.win32_1.0.0.202411081344/tools/bin/../lib/gcc/arm-none-eabi/13.3.1/../../../../arm-none-eabi/lib/thumb/v7e-m+fp/hard\libc_nano.a(libc_a-lseekr.o)
                0x08004b84                _lseek_r
 .text._read_r  0x08004ba8       0x24 C:/ST/STM32CubeIDE_1.18.1/STM32CubeIDE/plugins/com.st.stm32cube.ide.mcu.externaltools.gnu-tools-for-stm32.13.3.rel1.win32_1.0.0.202411081344/tools/bin/../lib/gcc/arm-none-eabi/13.3.1/../../../../arm-none-eabi/lib/thumb/v7e-m+fp/hard\libc_nano.a(libc_a-readr.o)
                0x08004ba8                _read_r
 .text._sbrk_r  0x08004bcc       0x20 C:/ST/STM32CubeIDE_1.18.1/STM32CubeIDE/plugins/com.st.stm32cube.ide.mcu.externaltools.gnu-tools-for-stm32.13.3.rel1.win32_1.0.0.202411081344/tools/bin/../lib/gcc/arm-none-eabi/13.3.1/../../../../arm-none-eabi/lib/thumb/v7e-m+fp/hard\libc_nano.a(libc_a-sbrkr.o)
                0x08004bcc                _sbrk_r
 .text._write_r
                0x08004bec       0x24 C:/ST/STM32CubeIDE_1.18.1/STM32CubeIDE/plugins/com.st.stm32cube.ide.mcu.externaltools.gnu-tools-for-stm32.13.3.rel1.win32_1.0.0.202411081344/tools/bin/../lib/gcc/arm-none-eabi/13.3.1/../../../../arm-none-eabi/lib/thumb/v7e-m+fp/hard\libc_nano.a(libc_a-writer.o)
                0x08004bec                _write_r
 .text.__errno  0x08004c10        0xc C:/ST/STM32CubeIDE_1.18.1/STM32CubeIDE/plugins/com.st.stm32cube.ide.mcu.externaltools.gnu-tools-for-stm32.13.3.rel1.win32_1.0.0.202411081344/tools/bin/../lib/gcc/arm-none-eabi/13.3.1/../../../../arm-none-eabi/lib/thumb/v7e-m+fp/hard\libc_nano.a(libc_a-errno.o)
                0x08004c10                __errno
 .text.__libc_init_array
                0x08004c1c       0x48 C:/ST/STM32CubeIDE_1.18.1/STM32CubeIDE/plugins/com.st.stm32cube.ide.mcu.externaltools.gnu-tools-for-stm32.13.3.rel1.win32_1.0.0.202411081344/tools/bin/../lib/gcc/arm-none-eabi/13.3.1/../../../../arm-none-eabi/lib/thumb/v7e-m+fp/hard\libc_nano.a(libc_a-init.o)
                0x08004c1c                __libc_init_array
 .text.__retarget_lock_init_recursive
                0x08004c64        0x2 C:/ST/STM32CubeIDE_1.18.1/STM32CubeIDE/plugins/com.st.stm32cube.ide.mcu.externaltools.gnu-tools-for-stm32.13.3.rel1.win32_1.0.0.202411081344/tools/bin/../lib/gcc/arm-none-eabi/13.3.1/../../../../arm-none-eabi/lib/thumb/v7e-m+fp/hard\libc_nano.a(libc_a-lock.o)
                0x08004c64                __retarget_lock_init_recursive
 .text.__retarget_lock_acquire_recursive
                0x08004c66        0x2 C:/ST/STM32CubeIDE_1.18.1/STM32CubeIDE/plugins/com.st.stm32cube.ide.mcu.externaltools.gnu-tools-for-stm32.13.3.rel1.win32_1.0.0.202411081344/tools/bin/../lib/gcc/arm-none-eabi/13.3.1/../../../../arm-none-eabi/lib/thumb/v7e-m+fp/hard\libc_nano.a(libc_a-lock.o)
                0x08004c66                __retarget_lock_acquire_recursive
 .text.__retarget_lock_release_recursive
                0x08004c68        0x2 C:/ST/STM32CubeIDE_1.18.1/STM32CubeIDE/plugins/com.st.stm32cube.ide.mcu.externaltools.gnu-tools-for-stm32.13.3.rel1.win32_1.0.0.202411081344/tools/bin/../lib/gcc/arm-none-eabi/13.3.1/../../../../arm-none-eabi/lib/thumb/v7e-m+fp/hard\libc_nano.a(libc_a-lock.o)
                0x08004c68                __retarget_lock_release_recursive
 *fill*         0x08004c6a        0x2 
 .text._free_r  0x08004c6c       0x94 C:/ST/STM32CubeIDE_1.18.1/STM32CubeIDE/plugins/com.st.stm32cube.ide.mcu.externaltools.gnu-tools-for-stm32.13.3.rel1.win32_1.0.0.202411081344/tools/bin/../lib/gcc/arm-none-eabi/13.3.1/../../../../arm-none-eabi/lib/thumb/v7e-m+fp/hard\libc_nano.a(libc_a-freer.o)
                0x08004c6c                _free_r
 .text.__sfputc_r
                0x08004d00       0x2e C:/ST/STM32CubeIDE_1.18.1/STM32CubeIDE/plugins/com.st.stm32cube.ide.mcu.externaltools.gnu-tools-for-stm32.13.3.rel1.win32_1.0.0.202411081344/tools/bin/../lib/gcc/arm-none-eabi/13.3.1/../../../../arm-none-eabi/lib/thumb/v7e-m+fp/hard\libc_nano.a(libc_a-nano-vfprintf.o)
 .text.__sfputs_r
                0x08004d2e       0x24 C:/ST/STM32CubeIDE_1.18.1/STM32CubeIDE/plugins/com.st.stm32cube.ide.mcu.externaltools.gnu-tools-for-stm32.13.3.rel1.win32_1.0.0.202411081344/tools/bin/../lib/gcc/arm-none-eabi/13.3.1/../../../../arm-none-eabi/lib/thumb/v7e-m+fp/hard\libc_nano.a(libc_a-nano-vfprintf.o)
                0x08004d2e                __sfputs_r
 *fill*         0x08004d52        0x2 
 .text._vfprintf_r
                0x08004d54      0x230 C:/ST/STM32CubeIDE_1.18.1/STM32CubeIDE/plugins/com.st.stm32cube.ide.mcu.externaltools.gnu-tools-for-stm32.13.3.rel1.win32_1.0.0.202411081344/tools/bin/../lib/gcc/arm-none-eabi/13.3.1/../../../../arm-none-eabi/lib/thumb/v7e-m+fp/hard\libc_nano.a(libc_a-nano-vfprintf.o)
                0x08004d54                _vfprintf_r
                0x08004d54                _vfiprintf_r
 .text._printf_common
                0x08004f84       0xda C:/ST/STM32CubeIDE_1.18.1/STM32CubeIDE/plugins/com.st.stm32cube.ide.mcu.externaltools.gnu-tools-for-stm32.13.3.rel1.win32_1.0.0.202411081344/tools/bin/../lib/gcc/arm-none-eabi/13.3.1/../../../../arm-none-eabi/lib/thumb/v7e-m+fp/hard\libc_nano.a(libc_a-nano-vfprintf_i.o)
                0x08004f84                _printf_common
 *fill*         0x0800505e        0x2 
 .text._printf_i
                0x08005060      0x23c C:/ST/STM32CubeIDE_1.18.1/STM32CubeIDE/plugins/com.st.stm32cube.ide.mcu.externaltools.gnu-tools-for-stm32.13.3.rel1.win32_1.0.0.202411081344/tools/bin/../lib/gcc/arm-none-eabi/13.3.1/../../../../arm-none-eabi/lib/thumb/v7e-m+fp/hard\libc_nano.a(libc_a-nano-vfprintf_i.o)
                0x08005060                _printf_i
 .text.__sflush_r
                0x0800529c      0x108 C:/ST/STM32CubeIDE_1.18.1/STM32CubeIDE/plugins/com.st.stm32cube.ide.mcu.externaltools.gnu-tools-for-stm32.13.3.rel1.win32_1.0.0.202411081344/tools/bin/../lib/gcc/arm-none-eabi/13.3.1/../../../../arm-none-eabi/lib/thumb/v7e-m+fp/hard\libc_nano.a(libc_a-fflush.o)
                0x0800529c                __sflush_r
 .text._fflush_r
                0x080053a4       0x50 C:/ST/STM32CubeIDE_1.18.1/STM32CubeIDE/plugins/com.st.stm32cube.ide.mcu.externaltools.gnu-tools-for-stm32.13.3.rel1.win32_1.0.0.202411081344/tools/bin/../lib/gcc/arm-none-eabi/13.3.1/../../../../arm-none-eabi/lib/thumb/v7e-m+fp/hard\libc_nano.a(libc_a-fflush.o)
                0x080053a4                _fflush_r
 .text.__swbuf_r
                0x080053f4       0x7c C:/ST/STM32CubeIDE_1.18.1/STM32CubeIDE/plugins/com.st.stm32cube.ide.mcu.externaltools.gnu-tools-for-stm32.13.3.rel1.win32_1.0.0.202411081344/tools/bin/../lib/gcc/arm-none-eabi/13.3.1/../../../../arm-none-eabi/lib/thumb/v7e-m+fp/hard\libc_nano.a(libc_a-wbuf.o)
                0x080053f4                __swbuf_r
 .text.__swsetup_r
                0x08005470       0xac C:/ST/STM32CubeIDE_1.18.1/STM32CubeIDE/plugins/com.st.stm32cube.ide.mcu.externaltools.gnu-tools-for-stm32.13.3.rel1.win32_1.0.0.202411081344/tools/bin/../lib/gcc/arm-none-eabi/13.3.1/../../../../arm-none-eabi/lib/thumb/v7e-m+fp/hard\libc_nano.a(libc_a-wsetup.o)
                0x08005470                __swsetup_r
 .text.__swhatbuf_r
                0x0800551c       0x4c C:/ST/STM32CubeIDE_1.18.1/STM32CubeIDE/plugins/com.st.stm32cube.ide.mcu.externaltools.gnu-tools-for-stm32.13.3.rel1.win32_1.0.0.202411081344/tools/bin/../lib/gcc/arm-none-eabi/13.3.1/../../../../arm-none-eabi/lib/thumb/v7e-m+fp/hard\libc_nano.a(libc_a-makebuf.o)
                0x0800551c                __swhatbuf_r
 .text.__smakebuf_r
                0x08005568       0x78 C:/ST/STM32CubeIDE_1.18.1/STM32CubeIDE/plugins/com.st.stm32cube.ide.mcu.externaltools.gnu-tools-for-stm32.13.3.rel1.win32_1.0.0.202411081344/tools/bin/../lib/gcc/arm-none-eabi/13.3.1/../../../../arm-none-eabi/lib/thumb/v7e-m+fp/hard\libc_nano.a(libc_a-makebuf.o)
                0x08005568                __smakebuf_r
 .text._fstat_r
                0x080055e0       0x24 C:/ST/STM32CubeIDE_1.18.1/STM32CubeIDE/plugins/com.st.stm32cube.ide.mcu.externaltools.gnu-tools-for-stm32.13.3.rel1.win32_1.0.0.202411081344/tools/bin/../lib/gcc/arm-none-eabi/13.3.1/../../../../arm-none-eabi/lib/thumb/v7e-m+fp/hard\libc_nano.a(libc_a-fstatr.o)
                0x080055e0                _fstat_r
 .text._isatty_r
                0x08005604       0x20 C:/ST/STM32CubeIDE_1.18.1/STM32CubeIDE/plugins/com.st.stm32cube.ide.mcu.externaltools.gnu-tools-for-stm32.13.3.rel1.win32_1.0.0.202411081344/tools/bin/../lib/gcc/arm-none-eabi/13.3.1/../../../../arm-none-eabi/lib/thumb/v7e-m+fp/hard\libc_nano.a(libc_a-isattyr.o)
                0x08005604                _isatty_r
 *(.glue_7)
 .glue_7        0x08005624        0x0 linker stubs
 *(.glue_7t)
 .glue_7t       0x08005624        0x0 linker stubs
 *(.eh_frame)
 .eh_frame      0x08005624        0x0 C:/ST/STM32CubeIDE_1.18.1/STM32CubeIDE/plugins/com.st.stm32cube.ide.mcu.externaltools.gnu-tools-for-stm32.13.3.rel1.win32_1.0.0.202411081344/tools/bin/../lib/gcc/arm-none-eabi/13.3.1/thumb/v7e-m+fp/hard/crtbegin.o
 *(.init)
 .init          0x08005624        0x4 C:/ST/STM32CubeIDE_1.18.1/STM32CubeIDE/plugins/com.st.stm32cube.ide.mcu.externaltools.gnu-tools-for-stm32.13.3.rel1.win32_1.0.0.202411081344/tools/bin/../lib/gcc/arm-none-eabi/13.3.1/thumb/v7e-m+fp/hard/crti.o
                0x08005624                _init
 .init          0x08005628        0x8 C:/ST/STM32CubeIDE_1.18.1/STM32CubeIDE/plugins/com.st.stm32cube.ide.mcu.externaltools.gnu-tools-for-stm32.13.3.rel1.win32_1.0.0.202411081344/tools/bin/../lib/gcc/arm-none-eabi/13.3.1/thumb/v7e-m+fp/hard/crtn.o
 *(.fini)
 .fini          0x08005630        0x4 C:/ST/STM32CubeIDE_1.18.1/STM32CubeIDE/plugins/com.st.stm32cube.ide.mcu.externaltools.gnu-tools-for-stm32.13.3.rel1.win32_1.0.0.202411081344/tools/bin/../lib/gcc/arm-none-eabi/13.3.1/thumb/v7e-m+fp/hard/crti.o
                0x08005630                _fini
 .fini          0x08005634        0x8 C:/ST/STM32CubeIDE_1.18.1/STM32CubeIDE/plugins/com.st.stm32cube.ide.mcu.externaltools.gnu-tools-for-stm32.13.3.rel1.win32_1.0.0.202411081344/tools/bin/../lib/gcc/arm-none-eabi/13.3.1/thumb/v7e-m+fp/hard/crtn.o
                0x0800563c                        . = ALIGN (0x4)
                0x0800563c                        _etext = .

.vfp11_veneer   0x0800563c        0x0
 .vfp11_veneer  0x0800563c        0x0 linker stubs

.v4_bx          0x0800563c        0x0
 .v4_bx         0x0800563c        0x0 linker stubs

.iplt           0x0800563c        0x0
 .iplt          0x0800563c        0x0 C:/ST/STM32CubeIDE_1.18.1/STM32CubeIDE/plugins/com.st.stm32cube.ide.mcu.externaltools.gnu-tools-for-stm32.13.3.rel1.win32_1.0.0.202411081344/tools/bin/../lib/gcc/arm-none-eabi/13.3.1/thumb/v7e-m+fp/hard/crtbegin.o

.rodata         0x0800563c      0x788
                0x0800563c                        . = ALIGN (0x4)
 *(.rodata)
 .rodata        0x0800563c       0x48 ./Middlewares/Third_Party/FatFs/src/ff.o
 .rodata        0x08005684      0x186 ./Src/main.o
 *fill*         0x0800580a        0x2 
 .rodata        0x0800580c      0x142 ./Src/sd_card_driver.o
 *(.rodata*)
 *fill*         0x0800594e        0x2 
 .rodata.ExCvt  0x08005950       0x80 ./Middlewares/Third_Party/FatFs/src/ff.o
 .rodata.LfnOfs
                0x080059d0        0xd ./Middlewares/Third_Party/FatFs/src/ff.o
 *fill*         0x080059dd        0x3 
 .rodata.Tbl    0x080059e0      0x100 ./Middlewares/Third_Party/FatFs/src/option/ccsbcs.o
 .rodata.cvt1.1
                0x08005ae0      0x1f2 ./Middlewares/Third_Party/FatFs/src/option/ccsbcs.o
 *fill*         0x08005cd2        0x2 
 .rodata.cvt2.0
                0x08005cd4       0xbc ./Middlewares/Third_Party/FatFs/src/option/ccsbcs.o
 .rodata._vfprintf_r.str1.1
                0x08005d90       0x33 C:/ST/STM32CubeIDE_1.18.1/STM32CubeIDE/plugins/com.st.stm32cube.ide.mcu.externaltools.gnu-tools-for-stm32.13.3.rel1.win32_1.0.0.202411081344/tools/bin/../lib/gcc/arm-none-eabi/13.3.1/../../../../arm-none-eabi/lib/thumb/v7e-m+fp/hard\libc_nano.a(libc_a-nano-vfprintf.o)
                                 0x11 (size before relaxing)
 .rodata._printf_i.str1.1
                0x08005dc3       0x22 C:/ST/STM32CubeIDE_1.18.1/STM32CubeIDE/plugins/com.st.stm32cube.ide.mcu.externaltools.gnu-tools-for-stm32.13.3.rel1.win32_1.0.0.202411081344/tools/bin/../lib/gcc/arm-none-eabi/13.3.1/../../../../arm-none-eabi/lib/thumb/v7e-m+fp/hard\libc_nano.a(libc_a-nano-vfprintf_i.o)
                0x08005de8                        . = ALIGN (0x4)
 *fill*         0x08005dc3        0x1 

.ARM.extab      0x08005dc4        0x0
                0x08005dc4                        . = ALIGN (0x4)
 *(.ARM.extab* .gnu.linkonce.armextab.*)
                0x08005dc4                        . = ALIGN (0x4)

.ARM            0x08005dc4        0x8
                0x08005dc4                        . = ALIGN (0x4)
                0x08005dc4                        __exidx_start = .
 *(.ARM.exidx*)
 .ARM.exidx     0x08005dc4        0x8 C:/ST/STM32CubeIDE_1.18.1/STM32CubeIDE/plugins/com.st.stm32cube.ide.mcu.externaltools.gnu-tools-for-stm32.13.3.rel1.win32_1.0.0.202411081344/tools/bin/../lib/gcc/arm-none-eabi/13.3.1/../../../../arm-none-eabi/lib/thumb/v7e-m+fp/hard\libc_nano.a(libc_a-memchr.o)
                0x08005dcc                        __exidx_end = .
                0x08005dcc                        . = ALIGN (0x4)

.preinit_array  0x08005dcc        0x0
                0x08005dcc                        . = ALIGN (0x4)
                0x08005dcc                        PROVIDE (__preinit_array_start = .)
 *(.preinit_array*)
                0x08005dcc                        PROVIDE (__preinit_array_end = .)
                0x08005dcc                        . = ALIGN (0x4)

.init_array     0x08005dcc        0x4
                0x08005dcc                        . = ALIGN (0x4)
                0x08005dcc                        PROVIDE (__init_array_start = .)
 *(SORT_BY_NAME(.init_array.*))
 *(.init_array*)
 .init_array    0x08005dcc        0x4 C:/ST/STM32CubeIDE_1.18.1/STM32CubeIDE/plugins/com.st.stm32cube.ide.mcu.externaltools.gnu-tools-for-stm32.13.3.rel1.win32_1.0.0.202411081344/tools/bin/../lib/gcc/arm-none-eabi/13.3.1/thumb/v7e-m+fp/hard/crtbegin.o
                0x08005dd0                        PROVIDE (__init_array_end = .)
                0x08005dd0                        . = ALIGN (0x4)

.fini_array     0x08005dd0        0x4
                0x08005dd0                        . = ALIGN (0x4)
                [!provide]                        PROVIDE (__fini_array_start = .)
 *(SORT_BY_NAME(.fini_array.*))
 *(.fini_array*)
 .fini_array    0x08005dd0        0x4 C:/ST/STM32CubeIDE_1.18.1/STM32CubeIDE/plugins/com.st.stm32cube.ide.mcu.externaltools.gnu-tools-for-stm32.13.3.rel1.win32_1.0.0.202411081344/tools/bin/../lib/gcc/arm-none-eabi/13.3.1/thumb/v7e-m+fp/hard/crtbegin.o
                [!provide]                        PROVIDE (__fini_array_end = .)
                0x08005dd4                        . = ALIGN (0x4)
                0x08005dd4                        _sidata = LOADADDR (.data)

.rel.dyn        0x08005dd4        0x0
 .rel.iplt      0x08005dd4        0x0 C:/ST/STM32CubeIDE_1.18.1/STM32CubeIDE/plugins/com.st.stm32cube.ide.mcu.externaltools.gnu-tools-for-stm32.13.3.rel1.win32_1.0.0.202411081344/tools/bin/../lib/gcc/arm-none-eabi/13.3.1/thumb/v7e-m+fp/hard/crtbegin.o

.data           0x20000000       0x74 load address 0x08005dd4
                0x20000000                        . = ALIGN (0x4)
                0x20000000                        _sdata = .
 *(.data)
 *(.data*)
 .data.TARGET_Driver
                0x20000000       0x14 ./FatFsCore/Target/user_diskio.o
                0x20000000                TARGET_Driver
 .data.g_disk_stat
                0x20000014        0x1 ./Src/sd_card_driver.o
 *fill*         0x20000015        0x3 
 .data.__sglue  0x20000018        0xc C:/ST/STM32CubeIDE_1.18.1/STM32CubeIDE/plugins/com.st.stm32cube.ide.mcu.externaltools.gnu-tools-for-stm32.13.3.rel1.win32_1.0.0.202411081344/tools/bin/../lib/gcc/arm-none-eabi/13.3.1/../../../../arm-none-eabi/lib/thumb/v7e-m+fp/hard\libc_nano.a(libc_a-findfp.o)
                0x20000018                __sglue
 .data._impure_ptr
                0x20000024        0x4 C:/ST/STM32CubeIDE_1.18.1/STM32CubeIDE/plugins/com.st.stm32cube.ide.mcu.externaltools.gnu-tools-for-stm32.13.3.rel1.win32_1.0.0.202411081344/tools/bin/../lib/gcc/arm-none-eabi/13.3.1/../../../../arm-none-eabi/lib/thumb/v7e-m+fp/hard\libc_nano.a(libc_a-impure.o)
                0x20000024                _impure_ptr
 .data._impure_data
                0x20000028       0x4c C:/ST/STM32CubeIDE_1.18.1/STM32CubeIDE/plugins/com.st.stm32cube.ide.mcu.externaltools.gnu-tools-for-stm32.13.3.rel1.win32_1.0.0.202411081344/tools/bin/../lib/gcc/arm-none-eabi/13.3.1/../../../../arm-none-eabi/lib/thumb/v7e-m+fp/hard\libc_nano.a(libc_a-impure.o)
                0x20000028                _impure_data
 *(.RamFunc)
 *(.RamFunc*)
                0x20000074                        . = ALIGN (0x4)
                0x20000074                        _edata = .

.igot.plt       0x20000074        0x0 load address 0x08005e48
 .igot.plt      0x20000074        0x0 C:/ST/STM32CubeIDE_1.18.1/STM32CubeIDE/plugins/com.st.stm32cube.ide.mcu.externaltools.gnu-tools-for-stm32.13.3.rel1.win32_1.0.0.202411081344/tools/bin/../lib/gcc/arm-none-eabi/13.3.1/thumb/v7e-m+fp/hard/crtbegin.o
                0x20000074                        . = ALIGN (0x4)

.bss            0x20000074      0x21c load address 0x08005e48
                0x20000074                        _sbss = .
                0x20000074                        __bss_start__ = _sbss
 *(.bss)
 .bss           0x20000074       0x1c C:/ST/STM32CubeIDE_1.18.1/STM32CubeIDE/plugins/com.st.stm32cube.ide.mcu.externaltools.gnu-tools-for-stm32.13.3.rel1.win32_1.0.0.202411081344/tools/bin/../lib/gcc/arm-none-eabi/13.3.1/thumb/v7e-m+fp/hard/crtbegin.o
 *(.bss*)
 .bss.USER_PATH
                0x20000090        0x4 ./FatFsCore/App/fatfs_app.o
                0x20000090                USER_PATH
 .bss.FatFs     0x20000094        0x8 ./Middlewares/Third_Party/FatFs/src/ff.o
 .bss.Fsid      0x2000009c        0x2 ./Middlewares/Third_Party/FatFs/src/ff.o
 *fill*         0x2000009e        0x2 
 .bss.Files     0x200000a0       0x20 ./Middlewares/Third_Party/FatFs/src/ff.o
 .bss.disk      0x200000c0       0x10 ./Middlewares/Third_Party/FatFs/src/ff_gen_drv.o
                0x200000c0                disk
 .bss.pFlash    0x200000d0       0x18 ./Src/flash_driver.o
                0x200000d0                pFlash
 .bss.g_power_flg
                0x200000e8        0x1 ./Src/sd_card_driver.o
 .bss.g_card_type
                0x200000e9        0x1 ./Src/sd_card_driver.o
 *fill*         0x200000ea        0x2 
 .bss.hspi1     0x200000ec       0x44 ./Src/sd_card_spi.o
                0x200000ec                hspi1
 .bss.__sbrk_heap_end
                0x20000130        0x4 ./Src/sysmem.o
 .bss.g_curr_tick
                0x20000134        0x4 ./Src/timebase.o
                0x20000134                g_curr_tick
 .bss.g_curr_tick_p
                0x20000138        0x4 ./Src/timebase.o
                0x20000138                g_curr_tick_p
 .bss.g_fatfs_cnt
                0x2000013c        0x1 ./Src/timebase.o
                0x2000013c                g_fatfs_cnt
 *fill*         0x2000013d        0x1 
 .bss.g_tmr_cnt1
                0x2000013e        0x2 ./Src/timebase.o
                0x2000013e                g_tmr_cnt1
 .bss.g_tmr_cnt2
                0x20000140        0x2 ./Src/timebase.o
                0x20000140                g_tmr_cnt2
 *fill*         0x20000142        0x2 
 .bss.__malloc_sbrk_start
                0x20000144        0x4 C:/ST/STM32CubeIDE_1.18.1/STM32CubeIDE/plugins/com.st.stm32cube.ide.mcu.externaltools.gnu-tools-for-stm32.13.3.rel1.win32_1.0.0.202411081344/tools/bin/../lib/gcc/arm-none-eabi/13.3.1/../../../../arm-none-eabi/lib/thumb/v7e-m+fp/hard\libc_nano.a(libc_a-mallocr.o)
                0x20000144                __malloc_sbrk_start
 .bss.__malloc_free_list
                0x20000148        0x4 C:/ST/STM32CubeIDE_1.18.1/STM32CubeIDE/plugins/com.st.stm32cube.ide.mcu.externaltools.gnu-tools-for-stm32.13.3.rel1.win32_1.0.0.202411081344/tools/bin/../lib/gcc/arm-none-eabi/13.3.1/../../../../arm-none-eabi/lib/thumb/v7e-m+fp/hard\libc_nano.a(libc_a-mallocr.o)
                0x20000148                __malloc_free_list
 .bss.__sf      0x2000014c      0x138 C:/ST/STM32CubeIDE_1.18.1/STM32CubeIDE/plugins/com.st.stm32cube.ide.mcu.externaltools.gnu-tools-for-stm32.13.3.rel1.win32_1.0.0.202411081344/tools/bin/../lib/gcc/arm-none-eabi/13.3.1/../../../../arm-none-eabi/lib/thumb/v7e-m+fp/hard\libc_nano.a(libc_a-findfp.o)
                0x2000014c                __sf
 .bss.__stdio_exit_handler
                0x20000284        0x4 C:/ST/STM32CubeIDE_1.18.1/STM32CubeIDE/plugins/com.st.stm32cube.ide.mcu.externaltools.gnu-tools-for-stm32.13.3.rel1.win32_1.0.0.202411081344/tools/bin/../lib/gcc/arm-none-eabi/13.3.1/../../../../arm-none-eabi/lib/thumb/v7e-m+fp/hard\libc_nano.a(libc_a-findfp.o)
                0x20000284                __stdio_exit_handler
 .bss.errno     0x20000288        0x4 C:/ST/STM32CubeIDE_1.18.1/STM32CubeIDE/plugins/com.st.stm32cube.ide.mcu.externaltools.gnu-tools-for-stm32.13.3.rel1.win32_1.0.0.202411081344/tools/bin/../lib/gcc/arm-none-eabi/13.3.1/../../../../arm-none-eabi/lib/thumb/v7e-m+fp/hard\libc_nano.a(libc_a-reent.o)
                0x20000288                errno
 .bss.__lock___malloc_recursive_mutex
                0x2000028c        0x1 C:/ST/STM32CubeIDE_1.18.1/STM32CubeIDE/plugins/com.st.stm32cube.ide.mcu.externaltools.gnu-tools-for-stm32.13.3.rel1.win32_1.0.0.202411081344/tools/bin/../lib/gcc/arm-none-eabi/13.3.1/../../../../arm-none-eabi/lib/thumb/v7e-m+fp/hard\libc_nano.a(libc_a-lock.o)
                0x2000028c                __lock___malloc_recursive_mutex
 .bss.__lock___sfp_recursive_mutex
                0x2000028d        0x1 C:/ST/STM32CubeIDE_1.18.1/STM32CubeIDE/plugins/com.st.stm32cube.ide.mcu.externaltools.gnu-tools-for-stm32.13.3.rel1.win32_1.0.0.202411081344/tools/bin/../lib/gcc/arm-none-eabi/13.3.1/../../../../arm-none-eabi/lib/thumb/v7e-m+fp/hard\libc_nano.a(libc_a-lock.o)
                0x2000028d                __lock___sfp_recursive_mutex
 *(COMMON)
                0x20000290                        . = ALIGN (0x4)
 *fill*         0x2000028e        0x2 
                0x20000290                        _ebss = .
                0x20000290                        __bss_end__ = _ebss

._user_heap_stack
                0x20000290      0x600 load address 0x08005e48
                0x20000290                        . = ALIGN (0x8)
                [!provide]                        PROVIDE (end = .)
                0x20000290                        PROVIDE (_end = .)
                0x20000490                        . = (. + _Min_Heap_Size)
 *fill*         0x20000290      0x200 
                0x20000890                        . = (. + _Min_Stack_Size)
 *fill*         0x20000490      0x400 
                0x20000890                        . = ALIGN (0x8)

/DISCARD/
 libc.a(*)
 libm.a(*)
 libgcc.a(*)

.ARM.attributes
                0x00000000       0x30
 *(.ARM.attributes)
 .ARM.attributes
                0x00000000       0x22 C:/ST/STM32CubeIDE_1.18.1/STM32CubeIDE/plugins/com.st.stm32cube.ide.mcu.externaltools.gnu-tools-for-stm32.13.3.rel1.win32_1.0.0.202411081344/tools/bin/../lib/gcc/arm-none-eabi/13.3.1/thumb/v7e-m+fp/hard/crti.o
 .ARM.attributes
                0x00000022       0x34 C:/ST/STM32CubeIDE_1.18.1/STM32CubeIDE/plugins/com.st.stm32cube.ide.mcu.externaltools.gnu-tools-for-stm32.13.3.rel1.win32_1.0.0.202411081344/tools/bin/../lib/gcc/arm-none-eabi/13.3.1/thumb/v7e-m+fp/hard/crtbegin.o
 .ARM.attributes
                0x00000056       0x34 ./FatFsCore/App/fatfs_app.o
 .ARM.attributes
                0x0000008a       0x34 ./FatFsCore/Target/user_diskio.o
 .ARM.attributes
                0x000000be       0x34 ./Middlewares/Third_Party/FatFs/src/diskio.o
 .ARM.attributes
                0x000000f2       0x34 ./Middlewares/Third_Party/FatFs/src/ff.o
 .ARM.attributes
                0x00000126       0x34 ./Middlewares/Third_Party/FatFs/src/ff_gen_drv.o
 .ARM.attributes
                0x0000015a       0x34 ./Middlewares/Third_Party/FatFs/src/option/ccsbcs.o
 .ARM.attributes
                0x0000018e       0x34 ./Middlewares/Third_Party/FatFs/src/option/syscall.o
 .ARM.attributes
                0x000001c2       0x34 ./Src/adc.o
 .ARM.attributes
                0x000001f6       0x34 ./Src/bsp.o
 .ARM.attributes
                0x0000022a       0x34 ./Src/flash_driver.o
 .ARM.attributes
                0x0000025e       0x34 ./Src/fpu.o
 .ARM.attributes
                0x00000292       0x34 ./Src/main.o
 .ARM.attributes
                0x000002c6       0x34 ./Src/sd_card_driver.o
 .ARM.attributes
                0x000002fa       0x34 ./Src/sd_card_spi.o
 .ARM.attributes
                0x0000032e       0x34 ./Src/spi.o
 .ARM.attributes
                0x00000362       0x34 ./Src/syscalls.o
 .ARM.attributes
                0x00000396       0x34 ./Src/sysmem.o
 .ARM.attributes
                0x000003ca       0x34 ./Src/timebase.o
 .ARM.attributes
                0x000003fe       0x34 ./Src/uart.o
 .ARM.attributes
                0x00000432       0x21 ./Startup/startup_stm32f401retx.o
 .ARM.attributes
                0x00000453       0x34 C:/ST/STM32CubeIDE_1.18.1/STM32CubeIDE/plugins/com.st.stm32cube.ide.mcu.externaltools.gnu-tools-for-stm32.13.3.rel1.win32_1.0.0.202411081344/tools/bin/../lib/gcc/arm-none-eabi/13.3.1/../../../../arm-none-eabi/lib/thumb/v7e-m+fp/hard\libc_nano.a(libc_a-calloc.o)
 .ARM.attributes
                0x00000487       0x34 C:/ST/STM32CubeIDE_1.18.1/STM32CubeIDE/plugins/com.st.stm32cube.ide.mcu.externaltools.gnu-tools-for-stm32.13.3.rel1.win32_1.0.0.202411081344/tools/bin/../lib/gcc/arm-none-eabi/13.3.1/../../../../arm-none-eabi/lib/thumb/v7e-m+fp/hard\libc_nano.a(libc_a-callocr.o)
 .ARM.attributes
                0x000004bb       0x34 C:/ST/STM32CubeIDE_1.18.1/STM32CubeIDE/plugins/com.st.stm32cube.ide.mcu.externaltools.gnu-tools-for-stm32.13.3.rel1.win32_1.0.0.202411081344/tools/bin/../lib/gcc/arm-none-eabi/13.3.1/../../../../arm-none-eabi/lib/thumb/v7e-m+fp/hard\libc_nano.a(libc_a-malloc.o)
 .ARM.attributes
                0x000004ef       0x34 C:/ST/STM32CubeIDE_1.18.1/STM32CubeIDE/plugins/com.st.stm32cube.ide.mcu.externaltools.gnu-tools-for-stm32.13.3.rel1.win32_1.0.0.202411081344/tools/bin/../lib/gcc/arm-none-eabi/13.3.1/../../../../arm-none-eabi/lib/thumb/v7e-m+fp/hard\libc_nano.a(libc_a-mallocr.o)
 .ARM.attributes
                0x00000523       0x34 C:/ST/STM32CubeIDE_1.18.1/STM32CubeIDE/plugins/com.st.stm32cube.ide.mcu.externaltools.gnu-tools-for-stm32.13.3.rel1.win32_1.0.0.202411081344/tools/bin/../lib/gcc/arm-none-eabi/13.3.1/../../../../arm-none-eabi/lib/thumb/v7e-m+fp/hard\libc_nano.a(libc_a-mlock.o)
 .ARM.attributes
                0x00000557       0x34 C:/ST/STM32CubeIDE_1.18.1/STM32CubeIDE/plugins/com.st.stm32cube.ide.mcu.externaltools.gnu-tools-for-stm32.13.3.rel1.win32_1.0.0.202411081344/tools/bin/../lib/gcc/arm-none-eabi/13.3.1/../../../../arm-none-eabi/lib/thumb/v7e-m+fp/hard\libc_nano.a(libc_a-findfp.o)
 .ARM.attributes
                0x0000058b       0x34 C:/ST/STM32CubeIDE_1.18.1/STM32CubeIDE/plugins/com.st.stm32cube.ide.mcu.externaltools.gnu-tools-for-stm32.13.3.rel1.win32_1.0.0.202411081344/tools/bin/../lib/gcc/arm-none-eabi/13.3.1/../../../../arm-none-eabi/lib/thumb/v7e-m+fp/hard\libc_nano.a(libc_a-fwalk.o)
 .ARM.attributes
                0x000005bf       0x34 C:/ST/STM32CubeIDE_1.18.1/STM32CubeIDE/plugins/com.st.stm32cube.ide.mcu.externaltools.gnu-tools-for-stm32.13.3.rel1.win32_1.0.0.202411081344/tools/bin/../lib/gcc/arm-none-eabi/13.3.1/../../../../arm-none-eabi/lib/thumb/v7e-m+fp/hard\libc_nano.a(libc_a-printf.o)
 .ARM.attributes
                0x000005f3       0x34 C:/ST/STM32CubeIDE_1.18.1/STM32CubeIDE/plugins/com.st.stm32cube.ide.mcu.externaltools.gnu-tools-for-stm32.13.3.rel1.win32_1.0.0.202411081344/tools/bin/../lib/gcc/arm-none-eabi/13.3.1/../../../../arm-none-eabi/lib/thumb/v7e-m+fp/hard\libc_nano.a(libc_a-stdio.o)
 .ARM.attributes
                0x00000627       0x34 C:/ST/STM32CubeIDE_1.18.1/STM32CubeIDE/plugins/com.st.stm32cube.ide.mcu.externaltools.gnu-tools-for-stm32.13.3.rel1.win32_1.0.0.202411081344/tools/bin/../lib/gcc/arm-none-eabi/13.3.1/../../../../arm-none-eabi/lib/thumb/v7e-m+fp/hard\libc_nano.a(libc_a-memset.o)
 .ARM.attributes
                0x0000065b       0x34 C:/ST/STM32CubeIDE_1.18.1/STM32CubeIDE/plugins/com.st.stm32cube.ide.mcu.externaltools.gnu-tools-for-stm32.13.3.rel1.win32_1.0.0.202411081344/tools/bin/../lib/gcc/arm-none-eabi/13.3.1/../../../../arm-none-eabi/lib/thumb/v7e-m+fp/hard\libc_nano.a(libc_a-closer.o)
 .ARM.attributes
                0x0000068f       0x34 C:/ST/STM32CubeIDE_1.18.1/STM32CubeIDE/plugins/com.st.stm32cube.ide.mcu.externaltools.gnu-tools-for-stm32.13.3.rel1.win32_1.0.0.202411081344/tools/bin/../lib/gcc/arm-none-eabi/13.3.1/../../../../arm-none-eabi/lib/thumb/v7e-m+fp/hard\libc_nano.a(libc_a-reent.o)
 .ARM.attributes
                0x000006c3       0x34 C:/ST/STM32CubeIDE_1.18.1/STM32CubeIDE/plugins/com.st.stm32cube.ide.mcu.externaltools.gnu-tools-for-stm32.13.3.rel1.win32_1.0.0.202411081344/tools/bin/../lib/gcc/arm-none-eabi/13.3.1/../../../../arm-none-eabi/lib/thumb/v7e-m+fp/hard\libc_nano.a(libc_a-impure.o)
 .ARM.attributes
                0x000006f7       0x34 C:/ST/STM32CubeIDE_1.18.1/STM32CubeIDE/plugins/com.st.stm32cube.ide.mcu.externaltools.gnu-tools-for-stm32.13.3.rel1.win32_1.0.0.202411081344/tools/bin/../lib/gcc/arm-none-eabi/13.3.1/../../../../arm-none-eabi/lib/thumb/v7e-m+fp/hard\libc_nano.a(libc_a-lseekr.o)
 .ARM.attributes
                0x0000072b       0x34 C:/ST/STM32CubeIDE_1.18.1/STM32CubeIDE/plugins/com.st.stm32cube.ide.mcu.externaltools.gnu-tools-for-stm32.13.3.rel1.win32_1.0.0.202411081344/tools/bin/../lib/gcc/arm-none-eabi/13.3.1/../../../../arm-none-eabi/lib/thumb/v7e-m+fp/hard\libc_nano.a(libc_a-readr.o)
 .ARM.attributes
                0x0000075f       0x34 C:/ST/STM32CubeIDE_1.18.1/STM32CubeIDE/plugins/com.st.stm32cube.ide.mcu.externaltools.gnu-tools-for-stm32.13.3.rel1.win32_1.0.0.202411081344/tools/bin/../lib/gcc/arm-none-eabi/13.3.1/../../../../arm-none-eabi/lib/thumb/v7e-m+fp/hard\libc_nano.a(libc_a-sbrkr.o)
 .ARM.attributes
                0x00000793       0x34 C:/ST/STM32CubeIDE_1.18.1/STM32CubeIDE/plugins/com.st.stm32cube.ide.mcu.externaltools.gnu-tools-for-stm32.13.3.rel1.win32_1.0.0.202411081344/tools/bin/../lib/gcc/arm-none-eabi/13.3.1/../../../../arm-none-eabi/lib/thumb/v7e-m+fp/hard\libc_nano.a(libc_a-writer.o)
 .ARM.attributes
                0x000007c7       0x34 C:/ST/STM32CubeIDE_1.18.1/STM32CubeIDE/plugins/com.st.stm32cube.ide.mcu.externaltools.gnu-tools-for-stm32.13.3.rel1.win32_1.0.0.202411081344/tools/bin/../lib/gcc/arm-none-eabi/13.3.1/../../../../arm-none-eabi/lib/thumb/v7e-m+fp/hard\libc_nano.a(libc_a-errno.o)
 .ARM.attributes
                0x000007fb       0x34 C:/ST/STM32CubeIDE_1.18.1/STM32CubeIDE/plugins/com.st.stm32cube.ide.mcu.externaltools.gnu-tools-for-stm32.13.3.rel1.win32_1.0.0.202411081344/tools/bin/../lib/gcc/arm-none-eabi/13.3.1/../../../../arm-none-eabi/lib/thumb/v7e-m+fp/hard\libc_nano.a(libc_a-init.o)
 .ARM.attributes
                0x0000082f       0x34 C:/ST/STM32CubeIDE_1.18.1/STM32CubeIDE/plugins/com.st.stm32cube.ide.mcu.externaltools.gnu-tools-for-stm32.13.3.rel1.win32_1.0.0.202411081344/tools/bin/../lib/gcc/arm-none-eabi/13.3.1/../../../../arm-none-eabi/lib/thumb/v7e-m+fp/hard\libc_nano.a(libc_a-lock.o)
 .ARM.attributes
                0x00000863       0x34 C:/ST/STM32CubeIDE_1.18.1/STM32CubeIDE/plugins/com.st.stm32cube.ide.mcu.externaltools.gnu-tools-for-stm32.13.3.rel1.win32_1.0.0.202411081344/tools/bin/../lib/gcc/arm-none-eabi/13.3.1/../../../../arm-none-eabi/lib/thumb/v7e-m+fp/hard\libc_nano.a(libc_a-freer.o)
 .ARM.attributes
                0x00000897       0x34 C:/ST/STM32CubeIDE_1.18.1/STM32CubeIDE/plugins/com.st.stm32cube.ide.mcu.externaltools.gnu-tools-for-stm32.13.3.rel1.win32_1.0.0.202411081344/tools/bin/../lib/gcc/arm-none-eabi/13.3.1/../../../../arm-none-eabi/lib/thumb/v7e-m+fp/hard\libc_nano.a(libc_a-nano-vfprintf.o)
 .ARM.attributes
                0x000008cb       0x34 C:/ST/STM32CubeIDE_1.18.1/STM32CubeIDE/plugins/com.st.stm32cube.ide.mcu.externaltools.gnu-tools-for-stm32.13.3.rel1.win32_1.0.0.202411081344/tools/bin/../lib/gcc/arm-none-eabi/13.3.1/../../../../arm-none-eabi/lib/thumb/v7e-m+fp/hard\libc_nano.a(libc_a-nano-vfprintf_i.o)
 .ARM.attributes
                0x000008ff       0x34 C:/ST/STM32CubeIDE_1.18.1/STM32CubeIDE/plugins/com.st.stm32cube.ide.mcu.externaltools.gnu-tools-for-stm32.13.3.rel1.win32_1.0.0.202411081344/tools/bin/../lib/gcc/arm-none-eabi/13.3.1/../../../../arm-none-eabi/lib/thumb/v7e-m+fp/hard\libc_nano.a(libc_a-fflush.o)
 .ARM.attributes
                0x00000933       0x34 C:/ST/STM32CubeIDE_1.18.1/STM32CubeIDE/plugins/com.st.stm32cube.ide.mcu.externaltools.gnu-tools-for-stm32.13.3.rel1.win32_1.0.0.202411081344/tools/bin/../lib/gcc/arm-none-eabi/13.3.1/../../../../arm-none-eabi/lib/thumb/v7e-m+fp/hard\libc_nano.a(libc_a-wbuf.o)
 .ARM.attributes
                0x00000967       0x34 C:/ST/STM32CubeIDE_1.18.1/STM32CubeIDE/plugins/com.st.stm32cube.ide.mcu.externaltools.gnu-tools-for-stm32.13.3.rel1.win32_1.0.0.202411081344/tools/bin/../lib/gcc/arm-none-eabi/13.3.1/../../../../arm-none-eabi/lib/thumb/v7e-m+fp/hard\libc_nano.a(libc_a-wsetup.o)
 .ARM.attributes
                0x0000099b       0x1c C:/ST/STM32CubeIDE_1.18.1/STM32CubeIDE/plugins/com.st.stm32cube.ide.mcu.externaltools.gnu-tools-for-stm32.13.3.rel1.win32_1.0.0.202411081344/tools/bin/../lib/gcc/arm-none-eabi/13.3.1/../../../../arm-none-eabi/lib/thumb/v7e-m+fp/hard\libc_nano.a(libc_a-memchr.o)
 .ARM.attributes
                0x000009b7       0x34 C:/ST/STM32CubeIDE_1.18.1/STM32CubeIDE/plugins/com.st.stm32cube.ide.mcu.externaltools.gnu-tools-for-stm32.13.3.rel1.win32_1.0.0.202411081344/tools/bin/../lib/gcc/arm-none-eabi/13.3.1/../../../../arm-none-eabi/lib/thumb/v7e-m+fp/hard\libc_nano.a(libc_a-makebuf.o)
 .ARM.attributes
                0x000009eb       0x34 C:/ST/STM32CubeIDE_1.18.1/STM32CubeIDE/plugins/com.st.stm32cube.ide.mcu.externaltools.gnu-tools-for-stm32.13.3.rel1.win32_1.0.0.202411081344/tools/bin/../lib/gcc/arm-none-eabi/13.3.1/../../../../arm-none-eabi/lib/thumb/v7e-m+fp/hard\libc_nano.a(libc_a-fstatr.o)
 .ARM.attributes
                0x00000a1f       0x34 C:/ST/STM32CubeIDE_1.18.1/STM32CubeIDE/plugins/com.st.stm32cube.ide.mcu.externaltools.gnu-tools-for-stm32.13.3.rel1.win32_1.0.0.202411081344/tools/bin/../lib/gcc/arm-none-eabi/13.3.1/../../../../arm-none-eabi/lib/thumb/v7e-m+fp/hard\libc_nano.a(libc_a-isattyr.o)
 .ARM.attributes
                0x00000a53       0x22 C:/ST/STM32CubeIDE_1.18.1/STM32CubeIDE/plugins/com.st.stm32cube.ide.mcu.externaltools.gnu-tools-for-stm32.13.3.rel1.win32_1.0.0.202411081344/tools/bin/../lib/gcc/arm-none-eabi/13.3.1/thumb/v7e-m+fp/hard/crtn.o
OUTPUT(P2_STM32_Bootloader_SD_card.elf elf32-littlearm)
LOAD linker stubs
LOAD C:/ST/STM32CubeIDE_1.18.1/STM32CubeIDE/plugins/com.st.stm32cube.ide.mcu.externaltools.gnu-tools-for-stm32.13.3.rel1.win32_1.0.0.202411081344/tools/bin/../lib/gcc/arm-none-eabi/13.3.1/../../../../arm-none-eabi/lib/thumb/v7e-m+fp/hard\libc.a
LOAD C:/ST/STM32CubeIDE_1.18.1/STM32CubeIDE/plugins/com.st.stm32cube.ide.mcu.externaltools.gnu-tools-for-stm32.13.3.rel1.win32_1.0.0.202411081344/tools/bin/../lib/gcc/arm-none-eabi/13.3.1/../../../../arm-none-eabi/lib/thumb/v7e-m+fp/hard\libm.a
LOAD C:/ST/STM32CubeIDE_1.18.1/STM32CubeIDE/plugins/com.st.stm32cube.ide.mcu.externaltools.gnu-tools-for-stm32.13.3.rel1.win32_1.0.0.202411081344/tools/bin/../lib/gcc/arm-none-eabi/13.3.1/thumb/v7e-m+fp/hard\libgcc.a

.debug_info     0x00000000     0x7380
 .debug_info    0x00000000      0x256 ./FatFsCore/App/fatfs_app.o
 .debug_info    0x00000256      0x38d ./FatFsCore/Target/user_diskio.o
 .debug_info    0x000005e3      0x3df ./Middlewares/Third_Party/FatFs/src/diskio.o
 .debug_info    0x000009c2     0x2653 ./Middlewares/Third_Party/FatFs/src/ff.o
 .debug_info    0x00003015      0x37f ./Middlewares/Third_Party/FatFs/src/ff_gen_drv.o
 .debug_info    0x00003394      0x1b9 ./Middlewares/Third_Party/FatFs/src/option/ccsbcs.o
 .debug_info    0x0000354d      0x10b ./Middlewares/Third_Party/FatFs/src/option/syscall.o
 .debug_info    0x00003658      0x3fc ./Src/adc.o
 .debug_info    0x00003a54      0x333 ./Src/bsp.o
 .debug_info    0x00003d87      0x911 ./Src/flash_driver.o
 .debug_info    0x00004698      0x249 ./Src/fpu.o
 .debug_info    0x000048e1      0x75f ./Src/main.o
 .debug_info    0x00005040      0x8cd ./Src/sd_card_driver.o
 .debug_info    0x0000590d      0x57f ./Src/sd_card_spi.o
 .debug_info    0x00005e8c      0x649 ./Src/spi.o
 .debug_info    0x000064d5      0x6a3 ./Src/syscalls.o
 .debug_info    0x00006b78      0x168 ./Src/sysmem.o
 .debug_info    0x00006ce0      0x258 ./Src/timebase.o
 .debug_info    0x00006f38      0x418 ./Src/uart.o
 .debug_info    0x00007350       0x30 ./Startup/startup_stm32f401retx.o

.debug_abbrev   0x00000000     0x1c70
 .debug_abbrev  0x00000000      0x126 ./FatFsCore/App/fatfs_app.o
 .debug_abbrev  0x00000126      0x11b ./FatFsCore/Target/user_diskio.o
 .debug_abbrev  0x00000241      0x181 ./Middlewares/Third_Party/FatFs/src/diskio.o
 .debug_abbrev  0x000003c2      0x29f ./Middlewares/Third_Party/FatFs/src/ff.o
 .debug_abbrev  0x00000661      0x19f ./Middlewares/Third_Party/FatFs/src/ff_gen_drv.o
 .debug_abbrev  0x00000800       0xde ./Middlewares/Third_Party/FatFs/src/option/ccsbcs.o
 .debug_abbrev  0x000008de       0xbd ./Middlewares/Third_Party/FatFs/src/option/syscall.o
 .debug_abbrev  0x0000099b      0x107 ./Src/adc.o
 .debug_abbrev  0x00000aa2       0xd2 ./Src/bsp.o
 .debug_abbrev  0x00000b74      0x30c ./Src/flash_driver.o
 .debug_abbrev  0x00000e80       0xb8 ./Src/fpu.o
 .debug_abbrev  0x00000f38      0x24c ./Src/main.o
 .debug_abbrev  0x00001184      0x2c5 ./Src/sd_card_driver.o
 .debug_abbrev  0x00001449      0x15f ./Src/sd_card_spi.o
 .debug_abbrev  0x000015a8      0x16b ./Src/spi.o
 .debug_abbrev  0x00001713      0x1b6 ./Src/syscalls.o
 .debug_abbrev  0x000018c9       0xbc ./Src/sysmem.o
 .debug_abbrev  0x00001985      0x186 ./Src/timebase.o
 .debug_abbrev  0x00001b0b      0x141 ./Src/uart.o
 .debug_abbrev  0x00001c4c       0x24 ./Startup/startup_stm32f401retx.o

.debug_aranges  0x00000000      0x790
 .debug_aranges
                0x00000000       0x28 ./FatFsCore/App/fatfs_app.o
 .debug_aranges
                0x00000028       0x40 ./FatFsCore/Target/user_diskio.o
 .debug_aranges
                0x00000068       0x48 ./Middlewares/Third_Party/FatFs/src/diskio.o
 .debug_aranges
                0x000000b0      0x230 ./Middlewares/Third_Party/FatFs/src/ff.o
 .debug_aranges
                0x000002e0       0x40 ./Middlewares/Third_Party/FatFs/src/ff_gen_drv.o
 .debug_aranges
                0x00000320       0x28 ./Middlewares/Third_Party/FatFs/src/option/ccsbcs.o
 .debug_aranges
                0x00000348       0x28 ./Middlewares/Third_Party/FatFs/src/option/syscall.o
 .debug_aranges
                0x00000370       0x30 ./Src/adc.o
 .debug_aranges
                0x000003a0       0x40 ./Src/bsp.o
 .debug_aranges
                0x000003e0       0xc8 ./Src/flash_driver.o
 .debug_aranges
                0x000004a8       0x20 ./Src/fpu.o
 .debug_aranges
                0x000004c8       0x38 ./Src/main.o
 .debug_aranges
                0x00000500       0xa8 ./Src/sd_card_driver.o
 .debug_aranges
                0x000005a8       0x38 ./Src/sd_card_spi.o
 .debug_aranges
                0x000005e0       0x38 ./Src/spi.o
 .debug_aranges
                0x00000618       0xa8 ./Src/syscalls.o
 .debug_aranges
                0x000006c0       0x20 ./Src/sysmem.o
 .debug_aranges
                0x000006e0       0x48 ./Src/timebase.o
 .debug_aranges
                0x00000728       0x40 ./Src/uart.o
 .debug_aranges
                0x00000768       0x28 ./Startup/startup_stm32f401retx.o

.debug_rnglists
                0x00000000      0x593
 .debug_rnglists
                0x00000000       0x19 ./FatFsCore/App/fatfs_app.o
 .debug_rnglists
                0x00000019       0x2b ./FatFsCore/Target/user_diskio.o
 .debug_rnglists
                0x00000044       0x31 ./Middlewares/Third_Party/FatFs/src/diskio.o
 .debug_rnglists
                0x00000075      0x1c8 ./Middlewares/Third_Party/FatFs/src/ff.o
 .debug_rnglists
                0x0000023d       0x2c ./Middlewares/Third_Party/FatFs/src/ff_gen_drv.o
 .debug_rnglists
                0x00000269       0x1a ./Middlewares/Third_Party/FatFs/src/option/ccsbcs.o
 .debug_rnglists
                0x00000283       0x19 ./Middlewares/Third_Party/FatFs/src/option/syscall.o
 .debug_rnglists
                0x0000029c       0x1f ./Src/adc.o
 .debug_rnglists
                0x000002bb       0x2b ./Src/bsp.o
 .debug_rnglists
                0x000002e6       0x98 ./Src/flash_driver.o
 .debug_rnglists
                0x0000037e       0x13 ./Src/fpu.o
 .debug_rnglists
                0x00000391       0x26 ./Src/main.o
 .debug_rnglists
                0x000003b7       0x8c ./Src/sd_card_driver.o
 .debug_rnglists
                0x00000443       0x25 ./Src/sd_card_spi.o
 .debug_rnglists
                0x00000468       0x29 ./Src/spi.o
 .debug_rnglists
                0x00000491       0x79 ./Src/syscalls.o
 .debug_rnglists
                0x0000050a       0x13 ./Src/sysmem.o
 .debug_rnglists
                0x0000051d       0x31 ./Src/timebase.o
 .debug_rnglists
                0x0000054e       0x2c ./Src/uart.o
 .debug_rnglists
                0x0000057a       0x19 ./Startup/startup_stm32f401retx.o

.debug_macro    0x00000000    0x119f1
 .debug_macro   0x00000000      0x187 ./FatFsCore/App/fatfs_app.o
 .debug_macro   0x00000187      0xaea ./FatFsCore/App/fatfs_app.o
 .debug_macro   0x00000c71       0xe4 ./FatFsCore/App/fatfs_app.o
 .debug_macro   0x00000d55       0x2a ./FatFsCore/App/fatfs_app.o
 .debug_macro   0x00000d7f       0x22 ./FatFsCore/App/fatfs_app.o
 .debug_macro   0x00000da1       0x5b ./FatFsCore/App/fatfs_app.o
 .debug_macro   0x00000dfc       0x94 ./FatFsCore/App/fatfs_app.o
 .debug_macro   0x00000e90       0x43 ./FatFsCore/App/fatfs_app.o
 .debug_macro   0x00000ed3       0x34 ./FatFsCore/App/fatfs_app.o
 .debug_macro   0x00000f07       0x16 ./FatFsCore/App/fatfs_app.o
 .debug_macro   0x00000f1d      0x11c ./FatFsCore/App/fatfs_app.o
 .debug_macro   0x00001039       0x9b ./FatFsCore/App/fatfs_app.o
 .debug_macro   0x000010d4       0x57 ./FatFsCore/App/fatfs_app.o
 .debug_macro   0x0000112b      0x370 ./FatFsCore/App/fatfs_app.o
 .debug_macro   0x0000149b       0x16 ./FatFsCore/App/fatfs_app.o
 .debug_macro   0x000014b1       0x4a ./FatFsCore/App/fatfs_app.o
 .debug_macro   0x000014fb       0x34 ./FatFsCore/App/fatfs_app.o
 .debug_macro   0x0000152f       0x10 ./FatFsCore/App/fatfs_app.o
 .debug_macro   0x0000153f       0x58 ./FatFsCore/App/fatfs_app.o
 .debug_macro   0x00001597       0x8e ./FatFsCore/App/fatfs_app.o
 .debug_macro   0x00001625       0x1c ./FatFsCore/App/fatfs_app.o
 .debug_macro   0x00001641      0x185 ./FatFsCore/App/fatfs_app.o
 .debug_macro   0x000017c6       0x16 ./FatFsCore/App/fatfs_app.o
 .debug_macro   0x000017dc       0x29 ./FatFsCore/App/fatfs_app.o
 .debug_macro   0x00001805       0x12 ./FatFsCore/App/fatfs_app.o
 .debug_macro   0x00001817       0xe2 ./FatFsCore/App/fatfs_app.o
 .debug_macro   0x000018f9       0x8e ./FatFsCore/App/fatfs_app.o
 .debug_macro   0x00001987      0x103 ./FatFsCore/App/fatfs_app.o
 .debug_macro   0x00001a8a       0x6a ./FatFsCore/App/fatfs_app.o
 .debug_macro   0x00001af4      0x1df ./FatFsCore/App/fatfs_app.o
 .debug_macro   0x00001cd3      0x1b1 ./FatFsCore/Target/user_diskio.o
 .debug_macro   0x00001e84       0x16 ./FatFsCore/Target/user_diskio.o
 .debug_macro   0x00001e9a       0x7c ./FatFsCore/Target/user_diskio.o
 .debug_macro   0x00001f16       0x9a ./FatFsCore/Target/user_diskio.o
 .debug_macro   0x00001fb0       0x16 ./FatFsCore/Target/user_diskio.o
 .debug_macro   0x00001fc6       0x3c ./FatFsCore/Target/user_diskio.o
 .debug_macro   0x00002002       0x20 ./FatFsCore/Target/user_diskio.o
 .debug_macro   0x00002022      0x174 ./Middlewares/Third_Party/FatFs/src/diskio.o
 .debug_macro   0x00002196      0x551 ./Middlewares/Third_Party/FatFs/src/ff.o
 .debug_macro   0x000026e7       0x58 ./Middlewares/Third_Party/FatFs/src/ff.o
 .debug_macro   0x0000273f      0x16e ./Middlewares/Third_Party/FatFs/src/ff_gen_drv.o
 .debug_macro   0x000028ad      0x131 ./Middlewares/Third_Party/FatFs/src/option/ccsbcs.o
 .debug_macro   0x000029de      0x12b ./Middlewares/Third_Party/FatFs/src/option/syscall.o
 .debug_macro   0x00002b09      0x108 ./Src/adc.o
 .debug_macro   0x00002c11       0x8e ./Src/adc.o
 .debug_macro   0x00002c9f       0x51 ./Src/adc.o
 .debug_macro   0x00002cf0       0x28 ./Src/adc.o
 .debug_macro   0x00002d18       0x28 ./Src/adc.o
 .debug_macro   0x00002d40       0x1c ./Src/adc.o
 .debug_macro   0x00002d5c       0x22 ./Src/adc.o
 .debug_macro   0x00002d7e       0xd9 ./Src/adc.o
 .debug_macro   0x00002e57     0x102d ./Src/adc.o
 .debug_macro   0x00003e84      0x11f ./Src/adc.o
 .debug_macro   0x00003fa3     0xb850 ./Src/adc.o
 .debug_macro   0x0000f7f3       0x43 ./Src/adc.o
 .debug_macro   0x0000f836       0xf2 ./Src/bsp.o
 .debug_macro   0x0000f928       0x22 ./Src/bsp.o
 .debug_macro   0x0000f94a       0x1c ./Src/bsp.o
 .debug_macro   0x0000f966      0x1cc ./Src/flash_driver.o
 .debug_macro   0x0000fb32      0x190 ./Src/flash_driver.o
 .debug_macro   0x0000fcc2       0x10 ./Src/flash_driver.o
 .debug_macro   0x0000fcd2       0x10 ./Src/flash_driver.o
 .debug_macro   0x0000fce2       0x76 ./Src/flash_driver.o
 .debug_macro   0x0000fd58       0x9a ./Src/flash_driver.o
 .debug_macro   0x0000fdf2       0xce ./Src/fpu.o
 .debug_macro   0x0000fec0      0x2ce ./Src/main.o
 .debug_macro   0x0001018e       0x16 ./Src/main.o
 .debug_macro   0x000101a4       0x9e ./Src/main.o
 .debug_macro   0x00010242      0x112 ./Src/main.o
 .debug_macro   0x00010354       0x10 ./Src/main.o
 .debug_macro   0x00010364       0x16 ./Src/main.o
 .debug_macro   0x0001037a       0x16 ./Src/main.o
 .debug_macro   0x00010390      0x146 ./Src/main.o
 .debug_macro   0x000104d6       0xdb ./Src/main.o
 .debug_macro   0x000105b1       0xa0 ./Src/main.o
 .debug_macro   0x00010651      0x136 ./Src/sd_card_driver.o
 .debug_macro   0x00010787       0xf6 ./Src/sd_card_spi.o
 .debug_macro   0x0001087d       0xfb ./Src/spi.o
 .debug_macro   0x00010978      0x274 ./Src/syscalls.o
 .debug_macro   0x00010bec       0x10 ./Src/syscalls.o
 .debug_macro   0x00010bfc       0x10 ./Src/syscalls.o
 .debug_macro   0x00010c0c       0x10 ./Src/syscalls.o
 .debug_macro   0x00010c1c       0x10 ./Src/syscalls.o
 .debug_macro   0x00010c2c       0x1c ./Src/syscalls.o
 .debug_macro   0x00010c48       0x52 ./Src/syscalls.o
 .debug_macro   0x00010c9a       0x22 ./Src/syscalls.o
 .debug_macro   0x00010cbc       0x10 ./Src/syscalls.o
 .debug_macro   0x00010ccc       0x52 ./Src/syscalls.o
 .debug_macro   0x00010d1e       0xcf ./Src/syscalls.o
 .debug_macro   0x00010ded       0x1c ./Src/syscalls.o
 .debug_macro   0x00010e09       0x3d ./Src/syscalls.o
 .debug_macro   0x00010e46       0x35 ./Src/syscalls.o
 .debug_macro   0x00010e7b      0x12c ./Src/syscalls.o
 .debug_macro   0x00010fa7       0x10 ./Src/syscalls.o
 .debug_macro   0x00010fb7      0x242 ./Src/syscalls.o
 .debug_macro   0x000111f9       0x1c ./Src/syscalls.o
 .debug_macro   0x00011215       0x10 ./Src/syscalls.o
 .debug_macro   0x00011225      0x18a ./Src/syscalls.o
 .debug_macro   0x000113af       0x16 ./Src/syscalls.o
 .debug_macro   0x000113c5       0xce ./Src/syscalls.o
 .debug_macro   0x00011493      0x112 ./Src/sysmem.o
 .debug_macro   0x000115a5      0x23c ./Src/sysmem.o
 .debug_macro   0x000117e1      0x108 ./Src/timebase.o
 .debug_macro   0x000118e9      0x108 ./Src/uart.o

.debug_line     0x00000000     0xcba1
 .debug_line    0x00000000      0x71d ./FatFsCore/App/fatfs_app.o
 .debug_line    0x0000071d      0x794 ./FatFsCore/Target/user_diskio.o
 .debug_line    0x00000eb1      0x704 ./Middlewares/Third_Party/FatFs/src/diskio.o
 .debug_line    0x000015b5     0x3b27 ./Middlewares/Third_Party/FatFs/src/ff.o
 .debug_line    0x000050dc      0x722 ./Middlewares/Third_Party/FatFs/src/ff_gen_drv.o
 .debug_line    0x000057fe      0x72e ./Middlewares/Third_Party/FatFs/src/option/ccsbcs.o
 .debug_line    0x00005f2c      0x655 ./Middlewares/Third_Party/FatFs/src/option/syscall.o
 .debug_line    0x00006581      0x666 ./Src/adc.o
 .debug_line    0x00006be7      0x687 ./Src/bsp.o
 .debug_line    0x0000726e      0xd37 ./Src/flash_driver.o
 .debug_line    0x00007fa5      0x5f3 ./Src/fpu.o
 .debug_line    0x00008598      0xba5 ./Src/main.o
 .debug_line    0x0000913d      0xdb7 ./Src/sd_card_driver.o
 .debug_line    0x00009ef4      0x68f ./Src/sd_card_spi.o
 .debug_line    0x0000a583      0x996 ./Src/spi.o
 .debug_line    0x0000af19      0x8a7 ./Src/syscalls.o
 .debug_line    0x0000b7c0      0x583 ./Src/sysmem.o
 .debug_line    0x0000bd43      0x708 ./Src/timebase.o
 .debug_line    0x0000c44b      0x6db ./Src/uart.o
 .debug_line    0x0000cb26       0x7b ./Startup/startup_stm32f401retx.o

.debug_str      0x00000000    0x57e03
 .debug_str     0x00000000    0x57e03 ./FatFsCore/App/fatfs_app.o
                               0x7af0 (size before relaxing)
 .debug_str     0x00057e03     0x7d36 ./FatFsCore/Target/user_diskio.o
 .debug_str     0x00057e03     0x7afc ./Middlewares/Third_Party/FatFs/src/diskio.o
 .debug_str     0x00057e03     0x8341 ./Middlewares/Third_Party/FatFs/src/ff.o
 .debug_str     0x00057e03     0x7b30 ./Middlewares/Third_Party/FatFs/src/ff_gen_drv.o
 .debug_str     0x00057e03     0x6d83 ./Middlewares/Third_Party/FatFs/src/option/ccsbcs.o
 .debug_str     0x00057e03     0x6d8a ./Middlewares/Third_Party/FatFs/src/option/syscall.o
 .debug_str     0x00057e03    0x4f33d ./Src/adc.o
 .debug_str     0x00057e03    0x4f30b ./Src/bsp.o
 .debug_str     0x00057e03    0x5306d ./Src/flash_driver.o
 .debug_str     0x00057e03    0x4f166 ./Src/fpu.o
 .debug_str     0x00057e03    0x53f32 ./Src/main.o
 .debug_str     0x00057e03    0x4fb15 ./Src/sd_card_driver.o
 .debug_str     0x00057e03    0x4f6ec ./Src/sd_card_spi.o
 .debug_str     0x00057e03    0x4fa69 ./Src/spi.o
 .debug_str     0x00057e03     0x9a48 ./Src/syscalls.o
 .debug_str     0x00057e03     0x77e6 ./Src/sysmem.o
 .debug_str     0x00057e03    0x4f299 ./Src/timebase.o
 .debug_str     0x00057e03    0x4f349 ./Src/uart.o
 .debug_str     0x00057e03       0xc7 ./Startup/startup_stm32f401retx.o

.comment        0x00000000       0x43
 .comment       0x00000000       0x43 ./FatFsCore/App/fatfs_app.o
                                 0x44 (size before relaxing)
 .comment       0x00000043       0x44 ./FatFsCore/Target/user_diskio.o
 .comment       0x00000043       0x44 ./Middlewares/Third_Party/FatFs/src/diskio.o
 .comment       0x00000043       0x44 ./Middlewares/Third_Party/FatFs/src/ff.o
 .comment       0x00000043       0x44 ./Middlewares/Third_Party/FatFs/src/ff_gen_drv.o
 .comment       0x00000043       0x44 ./Middlewares/Third_Party/FatFs/src/option/ccsbcs.o
 .comment       0x00000043       0x44 ./Middlewares/Third_Party/FatFs/src/option/syscall.o
 .comment       0x00000043       0x44 ./Src/adc.o
 .comment       0x00000043       0x44 ./Src/bsp.o
 .comment       0x00000043       0x44 ./Src/flash_driver.o
 .comment       0x00000043       0x44 ./Src/fpu.o
 .comment       0x00000043       0x44 ./Src/main.o
 .comment       0x00000043       0x44 ./Src/sd_card_driver.o
 .comment       0x00000043       0x44 ./Src/sd_card_spi.o
 .comment       0x00000043       0x44 ./Src/spi.o
 .comment       0x00000043       0x44 ./Src/syscalls.o
 .comment       0x00000043       0x44 ./Src/sysmem.o
 .comment       0x00000043       0x44 ./Src/timebase.o
 .comment       0x00000043       0x44 ./Src/uart.o

.debug_frame    0x00000000     0x233c
 .debug_frame   0x00000000       0x4c ./FatFsCore/App/fatfs_app.o
 .debug_frame   0x0000004c       0xc4 ./FatFsCore/Target/user_diskio.o
 .debug_frame   0x00000110       0xec ./Middlewares/Third_Party/FatFs/src/diskio.o
 .debug_frame   0x000001fc      0xa0c ./Middlewares/Third_Party/FatFs/src/ff.o
 .debug_frame   0x00000c08       0xc8 ./Middlewares/Third_Party/FatFs/src/ff_gen_drv.o
 .debug_frame   0x00000cd0       0x60 ./Middlewares/Third_Party/FatFs/src/option/ccsbcs.o
 .debug_frame   0x00000d30       0x58 ./Middlewares/Third_Party/FatFs/src/option/syscall.o
 .debug_frame   0x00000d88       0x70 ./Src/adc.o
 .debug_frame   0x00000df8       0xb0 ./Src/bsp.o
 .debug_frame   0x00000ea8      0x350 ./Src/flash_driver.o
 .debug_frame   0x000011f8       0x30 ./Src/fpu.o
 .debug_frame   0x00001228       0x98 ./Src/main.o
 .debug_frame   0x000012c0      0x28c ./Src/sd_card_driver.o
 .debug_frame   0x0000154c       0x8c ./Src/sd_card_spi.o
 .debug_frame   0x000015d8       0xa0 ./Src/spi.o
 .debug_frame   0x00001678      0x2ac ./Src/syscalls.o
 .debug_frame   0x00001924       0x34 ./Src/sysmem.o
 .debug_frame   0x00001958       0xd0 ./Src/timebase.o
 .debug_frame   0x00001a28       0xc4 ./Src/uart.o
 .debug_frame   0x00001aec       0x20 C:/ST/STM32CubeIDE_1.18.1/STM32CubeIDE/plugins/com.st.stm32cube.ide.mcu.externaltools.gnu-tools-for-stm32.13.3.rel1.win32_1.0.0.202411081344/tools/bin/../lib/gcc/arm-none-eabi/13.3.1/../../../../arm-none-eabi/lib/thumb/v7e-m+fp/hard\libc_nano.a(libc_a-calloc.o)
 .debug_frame   0x00001b0c       0x2c C:/ST/STM32CubeIDE_1.18.1/STM32CubeIDE/plugins/com.st.stm32cube.ide.mcu.externaltools.gnu-tools-for-stm32.13.3.rel1.win32_1.0.0.202411081344/tools/bin/../lib/gcc/arm-none-eabi/13.3.1/../../../../arm-none-eabi/lib/thumb/v7e-m+fp/hard\libc_nano.a(libc_a-callocr.o)
 .debug_frame   0x00001b38       0x30 C:/ST/STM32CubeIDE_1.18.1/STM32CubeIDE/plugins/com.st.stm32cube.ide.mcu.externaltools.gnu-tools-for-stm32.13.3.rel1.win32_1.0.0.202411081344/tools/bin/../lib/gcc/arm-none-eabi/13.3.1/../../../../arm-none-eabi/lib/thumb/v7e-m+fp/hard\libc_nano.a(libc_a-malloc.o)
 .debug_frame   0x00001b68       0x50 C:/ST/STM32CubeIDE_1.18.1/STM32CubeIDE/plugins/com.st.stm32cube.ide.mcu.externaltools.gnu-tools-for-stm32.13.3.rel1.win32_1.0.0.202411081344/tools/bin/../lib/gcc/arm-none-eabi/13.3.1/../../../../arm-none-eabi/lib/thumb/v7e-m+fp/hard\libc_nano.a(libc_a-mallocr.o)
 .debug_frame   0x00001bb8       0x30 C:/ST/STM32CubeIDE_1.18.1/STM32CubeIDE/plugins/com.st.stm32cube.ide.mcu.externaltools.gnu-tools-for-stm32.13.3.rel1.win32_1.0.0.202411081344/tools/bin/../lib/gcc/arm-none-eabi/13.3.1/../../../../arm-none-eabi/lib/thumb/v7e-m+fp/hard\libc_nano.a(libc_a-mlock.o)
 .debug_frame   0x00001be8      0x144 C:/ST/STM32CubeIDE_1.18.1/STM32CubeIDE/plugins/com.st.stm32cube.ide.mcu.externaltools.gnu-tools-for-stm32.13.3.rel1.win32_1.0.0.202411081344/tools/bin/../lib/gcc/arm-none-eabi/13.3.1/../../../../arm-none-eabi/lib/thumb/v7e-m+fp/hard\libc_nano.a(libc_a-findfp.o)
 .debug_frame   0x00001d2c       0x34 C:/ST/STM32CubeIDE_1.18.1/STM32CubeIDE/plugins/com.st.stm32cube.ide.mcu.externaltools.gnu-tools-for-stm32.13.3.rel1.win32_1.0.0.202411081344/tools/bin/../lib/gcc/arm-none-eabi/13.3.1/../../../../arm-none-eabi/lib/thumb/v7e-m+fp/hard\libc_nano.a(libc_a-fwalk.o)
 .debug_frame   0x00001d60       0x6c C:/ST/STM32CubeIDE_1.18.1/STM32CubeIDE/plugins/com.st.stm32cube.ide.mcu.externaltools.gnu-tools-for-stm32.13.3.rel1.win32_1.0.0.202411081344/tools/bin/../lib/gcc/arm-none-eabi/13.3.1/../../../../arm-none-eabi/lib/thumb/v7e-m+fp/hard\libc_nano.a(libc_a-printf.o)
 .debug_frame   0x00001dcc       0x88 C:/ST/STM32CubeIDE_1.18.1/STM32CubeIDE/plugins/com.st.stm32cube.ide.mcu.externaltools.gnu-tools-for-stm32.13.3.rel1.win32_1.0.0.202411081344/tools/bin/../lib/gcc/arm-none-eabi/13.3.1/../../../../arm-none-eabi/lib/thumb/v7e-m+fp/hard\libc_nano.a(libc_a-stdio.o)
 .debug_frame   0x00001e54       0x20 C:/ST/STM32CubeIDE_1.18.1/STM32CubeIDE/plugins/com.st.stm32cube.ide.mcu.externaltools.gnu-tools-for-stm32.13.3.rel1.win32_1.0.0.202411081344/tools/bin/../lib/gcc/arm-none-eabi/13.3.1/../../../../arm-none-eabi/lib/thumb/v7e-m+fp/hard\libc_nano.a(libc_a-memset.o)
 .debug_frame   0x00001e74       0x2c C:/ST/STM32CubeIDE_1.18.1/STM32CubeIDE/plugins/com.st.stm32cube.ide.mcu.externaltools.gnu-tools-for-stm32.13.3.rel1.win32_1.0.0.202411081344/tools/bin/../lib/gcc/arm-none-eabi/13.3.1/../../../../arm-none-eabi/lib/thumb/v7e-m+fp/hard\libc_nano.a(libc_a-closer.o)
 .debug_frame   0x00001ea0       0x38 C:/ST/STM32CubeIDE_1.18.1/STM32CubeIDE/plugins/com.st.stm32cube.ide.mcu.externaltools.gnu-tools-for-stm32.13.3.rel1.win32_1.0.0.202411081344/tools/bin/../lib/gcc/arm-none-eabi/13.3.1/../../../../arm-none-eabi/lib/thumb/v7e-m+fp/hard\libc_nano.a(libc_a-reent.o)
 .debug_frame   0x00001ed8       0x2c C:/ST/STM32CubeIDE_1.18.1/STM32CubeIDE/plugins/com.st.stm32cube.ide.mcu.externaltools.gnu-tools-for-stm32.13.3.rel1.win32_1.0.0.202411081344/tools/bin/../lib/gcc/arm-none-eabi/13.3.1/../../../../arm-none-eabi/lib/thumb/v7e-m+fp/hard\libc_nano.a(libc_a-lseekr.o)
 .debug_frame   0x00001f04       0x2c C:/ST/STM32CubeIDE_1.18.1/STM32CubeIDE/plugins/com.st.stm32cube.ide.mcu.externaltools.gnu-tools-for-stm32.13.3.rel1.win32_1.0.0.202411081344/tools/bin/../lib/gcc/arm-none-eabi/13.3.1/../../../../arm-none-eabi/lib/thumb/v7e-m+fp/hard\libc_nano.a(libc_a-readr.o)
 .debug_frame   0x00001f30       0x2c C:/ST/STM32CubeIDE_1.18.1/STM32CubeIDE/plugins/com.st.stm32cube.ide.mcu.externaltools.gnu-tools-for-stm32.13.3.rel1.win32_1.0.0.202411081344/tools/bin/../lib/gcc/arm-none-eabi/13.3.1/../../../../arm-none-eabi/lib/thumb/v7e-m+fp/hard\libc_nano.a(libc_a-sbrkr.o)
 .debug_frame   0x00001f5c       0x2c C:/ST/STM32CubeIDE_1.18.1/STM32CubeIDE/plugins/com.st.stm32cube.ide.mcu.externaltools.gnu-tools-for-stm32.13.3.rel1.win32_1.0.0.202411081344/tools/bin/../lib/gcc/arm-none-eabi/13.3.1/../../../../arm-none-eabi/lib/thumb/v7e-m+fp/hard\libc_nano.a(libc_a-writer.o)
 .debug_frame   0x00001f88       0x20 C:/ST/STM32CubeIDE_1.18.1/STM32CubeIDE/plugins/com.st.stm32cube.ide.mcu.externaltools.gnu-tools-for-stm32.13.3.rel1.win32_1.0.0.202411081344/tools/bin/../lib/gcc/arm-none-eabi/13.3.1/../../../../arm-none-eabi/lib/thumb/v7e-m+fp/hard\libc_nano.a(libc_a-errno.o)
 .debug_frame   0x00001fa8       0x2c C:/ST/STM32CubeIDE_1.18.1/STM32CubeIDE/plugins/com.st.stm32cube.ide.mcu.externaltools.gnu-tools-for-stm32.13.3.rel1.win32_1.0.0.202411081344/tools/bin/../lib/gcc/arm-none-eabi/13.3.1/../../../../arm-none-eabi/lib/thumb/v7e-m+fp/hard\libc_nano.a(libc_a-init.o)
 .debug_frame   0x00001fd4       0xb0 C:/ST/STM32CubeIDE_1.18.1/STM32CubeIDE/plugins/com.st.stm32cube.ide.mcu.externaltools.gnu-tools-for-stm32.13.3.rel1.win32_1.0.0.202411081344/tools/bin/../lib/gcc/arm-none-eabi/13.3.1/../../../../arm-none-eabi/lib/thumb/v7e-m+fp/hard\libc_nano.a(libc_a-lock.o)
 .debug_frame   0x00002084       0x38 C:/ST/STM32CubeIDE_1.18.1/STM32CubeIDE/plugins/com.st.stm32cube.ide.mcu.externaltools.gnu-tools-for-stm32.13.3.rel1.win32_1.0.0.202411081344/tools/bin/../lib/gcc/arm-none-eabi/13.3.1/../../../../arm-none-eabi/lib/thumb/v7e-m+fp/hard\libc_nano.a(libc_a-freer.o)
 .debug_frame   0x000020bc       0xa8 C:/ST/STM32CubeIDE_1.18.1/STM32CubeIDE/plugins/com.st.stm32cube.ide.mcu.externaltools.gnu-tools-for-stm32.13.3.rel1.win32_1.0.0.202411081344/tools/bin/../lib/gcc/arm-none-eabi/13.3.1/../../../../arm-none-eabi/lib/thumb/v7e-m+fp/hard\libc_nano.a(libc_a-nano-vfprintf.o)
 .debug_frame   0x00002164       0x60 C:/ST/STM32CubeIDE_1.18.1/STM32CubeIDE/plugins/com.st.stm32cube.ide.mcu.externaltools.gnu-tools-for-stm32.13.3.rel1.win32_1.0.0.202411081344/tools/bin/../lib/gcc/arm-none-eabi/13.3.1/../../../../arm-none-eabi/lib/thumb/v7e-m+fp/hard\libc_nano.a(libc_a-nano-vfprintf_i.o)
 .debug_frame   0x000021c4       0x5c C:/ST/STM32CubeIDE_1.18.1/STM32CubeIDE/plugins/com.st.stm32cube.ide.mcu.externaltools.gnu-tools-for-stm32.13.3.rel1.win32_1.0.0.202411081344/tools/bin/../lib/gcc/arm-none-eabi/13.3.1/../../../../arm-none-eabi/lib/thumb/v7e-m+fp/hard\libc_nano.a(libc_a-fflush.o)
 .debug_frame   0x00002220       0x40 C:/ST/STM32CubeIDE_1.18.1/STM32CubeIDE/plugins/com.st.stm32cube.ide.mcu.externaltools.gnu-tools-for-stm32.13.3.rel1.win32_1.0.0.202411081344/tools/bin/../lib/gcc/arm-none-eabi/13.3.1/../../../../arm-none-eabi/lib/thumb/v7e-m+fp/hard\libc_nano.a(libc_a-wbuf.o)
 .debug_frame   0x00002260       0x2c C:/ST/STM32CubeIDE_1.18.1/STM32CubeIDE/plugins/com.st.stm32cube.ide.mcu.externaltools.gnu-tools-for-stm32.13.3.rel1.win32_1.0.0.202411081344/tools/bin/../lib/gcc/arm-none-eabi/13.3.1/../../../../arm-none-eabi/lib/thumb/v7e-m+fp/hard\libc_nano.a(libc_a-wsetup.o)
 .debug_frame   0x0000228c       0x58 C:/ST/STM32CubeIDE_1.18.1/STM32CubeIDE/plugins/com.st.stm32cube.ide.mcu.externaltools.gnu-tools-for-stm32.13.3.rel1.win32_1.0.0.202411081344/tools/bin/../lib/gcc/arm-none-eabi/13.3.1/../../../../arm-none-eabi/lib/thumb/v7e-m+fp/hard\libc_nano.a(libc_a-makebuf.o)
 .debug_frame   0x000022e4       0x2c C:/ST/STM32CubeIDE_1.18.1/STM32CubeIDE/plugins/com.st.stm32cube.ide.mcu.externaltools.gnu-tools-for-stm32.13.3.rel1.win32_1.0.0.202411081344/tools/bin/../lib/gcc/arm-none-eabi/13.3.1/../../../../arm-none-eabi/lib/thumb/v7e-m+fp/hard\libc_nano.a(libc_a-fstatr.o)
 .debug_frame   0x00002310       0x2c C:/ST/STM32CubeIDE_1.18.1/STM32CubeIDE/plugins/com.st.stm32cube.ide.mcu.externaltools.gnu-tools-for-stm32.13.3.rel1.win32_1.0.0.202411081344/tools/bin/../lib/gcc/arm-none-eabi/13.3.1/../../../../arm-none-eabi/lib/thumb/v7e-m+fp/hard\libc_nano.a(libc_a-isattyr.o)

.debug_line_str
                0x00000000       0xab
 .debug_line_str
                0x00000000       0xab ./Startup/startup_stm32f401retx.o